ARM Linker, 5.03 [Build 76] [MDK-ARM Lite]

==============================================================================

Section Cross References

    startup.o(RESET) refers to startup.o(STACK) for StackMem
    startup.o(RESET) refers to entry.o(.ARM.Collect$$$$00000000) for __main
    st7735.o(.text) refers to st7735.o(.data) for RowStart
    st7735.o(.text) refers to st7735.o(.constdata) for Bcmd
    st7735.o(.text) refers to st7735.o(.bss) for Message
    fixed.o(.text) refers to st7735.o(.text) for ST7735_OutString
    fixed.o(.text) refers to printf3.o(i.__0printf$3) for __2printf
    fixed.o(.text) refers to fixed.o(.data) for Xmin
    lab1.o(.text) refers to pll.o(.text) for PLL_Init
    lab1.o(.text) refers to st7735.o(.text) for ST7735_InitR
    lab1.o(.text) refers to printf3.o(i.__0printf$3) for __2printf
    lab1.o(.text) refers to fixed.o(.text) for ST7735_sDecOut3
    lab1.o(.text) refers to lab1.o(.constdata) for outTests1
    entry.o(.ARM.Collect$$$$00000000) refers (Special) to entry10a.o(.ARM.Collect$$$$0000000D) for __rt_final_cpp
    entry.o(.ARM.Collect$$$$00000000) refers (Special) to entry11a.o(.ARM.Collect$$$$0000000F) for __rt_final_exit
    entry.o(.ARM.Collect$$$$00000000) refers (Special) to entry7b.o(.ARM.Collect$$$$00000008) for _main_clock
    entry.o(.ARM.Collect$$$$00000000) refers (Special) to entry8b.o(.ARM.Collect$$$$0000000A) for _main_cpp_init
    entry.o(.ARM.Collect$$$$00000000) refers (Special) to entry9a.o(.ARM.Collect$$$$0000000B) for _main_init
    entry.o(.ARM.Collect$$$$00000000) refers (Special) to entry5.o(.ARM.Collect$$$$00000004) for _main_scatterload
    entry.o(.ARM.Collect$$$$00000000) refers (Special) to entry2.o(.ARM.Collect$$$$00000001) for _main_stk
    printfb.o(i.__0fprintf$bare) refers to printfb.o(i._printf_core) for _printf_core
    printfb.o(i.__0fprintf$bare) refers to st7735.o(.text) for fputc
    printfb.o(i.__0printf$bare) refers to printfb.o(i._printf_core) for _printf_core
    printfb.o(i.__0printf$bare) refers to st7735.o(.text) for fputc
    printfb.o(i.__0printf$bare) refers to stdout.o(.data) for __stdout
    printfb.o(i.__0snprintf$bare) refers to printfb.o(i._printf_core) for _printf_core
    printfb.o(i.__0snprintf$bare) refers to printfb.o(i._snputc) for _snputc
    printfb.o(i.__0sprintf$bare) refers to printfb.o(i._printf_core) for _printf_core
    printfb.o(i.__0sprintf$bare) refers to printfb.o(i._sputc) for _sputc
    printfb.o(i.__0vfprintf$bare) refers to printfb.o(i._printf_core) for _printf_core
    printfb.o(i.__0vfprintf$bare) refers to st7735.o(.text) for fputc
    printfb.o(i.__0vprintf$bare) refers to printfb.o(i._printf_core) for _printf_core
    printfb.o(i.__0vprintf$bare) refers to st7735.o(.text) for fputc
    printfb.o(i.__0vprintf$bare) refers to stdout.o(.data) for __stdout
    printfb.o(i.__0vsnprintf$bare) refers to printfb.o(i._printf_core) for _printf_core
    printfb.o(i.__0vsnprintf$bare) refers to printfb.o(i._snputc) for _snputc
    printfb.o(i.__0vsprintf$bare) refers to printfb.o(i._printf_core) for _printf_core
    printfb.o(i.__0vsprintf$bare) refers to printfb.o(i._sputc) for _sputc
    printf0.o(i.__0fprintf$0) refers to printf0.o(i._printf_core) for _printf_core
    printf0.o(i.__0fprintf$0) refers to st7735.o(.text) for fputc
    printf0.o(i.__0printf$0) refers to printf0.o(i._printf_core) for _printf_core
    printf0.o(i.__0printf$0) refers to st7735.o(.text) for fputc
    printf0.o(i.__0printf$0) refers to stdout.o(.data) for __stdout
    printf0.o(i.__0snprintf$0) refers to printf0.o(i._printf_core) for _printf_core
    printf0.o(i.__0snprintf$0) refers to printf0.o(i._snputc) for _snputc
    printf0.o(i.__0sprintf$0) refers to printf0.o(i._printf_core) for _printf_core
    printf0.o(i.__0sprintf$0) refers to printf0.o(i._sputc) for _sputc
    printf0.o(i.__0vfprintf$0) refers to printf0.o(i._printf_core) for _printf_core
    printf0.o(i.__0vfprintf$0) refers to st7735.o(.text) for fputc
    printf0.o(i.__0vprintf$0) refers to printf0.o(i._printf_core) for _printf_core
    printf0.o(i.__0vprintf$0) refers to st7735.o(.text) for fputc
    printf0.o(i.__0vprintf$0) refers to stdout.o(.data) for __stdout
    printf0.o(i.__0vsnprintf$0) refers to printf0.o(i._printf_core) for _printf_core
    printf0.o(i.__0vsnprintf$0) refers to printf0.o(i._snputc) for _snputc
    printf0.o(i.__0vsprintf$0) refers to printf0.o(i._printf_core) for _printf_core
    printf0.o(i.__0vsprintf$0) refers to printf0.o(i._sputc) for _sputc
    printf1.o(i.__0fprintf$1) refers to printf1.o(i._printf_core) for _printf_core
    printf1.o(i.__0fprintf$1) refers to st7735.o(.text) for fputc
    printf1.o(i.__0printf$1) refers to printf1.o(i._printf_core) for _printf_core
    printf1.o(i.__0printf$1) refers to st7735.o(.text) for fputc
    printf1.o(i.__0printf$1) refers to stdout.o(.data) for __stdout
    printf1.o(i.__0snprintf$1) refers to printf1.o(i._printf_core) for _printf_core
    printf1.o(i.__0snprintf$1) refers to printf1.o(i._snputc) for _snputc
    printf1.o(i.__0sprintf$1) refers to printf1.o(i._printf_core) for _printf_core
    printf1.o(i.__0sprintf$1) refers to printf1.o(i._sputc) for _sputc
    printf1.o(i.__0vfprintf$1) refers to printf1.o(i._printf_core) for _printf_core
    printf1.o(i.__0vfprintf$1) refers to st7735.o(.text) for fputc
    printf1.o(i.__0vprintf$1) refers to printf1.o(i._printf_core) for _printf_core
    printf1.o(i.__0vprintf$1) refers to st7735.o(.text) for fputc
    printf1.o(i.__0vprintf$1) refers to stdout.o(.data) for __stdout
    printf1.o(i.__0vsnprintf$1) refers to printf1.o(i._printf_core) for _printf_core
    printf1.o(i.__0vsnprintf$1) refers to printf1.o(i._snputc) for _snputc
    printf1.o(i.__0vsprintf$1) refers to printf1.o(i._printf_core) for _printf_core
    printf1.o(i.__0vsprintf$1) refers to printf1.o(i._sputc) for _sputc
    printf1.o(i._printf_core) refers to uidiv.o(.text) for __aeabi_uidivmod
    printf2.o(i.__0fprintf$2) refers to printf2.o(i._printf_core) for _printf_core
    printf2.o(i.__0fprintf$2) refers to st7735.o(.text) for fputc
    printf2.o(i.__0printf$2) refers to printf2.o(i._printf_core) for _printf_core
    printf2.o(i.__0printf$2) refers to st7735.o(.text) for fputc
    printf2.o(i.__0printf$2) refers to stdout.o(.data) for __stdout
    printf2.o(i.__0snprintf$2) refers to printf2.o(i._printf_core) for _printf_core
    printf2.o(i.__0snprintf$2) refers to printf2.o(i._snputc) for _snputc
    printf2.o(i.__0sprintf$2) refers to printf2.o(i._printf_core) for _printf_core
    printf2.o(i.__0sprintf$2) refers to printf2.o(i._sputc) for _sputc
    printf2.o(i.__0vfprintf$2) refers to printf2.o(i._printf_core) for _printf_core
    printf2.o(i.__0vfprintf$2) refers to st7735.o(.text) for fputc
    printf2.o(i.__0vprintf$2) refers to printf2.o(i._printf_core) for _printf_core
    printf2.o(i.__0vprintf$2) refers to st7735.o(.text) for fputc
    printf2.o(i.__0vprintf$2) refers to stdout.o(.data) for __stdout
    printf2.o(i.__0vsnprintf$2) refers to printf2.o(i._printf_core) for _printf_core
    printf2.o(i.__0vsnprintf$2) refers to printf2.o(i._snputc) for _snputc
    printf2.o(i.__0vsprintf$2) refers to printf2.o(i._printf_core) for _printf_core
    printf2.o(i.__0vsprintf$2) refers to printf2.o(i._sputc) for _sputc
    printf3.o(i.__0fprintf$3) refers to printf3.o(i._printf_core) for _printf_core
    printf3.o(i.__0fprintf$3) refers to st7735.o(.text) for fputc
    printf3.o(i.__0printf$3) refers to printf3.o(i._printf_core) for _printf_core
    printf3.o(i.__0printf$3) refers to st7735.o(.text) for fputc
    printf3.o(i.__0printf$3) refers to stdout.o(.data) for __stdout
    printf3.o(i.__0snprintf$3) refers to printf3.o(i._printf_core) for _printf_core
    printf3.o(i.__0snprintf$3) refers to printf3.o(i._snputc) for _snputc
    printf3.o(i.__0sprintf$3) refers to printf3.o(i._printf_core) for _printf_core
    printf3.o(i.__0sprintf$3) refers to printf3.o(i._sputc) for _sputc
    printf3.o(i.__0vfprintf$3) refers to printf3.o(i._printf_core) for _printf_core
    printf3.o(i.__0vfprintf$3) refers to st7735.o(.text) for fputc
    printf3.o(i.__0vprintf$3) refers to printf3.o(i._printf_core) for _printf_core
    printf3.o(i.__0vprintf$3) refers to st7735.o(.text) for fputc
    printf3.o(i.__0vprintf$3) refers to stdout.o(.data) for __stdout
    printf3.o(i.__0vsnprintf$3) refers to printf3.o(i._printf_core) for _printf_core
    printf3.o(i.__0vsnprintf$3) refers to printf3.o(i._snputc) for _snputc
    printf3.o(i.__0vsprintf$3) refers to printf3.o(i._printf_core) for _printf_core
    printf3.o(i.__0vsprintf$3) refers to printf3.o(i._sputc) for _sputc
    printf3.o(i._printf_core) refers to uidiv.o(.text) for __aeabi_uidivmod
    printf4.o(i.__0fprintf$4) refers to printf4.o(i._printf_core) for _printf_core
    printf4.o(i.__0fprintf$4) refers to st7735.o(.text) for fputc
    printf4.o(i.__0printf$4) refers to printf4.o(i._printf_core) for _printf_core
    printf4.o(i.__0printf$4) refers to st7735.o(.text) for fputc
    printf4.o(i.__0printf$4) refers to stdout.o(.data) for __stdout
    printf4.o(i.__0snprintf$4) refers to printf4.o(i._printf_core) for _printf_core
    printf4.o(i.__0snprintf$4) refers to printf4.o(i._snputc) for _snputc
    printf4.o(i.__0sprintf$4) refers to printf4.o(i._printf_core) for _printf_core
    printf4.o(i.__0sprintf$4) refers to printf4.o(i._sputc) for _sputc
    printf4.o(i.__0vfprintf$4) refers to printf4.o(i._printf_core) for _printf_core
    printf4.o(i.__0vfprintf$4) refers to st7735.o(.text) for fputc
    printf4.o(i.__0vprintf$4) refers to printf4.o(i._printf_core) for _printf_core
    printf4.o(i.__0vprintf$4) refers to st7735.o(.text) for fputc
    printf4.o(i.__0vprintf$4) refers to stdout.o(.data) for __stdout
    printf4.o(i.__0vsnprintf$4) refers to printf4.o(i._printf_core) for _printf_core
    printf4.o(i.__0vsnprintf$4) refers to printf4.o(i._snputc) for _snputc
    printf4.o(i.__0vsprintf$4) refers to printf4.o(i._printf_core) for _printf_core
    printf4.o(i.__0vsprintf$4) refers to printf4.o(i._sputc) for _sputc
    printf4.o(i._printf_core) refers to uldiv.o(.text) for __aeabi_uldivmod
    printf5.o(i.__0fprintf$5) refers to printf5.o(i._printf_core) for _printf_core
    printf5.o(i.__0fprintf$5) refers to st7735.o(.text) for fputc
    printf5.o(i.__0printf$5) refers to printf5.o(i._printf_core) for _printf_core
    printf5.o(i.__0printf$5) refers to st7735.o(.text) for fputc
    printf5.o(i.__0printf$5) refers to stdout.o(.data) for __stdout
    printf5.o(i.__0snprintf$5) refers to printf5.o(i._printf_core) for _printf_core
    printf5.o(i.__0snprintf$5) refers to printf5.o(i._snputc) for _snputc
    printf5.o(i.__0sprintf$5) refers to printf5.o(i._printf_core) for _printf_core
    printf5.o(i.__0sprintf$5) refers to printf5.o(i._sputc) for _sputc
    printf5.o(i.__0vfprintf$5) refers to printf5.o(i._printf_core) for _printf_core
    printf5.o(i.__0vfprintf$5) refers to st7735.o(.text) for fputc
    printf5.o(i.__0vprintf$5) refers to printf5.o(i._printf_core) for _printf_core
    printf5.o(i.__0vprintf$5) refers to st7735.o(.text) for fputc
    printf5.o(i.__0vprintf$5) refers to stdout.o(.data) for __stdout
    printf5.o(i.__0vsnprintf$5) refers to printf5.o(i._printf_core) for _printf_core
    printf5.o(i.__0vsnprintf$5) refers to printf5.o(i._snputc) for _snputc
    printf5.o(i.__0vsprintf$5) refers to printf5.o(i._printf_core) for _printf_core
    printf5.o(i.__0vsprintf$5) refers to printf5.o(i._sputc) for _sputc
    printf5.o(i._printf_core) refers to uldiv.o(.text) for __aeabi_uldivmod
    printf6.o(i.__0fprintf$6) refers to printf6.o(i._printf_core) for _printf_core
    printf6.o(i.__0fprintf$6) refers to st7735.o(.text) for fputc
    printf6.o(i.__0printf$6) refers to printf6.o(i._printf_core) for _printf_core
    printf6.o(i.__0printf$6) refers to st7735.o(.text) for fputc
    printf6.o(i.__0printf$6) refers to stdout.o(.data) for __stdout
    printf6.o(i.__0snprintf$6) refers to printf6.o(i._printf_core) for _printf_core
    printf6.o(i.__0snprintf$6) refers to printf6.o(i._snputc) for _snputc
    printf6.o(i.__0sprintf$6) refers to printf6.o(i._printf_core) for _printf_core
    printf6.o(i.__0sprintf$6) refers to printf6.o(i._sputc) for _sputc
    printf6.o(i.__0vfprintf$6) refers to printf6.o(i._printf_core) for _printf_core
    printf6.o(i.__0vfprintf$6) refers to st7735.o(.text) for fputc
    printf6.o(i.__0vprintf$6) refers to printf6.o(i._printf_core) for _printf_core
    printf6.o(i.__0vprintf$6) refers to st7735.o(.text) for fputc
    printf6.o(i.__0vprintf$6) refers to stdout.o(.data) for __stdout
    printf6.o(i.__0vsnprintf$6) refers to printf6.o(i._printf_core) for _printf_core
    printf6.o(i.__0vsnprintf$6) refers to printf6.o(i._snputc) for _snputc
    printf6.o(i.__0vsprintf$6) refers to printf6.o(i._printf_core) for _printf_core
    printf6.o(i.__0vsprintf$6) refers to printf6.o(i._sputc) for _sputc
    printf6.o(i._printf_core) refers to printf6.o(i._printf_pre_padding) for _printf_pre_padding
    printf6.o(i._printf_core) refers to uidiv.o(.text) for __aeabi_uidivmod
    printf6.o(i._printf_core) refers to printf6.o(i._printf_post_padding) for _printf_post_padding
    printf7.o(i.__0fprintf$7) refers to printf7.o(i._printf_core) for _printf_core
    printf7.o(i.__0fprintf$7) refers to st7735.o(.text) for fputc
    printf7.o(i.__0printf$7) refers to printf7.o(i._printf_core) for _printf_core
    printf7.o(i.__0printf$7) refers to st7735.o(.text) for fputc
    printf7.o(i.__0printf$7) refers to stdout.o(.data) for __stdout
    printf7.o(i.__0snprintf$7) refers to printf7.o(i._printf_core) for _printf_core
    printf7.o(i.__0snprintf$7) refers to printf7.o(i._snputc) for _snputc
    printf7.o(i.__0sprintf$7) refers to printf7.o(i._printf_core) for _printf_core
    printf7.o(i.__0sprintf$7) refers to printf7.o(i._sputc) for _sputc
    printf7.o(i.__0vfprintf$7) refers to printf7.o(i._printf_core) for _printf_core
    printf7.o(i.__0vfprintf$7) refers to st7735.o(.text) for fputc
    printf7.o(i.__0vprintf$7) refers to printf7.o(i._printf_core) for _printf_core
    printf7.o(i.__0vprintf$7) refers to st7735.o(.text) for fputc
    printf7.o(i.__0vprintf$7) refers to stdout.o(.data) for __stdout
    printf7.o(i.__0vsnprintf$7) refers to printf7.o(i._printf_core) for _printf_core
    printf7.o(i.__0vsnprintf$7) refers to printf7.o(i._snputc) for _snputc
    printf7.o(i.__0vsprintf$7) refers to printf7.o(i._printf_core) for _printf_core
    printf7.o(i.__0vsprintf$7) refers to printf7.o(i._sputc) for _sputc
    printf7.o(i._printf_core) refers to printf7.o(i._printf_pre_padding) for _printf_pre_padding
    printf7.o(i._printf_core) refers to uldiv.o(.text) for __aeabi_uldivmod
    printf7.o(i._printf_core) refers to printf7.o(i._printf_post_padding) for _printf_post_padding
    printf8.o(i.__0fprintf$8) refers to printf8.o(i._printf_core) for _printf_core
    printf8.o(i.__0fprintf$8) refers to st7735.o(.text) for fputc
    printf8.o(i.__0printf$8) refers to printf8.o(i._printf_core) for _printf_core
    printf8.o(i.__0printf$8) refers to st7735.o(.text) for fputc
    printf8.o(i.__0printf$8) refers to stdout.o(.data) for __stdout
    printf8.o(i.__0snprintf$8) refers to printf8.o(i._printf_core) for _printf_core
    printf8.o(i.__0snprintf$8) refers to printf8.o(i._snputc) for _snputc
    printf8.o(i.__0sprintf$8) refers to printf8.o(i._printf_core) for _printf_core
    printf8.o(i.__0sprintf$8) refers to printf8.o(i._sputc) for _sputc
    printf8.o(i.__0vfprintf$8) refers to printf8.o(i._printf_core) for _printf_core
    printf8.o(i.__0vfprintf$8) refers to st7735.o(.text) for fputc
    printf8.o(i.__0vprintf$8) refers to printf8.o(i._printf_core) for _printf_core
    printf8.o(i.__0vprintf$8) refers to st7735.o(.text) for fputc
    printf8.o(i.__0vprintf$8) refers to stdout.o(.data) for __stdout
    printf8.o(i.__0vsnprintf$8) refers to printf8.o(i._printf_core) for _printf_core
    printf8.o(i.__0vsnprintf$8) refers to printf8.o(i._snputc) for _snputc
    printf8.o(i.__0vsprintf$8) refers to printf8.o(i._printf_core) for _printf_core
    printf8.o(i.__0vsprintf$8) refers to printf8.o(i._sputc) for _sputc
    printf8.o(i._printf_core) refers to printf8.o(i._printf_pre_padding) for _printf_pre_padding
    printf8.o(i._printf_core) refers to uldiv.o(.text) for __aeabi_uldivmod
    printf8.o(i._printf_core) refers to printf8.o(i._printf_post_padding) for _printf_post_padding
    printfa.o(i.__0fprintf) refers (Special) to iusefp.o(.text) for __I$use$fp
    printfa.o(i.__0fprintf) refers to printfa.o(i._printf_core) for _printf_core
    printfa.o(i.__0fprintf) refers to st7735.o(.text) for fputc
    printfa.o(i.__0printf) refers (Special) to iusefp.o(.text) for __I$use$fp
    printfa.o(i.__0printf) refers to printfa.o(i._printf_core) for _printf_core
    printfa.o(i.__0printf) refers to st7735.o(.text) for fputc
    printfa.o(i.__0printf) refers to stdout.o(.data) for __stdout
    printfa.o(i.__0snprintf) refers (Special) to iusefp.o(.text) for __I$use$fp
    printfa.o(i.__0snprintf) refers to printfa.o(i._printf_core) for _printf_core
    printfa.o(i.__0snprintf) refers to printfa.o(i._snputc) for _snputc
    printfa.o(i.__0sprintf) refers (Special) to iusefp.o(.text) for __I$use$fp
    printfa.o(i.__0sprintf) refers to printfa.o(i._printf_core) for _printf_core
    printfa.o(i.__0sprintf) refers to printfa.o(i._sputc) for _sputc
    printfa.o(i.__0vfprintf) refers (Special) to iusefp.o(.text) for __I$use$fp
    printfa.o(i.__0vfprintf) refers to printfa.o(i._printf_core) for _printf_core
    printfa.o(i.__0vfprintf) refers to st7735.o(.text) for fputc
    printfa.o(i.__0vprintf) refers (Special) to iusefp.o(.text) for __I$use$fp
    printfa.o(i.__0vprintf) refers to printfa.o(i._printf_core) for _printf_core
    printfa.o(i.__0vprintf) refers to st7735.o(.text) for fputc
    printfa.o(i.__0vprintf) refers to stdout.o(.data) for __stdout
    printfa.o(i.__0vsnprintf) refers (Special) to iusefp.o(.text) for __I$use$fp
    printfa.o(i.__0vsnprintf) refers to printfa.o(i._printf_core) for _printf_core
    printfa.o(i.__0vsnprintf) refers to printfa.o(i._snputc) for _snputc
    printfa.o(i.__0vsprintf) refers (Special) to iusefp.o(.text) for __I$use$fp
    printfa.o(i.__0vsprintf) refers to printfa.o(i._printf_core) for _printf_core
    printfa.o(i.__0vsprintf) refers to printfa.o(i._sputc) for _sputc
    printfa.o(i._fp_digits) refers (Special) to iusefp.o(.text) for __I$use$fp
    printfa.o(i._fp_digits) refers to dmul.o(.text) for __aeabi_dmul
    printfa.o(i._fp_digits) refers to ddiv.o(.text) for __aeabi_ddiv
    printfa.o(i._fp_digits) refers to cdrcmple.o(.text) for __aeabi_cdrcmple
    printfa.o(i._fp_digits) refers to dadd.o(.text) for __aeabi_dadd
    printfa.o(i._fp_digits) refers to dfixul.o(.text) for __aeabi_d2ulz
    printfa.o(i._fp_digits) refers to uldiv.o(.text) for __aeabi_uldivmod
    printfa.o(i._printf_core) refers (Special) to iusefp.o(.text) for __I$use$fp
    printfa.o(i._printf_core) refers to printfa.o(i._printf_pre_padding) for _printf_pre_padding
    printfa.o(i._printf_core) refers to uldiv.o(.text) for __aeabi_uldivmod
    printfa.o(i._printf_core) refers to printfa.o(i._printf_post_padding) for _printf_post_padding
    printfa.o(i._printf_core) refers to printfa.o(i._fp_digits) for _fp_digits
    printfa.o(i._printf_core) refers to uidiv.o(.text) for __aeabi_uidivmod
    printfa.o(i._printf_post_padding) refers (Special) to iusefp.o(.text) for __I$use$fp
    printfa.o(i._printf_pre_padding) refers (Special) to iusefp.o(.text) for __I$use$fp
    printfa.o(i._snputc) refers (Special) to iusefp.o(.text) for __I$use$fp
    printfa.o(i._sputc) refers (Special) to iusefp.o(.text) for __I$use$fp
    entry2.o(.ARM.Collect$$$$00000001) refers to entry2.o(.ARM.Collect$$$$00002712) for __lit__00000000
    entry2.o(.ARM.Collect$$$$00002712) refers to startup.o(STACK) for __initial_sp
    entry2.o(__vectab_stack_and_reset_area) refers to startup.o(STACK) for __initial_sp
    entry2.o(__vectab_stack_and_reset_area) refers to entry.o(.ARM.Collect$$$$00000000) for __main
    entry5.o(.ARM.Collect$$$$00000004) refers to init.o(.text) for __scatterload
    entry9a.o(.ARM.Collect$$$$0000000B) refers to lab1.o(.text) for main
    entry9b.o(.ARM.Collect$$$$0000000C) refers to lab1.o(.text) for main
    uldiv.o(.text) refers to llushr.o(.text) for __aeabi_llsr
    uldiv.o(.text) refers to llshl.o(.text) for __aeabi_llsl
    dadd.o(.text) refers to llshl.o(.text) for __aeabi_llsl
    dadd.o(.text) refers to llsshr.o(.text) for __aeabi_lasr
    dadd.o(.text) refers to depilogue.o(.text) for _double_epilogue
    dmul.o(.text) refers to depilogue.o(.text) for _double_epilogue
    ddiv.o(.text) refers to depilogue.o(.text) for _double_round
    dfixul.o(.text) refers to llushr.o(.text) for __aeabi_llsr
    dfixul.o(.text) refers to llshl.o(.text) for __aeabi_llsl
    init.o(.text) refers to entry5.o(.ARM.Collect$$$$00000004) for __main_after_scatterload
    depilogue.o(.text) refers to llshl.o(.text) for __aeabi_llsl
    depilogue.o(.text) refers to llushr.o(.text) for __aeabi_llsr


==============================================================================

Removing Unused input sections from the image.

    Removing startup.o(HEAP), (0 bytes).
    Removing startup.o(.text), (28 bytes).
    Removing dadd.o(.text), (334 bytes).
    Removing dmul.o(.text), (228 bytes).
    Removing ddiv.o(.text), (222 bytes).
    Removing dfixul.o(.text), (48 bytes).
    Removing cdrcmple.o(.text), (40 bytes).
    Removing depilogue.o(.text), (190 bytes).

8 unused section(s) (total 1090 bytes) removed from the image.

==============================================================================

Image Symbol Table

    Local Symbols

    Symbol Name                              Value     Ov Type        Size  Object(Section)

    RESET                                    0x00000000   Section      668  startup.o(RESET)
    ../clib/microlib/division.c              0x00000000   Number         0  uldiv.o ABSOLUTE
    ../clib/microlib/division.c              0x00000000   Number         0  uidiv.o ABSOLUTE
    ../clib/microlib/init/entry.s            0x00000000   Number         0  entry10b.o ABSOLUTE
    ../clib/microlib/init/entry.s            0x00000000   Number         0  entry11b.o ABSOLUTE
    ../clib/microlib/init/entry.s            0x00000000   Number         0  entry8b.o ABSOLUTE
    ../clib/microlib/init/entry.s            0x00000000   Number         0  entry.o ABSOLUTE
    ../clib/microlib/init/entry.s            0x00000000   Number         0  entry2.o ABSOLUTE
    ../clib/microlib/init/entry.s            0x00000000   Number         0  entry9a.o ABSOLUTE
    ../clib/microlib/init/entry.s            0x00000000   Number         0  entry11a.o ABSOLUTE
    ../clib/microlib/init/entry.s            0x00000000   Number         0  entry10a.o ABSOLUTE
    ../clib/microlib/init/entry.s            0x00000000   Number         0  entry9b.o ABSOLUTE
    ../clib/microlib/init/entry.s            0x00000000   Number         0  entry8a.o ABSOLUTE
    ../clib/microlib/init/entry.s            0x00000000   Number         0  entry7b.o ABSOLUTE
    ../clib/microlib/init/entry.s            0x00000000   Number         0  entry7a.o ABSOLUTE
    ../clib/microlib/init/entry.s            0x00000000   Number         0  entry5.o ABSOLUTE
    ../clib/microlib/longlong.c              0x00000000   Number         0  llshl.o ABSOLUTE
    ../clib/microlib/longlong.c              0x00000000   Number         0  llushr.o ABSOLUTE
    ../clib/microlib/longlong.c              0x00000000   Number         0  llsshr.o ABSOLUTE
    ../clib/microlib/printf/printf.c         0x00000000   Number         0  printf4.o ABSOLUTE
    ../clib/microlib/printf/printf.c         0x00000000   Number         0  printf6.o ABSOLUTE
    ../clib/microlib/printf/printf.c         0x00000000   Number         0  printf5.o ABSOLUTE
    ../clib/microlib/printf/printf.c         0x00000000   Number         0  printf3.o ABSOLUTE
    ../clib/microlib/printf/printf.c         0x00000000   Number         0  printf2.o ABSOLUTE
    ../clib/microlib/printf/printf.c         0x00000000   Number         0  printf7.o ABSOLUTE
    ../clib/microlib/printf/printf.c         0x00000000   Number         0  printf8.o ABSOLUTE
    ../clib/microlib/printf/printf.c         0x00000000   Number         0  printfa.o ABSOLUTE
    ../clib/microlib/printf/printf.c         0x00000000   Number         0  printf1.o ABSOLUTE
    ../clib/microlib/printf/printf.c         0x00000000   Number         0  printf0.o ABSOLUTE
    ../clib/microlib/printf/printf.c         0x00000000   Number         0  printfb.o ABSOLUTE
    ../clib/microlib/printf/stubs.s          0x00000000   Number         0  stubs.o ABSOLUTE
    ../clib/microlib/stdio/streams.c         0x00000000   Number         0  stdout.o ABSOLUTE
    ../clib/microlib/stubs.s                 0x00000000   Number         0  iusefp.o ABSOLUTE
    ../fplib/microlib/fpadd.c                0x00000000   Number         0  dadd.o ABSOLUTE
    ../fplib/microlib/fpdiv.c                0x00000000   Number         0  ddiv.o ABSOLUTE
    ../fplib/microlib/fpepilogue.c           0x00000000   Number         0  depilogue.o ABSOLUTE
    ../fplib/microlib/fpfix.c                0x00000000   Number         0  dfixul.o ABSOLUTE
    ../fplib/microlib/fpmul.c                0x00000000   Number         0  dmul.o ABSOLUTE
    PLL.c                                    0x00000000   Number         0  pll.o ABSOLUTE
    ST7735.c                                 0x00000000   Number         0  st7735.o ABSOLUTE
    cdrcmple.s                               0x00000000   Number         0  cdrcmple.o ABSOLUTE
    dc.s                                     0x00000000   Number         0  dc.o ABSOLUTE
    fixed.c                                  0x00000000   Number         0  fixed.o ABSOLUTE
    handlers.s                               0x00000000   Number         0  handlers.o ABSOLUTE
    init.s                                   0x00000000   Number         0  init.o ABSOLUTE
    lab1.c                                   0x00000000   Number         0  lab1.o ABSOLUTE
    startup.s                                0x00000000   Number         0  startup.o ABSOLUTE
    .ARM.Collect$$$$00000000                 0x0000029c   Section        0  entry.o(.ARM.Collect$$$$00000000)
    .ARM.Collect$$$$00000001                 0x0000029c   Section        4  entry2.o(.ARM.Collect$$$$00000001)
    .ARM.Collect$$$$00000004                 0x000002a0   Section        4  entry5.o(.ARM.Collect$$$$00000004)
    .ARM.Collect$$$$00000008                 0x000002a4   Section        0  entry7b.o(.ARM.Collect$$$$00000008)
    .ARM.Collect$$$$0000000A                 0x000002a4   Section        0  entry8b.o(.ARM.Collect$$$$0000000A)
    .ARM.Collect$$$$0000000B                 0x000002a4   Section        8  entry9a.o(.ARM.Collect$$$$0000000B)
    .ARM.Collect$$$$0000000D                 0x000002ac   Section        0  entry10a.o(.ARM.Collect$$$$0000000D)
    .ARM.Collect$$$$0000000F                 0x000002ac   Section        0  entry11a.o(.ARM.Collect$$$$0000000F)
    .ARM.Collect$$$$00002712                 0x000002ac   Section        4  entry2.o(.ARM.Collect$$$$00002712)
    __lit__00000000                          0x000002ac   Data           4  entry2.o(.ARM.Collect$$$$00002712)
    .text                                    0x000002b0   Section        0  pll.o(.text)
    .text                                    0x0000032c   Section        0  st7735.o(.text)
    writecommand                             0x0000032d   Thumb Code    40  st7735.o(.text)
    writedata                                0x00000355   Thumb Code    24  st7735.o(.text)
    commandList                              0x0000038d   Thumb Code    86  st7735.o(.text)
    commonInit                               0x000003e3   Thumb Code   340  st7735.o(.text)
    setAddrWindow                            0x00000537   Thumb Code   106  st7735.o(.text)
    pushColor                                0x000006f1   Thumb Code    18  st7735.o(.text)
    .text                                    0x00001260   Section        0  fixed.o(.text)
    .text                                    0x000014f8   Section        0  lab1.o(.text)
    .text                                    0x00001724   Section        0  uidiv.o(.text)
    .text                                    0x00001750   Section       36  init.o(.text)
    i.__0printf$3                            0x00001774   Section        0  printf3.o(i.__0printf$3)
    i.__scatterload_copy                     0x00001794   Section       14  handlers.o(i.__scatterload_copy)
    i.__scatterload_null                     0x000017a2   Section        2  handlers.o(i.__scatterload_null)
    i.__scatterload_zeroinit                 0x000017a4   Section       14  handlers.o(i.__scatterload_zeroinit)
    i._printf_core                           0x000017b4   Section        0  printf3.o(i._printf_core)
    _printf_core                             0x000017b5   Thumb Code   436  printf3.o(i._printf_core)
    .constdata                               0x0000196c   Section     2018  st7735.o(.constdata)
    Font                                     0x0000196c   Data        1275  st7735.o(.constdata)
    Bcmd                                     0x00001e67   Data         103  st7735.o(.constdata)
    Rcmd1                                    0x00001ece   Data          59  st7735.o(.constdata)
    Rcmd2green                               0x00001f09   Data          13  st7735.o(.constdata)
    Rcmd2red                                 0x00001f16   Data          13  st7735.o(.constdata)
    Rcmd3                                    0x00001f23   Data          43  st7735.o(.constdata)
    .constdata                               0x00002150   Section     2272  lab1.o(.constdata)
    .data                                    0x20000000   Section       44  st7735.o(.data)
    _width                                   0x2000000a   Data           2  st7735.o(.data)
    _height                                  0x2000000c   Data           2  st7735.o(.data)
    ColStart                                 0x20000014   Data           1  st7735.o(.data)
    RowStart                                 0x20000015   Data           1  st7735.o(.data)
    Rotation                                 0x20000016   Data           1  st7735.o(.data)
    TabColor                                 0x20000017   Data           1  st7735.o(.data)
    .data                                    0x2000002c   Section       16  fixed.o(.data)
    Xmin                                     0x2000002c   Data           4  fixed.o(.data)
    Xmax                                     0x20000030   Data           4  fixed.o(.data)
    Ymin                                     0x20000034   Data           4  fixed.o(.data)
    Ymax                                     0x20000038   Data           4  fixed.o(.data)
    .data                                    0x2000003c   Section        4  stdout.o(.data)
    .bss                                     0x20000040   Section       12  st7735.o(.bss)
    STACK                                    0x20000050   Section     1024  startup.o(STACK)
    StackMem                                 0x20000050   Data           0  startup.o(STACK)

    Global Symbols

    Symbol Name                              Value     Ov Type        Size  Object(Section)

    BuildAttributes$$THM_ISAv4$E$P$D$K$B$S$7EM$PE$A:L22UL41UL21$X:L11$S22US41US21$IEEE1$IW$USESV6$~STKCKD$USESV7$~SHL$OSPACE$ROPI$EBA8$MICROLIB$REQ8$PRES8$EABIv2 0x00000000   Number         0  anon$$obj.o ABSOLUTE
    __ARM_use_no_argv                        0x00000000   Number         0  lab1.o ABSOLUTE
    __Vectors                                0x00000000   Data           0  startup.o(RESET)
    _printf_a                                0x00000000   Number         0  stubs.o ABSOLUTE
    _printf_c                                0x00000000   Number         0  stubs.o ABSOLUTE
    _printf_charcount                        0x00000000   Number         0  stubs.o ABSOLUTE
    _printf_d                                0x00000000   Number         0  stubs.o ABSOLUTE
    _printf_e                                0x00000000   Number         0  stubs.o ABSOLUTE
    _printf_f                                0x00000000   Number         0  stubs.o ABSOLUTE
    _printf_flags                            0x00000000   Number         0  stubs.o ABSOLUTE
    _printf_fp_dec                           0x00000000   Number         0  stubs.o ABSOLUTE
    _printf_fp_hex                           0x00000000   Number         0  stubs.o ABSOLUTE
    _printf_g                                0x00000000   Number         0  stubs.o ABSOLUTE
    _printf_i                                0x00000000   Number         0  stubs.o ABSOLUTE
    _printf_int_dec                          0x00000000   Number         0  stubs.o ABSOLUTE
    _printf_l                                0x00000000   Number         0  stubs.o ABSOLUTE
    _printf_lc                               0x00000000   Number         0  stubs.o ABSOLUTE
    _printf_ll                               0x00000000   Number         0  stubs.o ABSOLUTE
    _printf_lld                              0x00000000   Number         0  stubs.o ABSOLUTE
    _printf_lli                              0x00000000   Number         0  stubs.o ABSOLUTE
    _printf_llo                              0x00000000   Number         0  stubs.o ABSOLUTE
    _printf_llu                              0x00000000   Number         0  stubs.o ABSOLUTE
    _printf_llx                              0x00000000   Number         0  stubs.o ABSOLUTE
    _printf_longlong_dec                     0x00000000   Number         0  stubs.o ABSOLUTE
    _printf_longlong_hex                     0x00000000   Number         0  stubs.o ABSOLUTE
    _printf_longlong_oct                     0x00000000   Number         0  stubs.o ABSOLUTE
    _printf_ls                               0x00000000   Number         0  stubs.o ABSOLUTE
    _printf_mbtowc                           0x00000000   Number         0  stubs.o ABSOLUTE
    _printf_n                                0x00000000   Number         0  stubs.o ABSOLUTE
    _printf_o                                0x00000000   Number         0  stubs.o ABSOLUTE
    _printf_p                                0x00000000   Number         0  stubs.o ABSOLUTE
    _printf_percent                          0x00000000   Number         0  stubs.o ABSOLUTE
    _printf_pre_padding                      0x00000000   Number         0  stubs.o ABSOLUTE
    _printf_return_value                     0x00000000   Number         0  stubs.o ABSOLUTE
    _printf_s                                0x00000000   Number         0  stubs.o ABSOLUTE
    _printf_sizespec                         0x00000000   Number         0  stubs.o ABSOLUTE
    _printf_str                              0x00000000   Number         0  stubs.o ABSOLUTE
    _printf_truncate_signed                  0x00000000   Number         0  stubs.o ABSOLUTE
    _printf_truncate_unsigned                0x00000000   Number         0  stubs.o ABSOLUTE
    _printf_u                                0x00000000   Number         0  stubs.o ABSOLUTE
    _printf_wc                               0x00000000   Number         0  stubs.o ABSOLUTE
    _printf_wctomb                           0x00000000   Number         0  stubs.o ABSOLUTE
    _printf_widthprec                        0x00000000   Number         0  stubs.o ABSOLUTE
    _printf_x                                0x00000000   Number         0  stubs.o ABSOLUTE
    __cpp_initialize__aeabi_                  - Undefined Weak Reference
    __cxa_finalize                            - Undefined Weak Reference
    __decompress                              - Undefined Weak Reference
    _clock_init                               - Undefined Weak Reference
    _microlib_exit                            - Undefined Weak Reference
    Reset_Handler                            0x0000026d   Thumb Code     0  startup.o(RESET)
    NMI_Handler                              0x00000289   Thumb Code     2  startup.o(RESET)
    HardFault_Handler                        0x0000028b   Thumb Code     2  startup.o(RESET)
    MemManage_Handler                        0x0000028d   Thumb Code     2  startup.o(RESET)
    BusFault_Handler                         0x0000028f   Thumb Code     2  startup.o(RESET)
    UsageFault_Handler                       0x00000291   Thumb Code     2  startup.o(RESET)
    SVC_Handler                              0x00000293   Thumb Code     2  startup.o(RESET)
    DebugMon_Handler                         0x00000295   Thumb Code     2  startup.o(RESET)
    PendSV_Handler                           0x00000297   Thumb Code     2  startup.o(RESET)
    SysTick_Handler                          0x00000299   Thumb Code     2  startup.o(RESET)
    ADC0Seq0_Handler                         0x0000029b   Thumb Code     0  startup.o(RESET)
    ADC0Seq1_Handler                         0x0000029b   Thumb Code     0  startup.o(RESET)
    ADC0Seq2_Handler                         0x0000029b   Thumb Code     0  startup.o(RESET)
    ADC0Seq3_Handler                         0x0000029b   Thumb Code     0  startup.o(RESET)
    ADC1Seq0_Handler                         0x0000029b   Thumb Code     0  startup.o(RESET)
    ADC1Seq1_Handler                         0x0000029b   Thumb Code     0  startup.o(RESET)
    ADC1Seq2_Handler                         0x0000029b   Thumb Code     0  startup.o(RESET)
    ADC1Seq3_Handler                         0x0000029b   Thumb Code     0  startup.o(RESET)
    CAN0_Handler                             0x0000029b   Thumb Code     0  startup.o(RESET)
    CAN1_Handler                             0x0000029b   Thumb Code     0  startup.o(RESET)
    CAN2_Handler                             0x0000029b   Thumb Code     0  startup.o(RESET)
    Comp0_Handler                            0x0000029b   Thumb Code     0  startup.o(RESET)
    Comp1_Handler                            0x0000029b   Thumb Code     0  startup.o(RESET)
    Comp2_Handler                            0x0000029b   Thumb Code     0  startup.o(RESET)
    Ethernet_Handler                         0x0000029b   Thumb Code     0  startup.o(RESET)
    ExtBus_Handler                           0x0000029b   Thumb Code     0  startup.o(RESET)
    FPU_Handler                              0x0000029b   Thumb Code     0  startup.o(RESET)
    Fan0_Handler                             0x0000029b   Thumb Code     0  startup.o(RESET)
    FlashCtl_Handler                         0x0000029b   Thumb Code     0  startup.o(RESET)
    GPIOPortA_Handler                        0x0000029b   Thumb Code     0  startup.o(RESET)
    GPIOPortB_Handler                        0x0000029b   Thumb Code     0  startup.o(RESET)
    GPIOPortC_Handler                        0x0000029b   Thumb Code     0  startup.o(RESET)
    GPIOPortD_Handler                        0x0000029b   Thumb Code     0  startup.o(RESET)
    GPIOPortE_Handler                        0x0000029b   Thumb Code     0  startup.o(RESET)
    GPIOPortF_Handler                        0x0000029b   Thumb Code     0  startup.o(RESET)
    GPIOPortG_Handler                        0x0000029b   Thumb Code     0  startup.o(RESET)
    GPIOPortH_Handler                        0x0000029b   Thumb Code     0  startup.o(RESET)
    GPIOPortJ_Handler                        0x0000029b   Thumb Code     0  startup.o(RESET)
    GPIOPortK_Handler                        0x0000029b   Thumb Code     0  startup.o(RESET)
    GPIOPortL_Handler                        0x0000029b   Thumb Code     0  startup.o(RESET)
    GPIOPortM_Handler                        0x0000029b   Thumb Code     0  startup.o(RESET)
    GPIOPortN_Handler                        0x0000029b   Thumb Code     0  startup.o(RESET)
    GPIOPortP1_Handler                       0x0000029b   Thumb Code     0  startup.o(RESET)
    GPIOPortP2_Handler                       0x0000029b   Thumb Code     0  startup.o(RESET)
    GPIOPortP3_Handler                       0x0000029b   Thumb Code     0  startup.o(RESET)
    GPIOPortP4_Handler                       0x0000029b   Thumb Code     0  startup.o(RESET)
    GPIOPortP5_Handler                       0x0000029b   Thumb Code     0  startup.o(RESET)
    GPIOPortP6_Handler                       0x0000029b   Thumb Code     0  startup.o(RESET)
    GPIOPortP7_Handler                       0x0000029b   Thumb Code     0  startup.o(RESET)
    GPIOPortP_Handler                        0x0000029b   Thumb Code     0  startup.o(RESET)
    GPIOPortQ1_Handler                       0x0000029b   Thumb Code     0  startup.o(RESET)
    GPIOPortQ2_Handler                       0x0000029b   Thumb Code     0  startup.o(RESET)
    GPIOPortQ3_Handler                       0x0000029b   Thumb Code     0  startup.o(RESET)
    GPIOPortQ4_Handler                       0x0000029b   Thumb Code     0  startup.o(RESET)
    GPIOPortQ5_Handler                       0x0000029b   Thumb Code     0  startup.o(RESET)
    GPIOPortQ6_Handler                       0x0000029b   Thumb Code     0  startup.o(RESET)
    GPIOPortQ7_Handler                       0x0000029b   Thumb Code     0  startup.o(RESET)
    GPIOPortQ_Handler                        0x0000029b   Thumb Code     0  startup.o(RESET)
    GPIOPortR_Handler                        0x0000029b   Thumb Code     0  startup.o(RESET)
    GPIOPortS_Handler                        0x0000029b   Thumb Code     0  startup.o(RESET)
    Hibernate_Handler                        0x0000029b   Thumb Code     0  startup.o(RESET)
    I2C0_Handler                             0x0000029b   Thumb Code     0  startup.o(RESET)
    I2C1_Handler                             0x0000029b   Thumb Code     0  startup.o(RESET)
    I2C2_Handler                             0x0000029b   Thumb Code     0  startup.o(RESET)
    I2C3_Handler                             0x0000029b   Thumb Code     0  startup.o(RESET)
    I2C4_Handler                             0x0000029b   Thumb Code     0  startup.o(RESET)
    I2C5_Handler                             0x0000029b   Thumb Code     0  startup.o(RESET)
    I2S0_Handler                             0x0000029b   Thumb Code     0  startup.o(RESET)
    LPC0_Handler                             0x0000029b   Thumb Code     0  startup.o(RESET)
    PECI0_Handler                            0x0000029b   Thumb Code     0  startup.o(RESET)
    PWM0Fault_Handler                        0x0000029b   Thumb Code     0  startup.o(RESET)
    PWM0Generator0_Handler                   0x0000029b   Thumb Code     0  startup.o(RESET)
    PWM0Generator1_Handler                   0x0000029b   Thumb Code     0  startup.o(RESET)
    PWM0Generator2_Handler                   0x0000029b   Thumb Code     0  startup.o(RESET)
    PWM0Generator3_Handler                   0x0000029b   Thumb Code     0  startup.o(RESET)
    PWM1Fault_Handler                        0x0000029b   Thumb Code     0  startup.o(RESET)
    PWM1Generator0_Handler                   0x0000029b   Thumb Code     0  startup.o(RESET)
    PWM1Generator1_Handler                   0x0000029b   Thumb Code     0  startup.o(RESET)
    PWM1Generator2_Handler                   0x0000029b   Thumb Code     0  startup.o(RESET)
    PWM1Generator3_Handler                   0x0000029b   Thumb Code     0  startup.o(RESET)
    Quadrature0_Handler                      0x0000029b   Thumb Code     0  startup.o(RESET)
    Quadrature1_Handler                      0x0000029b   Thumb Code     0  startup.o(RESET)
    Quadrature2_Handler                      0x0000029b   Thumb Code     0  startup.o(RESET)
    SSI0_Handler                             0x0000029b   Thumb Code     0  startup.o(RESET)
    SSI1_Handler                             0x0000029b   Thumb Code     0  startup.o(RESET)
    SSI2_Handler                             0x0000029b   Thumb Code     0  startup.o(RESET)
    SSI3_Handler                             0x0000029b   Thumb Code     0  startup.o(RESET)
    SysCtl_Handler                           0x0000029b   Thumb Code     0  startup.o(RESET)
    Timer0A_Handler                          0x0000029b   Thumb Code     0  startup.o(RESET)
    Timer0B_Handler                          0x0000029b   Thumb Code     0  startup.o(RESET)
    Timer1A_Handler                          0x0000029b   Thumb Code     0  startup.o(RESET)
    Timer1B_Handler                          0x0000029b   Thumb Code     0  startup.o(RESET)
    Timer2A_Handler                          0x0000029b   Thumb Code     0  startup.o(RESET)
    Timer2B_Handler                          0x0000029b   Thumb Code     0  startup.o(RESET)
    Timer3A_Handler                          0x0000029b   Thumb Code     0  startup.o(RESET)
    Timer3B_Handler                          0x0000029b   Thumb Code     0  startup.o(RESET)
    Timer4A_Handler                          0x0000029b   Thumb Code     0  startup.o(RESET)
    Timer4B_Handler                          0x0000029b   Thumb Code     0  startup.o(RESET)
    Timer5A_Handler                          0x0000029b   Thumb Code     0  startup.o(RESET)
    Timer5B_Handler                          0x0000029b   Thumb Code     0  startup.o(RESET)
    UART0_Handler                            0x0000029b   Thumb Code     0  startup.o(RESET)
    UART1_Handler                            0x0000029b   Thumb Code     0  startup.o(RESET)
    UART2_Handler                            0x0000029b   Thumb Code     0  startup.o(RESET)
    UART3_Handler                            0x0000029b   Thumb Code     0  startup.o(RESET)
    UART4_Handler                            0x0000029b   Thumb Code     0  startup.o(RESET)
    UART5_Handler                            0x0000029b   Thumb Code     0  startup.o(RESET)
    UART6_Handler                            0x0000029b   Thumb Code     0  startup.o(RESET)
    UART7_Handler                            0x0000029b   Thumb Code     0  startup.o(RESET)
    USB0_Handler                             0x0000029b   Thumb Code     0  startup.o(RESET)
    WDT_Handler                              0x0000029b   Thumb Code     0  startup.o(RESET)
    WideTimer0A_Handler                      0x0000029b   Thumb Code     0  startup.o(RESET)
    WideTimer0B_Handler                      0x0000029b   Thumb Code     0  startup.o(RESET)
    WideTimer1A_Handler                      0x0000029b   Thumb Code     0  startup.o(RESET)
    WideTimer1B_Handler                      0x0000029b   Thumb Code     0  startup.o(RESET)
    WideTimer2A_Handler                      0x0000029b   Thumb Code     0  startup.o(RESET)
    WideTimer2B_Handler                      0x0000029b   Thumb Code     0  startup.o(RESET)
    WideTimer3A_Handler                      0x0000029b   Thumb Code     0  startup.o(RESET)
    WideTimer3B_Handler                      0x0000029b   Thumb Code     0  startup.o(RESET)
    WideTimer4A_Handler                      0x0000029b   Thumb Code     0  startup.o(RESET)
    WideTimer4B_Handler                      0x0000029b   Thumb Code     0  startup.o(RESET)
    WideTimer5A_Handler                      0x0000029b   Thumb Code     0  startup.o(RESET)
    WideTimer5B_Handler                      0x0000029b   Thumb Code     0  startup.o(RESET)
    uDMA_Error                               0x0000029b   Thumb Code     0  startup.o(RESET)
    uDMA_Handler                             0x0000029b   Thumb Code     0  startup.o(RESET)
    __main                                   0x0000029d   Thumb Code     0  entry.o(.ARM.Collect$$$$00000000)
    _main_stk                                0x0000029d   Thumb Code     0  entry2.o(.ARM.Collect$$$$00000001)
    _main_scatterload                        0x000002a1   Thumb Code     0  entry5.o(.ARM.Collect$$$$00000004)
    __main_after_scatterload                 0x000002a5   Thumb Code     0  entry5.o(.ARM.Collect$$$$00000004)
    _main_clock                              0x000002a5   Thumb Code     0  entry7b.o(.ARM.Collect$$$$00000008)
    _main_cpp_init                           0x000002a5   Thumb Code     0  entry8b.o(.ARM.Collect$$$$0000000A)
    _main_init                               0x000002a5   Thumb Code     0  entry9a.o(.ARM.Collect$$$$0000000B)
    __rt_final_cpp                           0x000002ad   Thumb Code     0  entry10a.o(.ARM.Collect$$$$0000000D)
    __rt_final_exit                          0x000002ad   Thumb Code     0  entry11a.o(.ARM.Collect$$$$0000000F)
    PLL_Init                                 0x000002b1   Thumb Code   118  pll.o(.text)
    Delay1ms                                 0x0000036d   Thumb Code    32  st7735.o(.text)
    ST7735_FillRect                          0x000005a1   Thumb Code   164  st7735.o(.text)
    ST7735_FillScreen                        0x00000645   Thumb Code    28  st7735.o(.text)
    ST7735_SetCursor                         0x00000661   Thumb Code    22  st7735.o(.text)
    ST7735_InitB                             0x00000677   Thumb Code    32  st7735.o(.text)
    ST7735_InitR                             0x00000697   Thumb Code    90  st7735.o(.text)
    ST7735_DrawPixel                         0x00000703   Thumb Code   162  st7735.o(.text)
    ST7735_DrawFastVLine                     0x000007a5   Thumb Code   116  st7735.o(.text)
    ST7735_DrawFastHLine                     0x00000819   Thumb Code   116  st7735.o(.text)
    ST7735_Color565                          0x0000088d   Thumb Code    24  st7735.o(.text)
    ST7735_SwapColor                         0x000008a5   Thumb Code    18  st7735.o(.text)
    ST7735_DrawBitmap                        0x000008b7   Thumb Code   280  st7735.o(.text)
    ST7735_DrawCharS                         0x000009cf   Thumb Code   232  st7735.o(.text)
    ST7735_DrawChar                          0x00000ab7   Thumb Code   270  st7735.o(.text)
    ST7735_DrawString                        0x00000bc5   Thumb Code    84  st7735.o(.text)
    fillmessage                              0x00000c19   Thumb Code    64  st7735.o(.text)
    ST7735_OutUDec                           0x00000c59   Thumb Code   118  st7735.o(.text)
    ST7735_SetRotation                       0x00000ccf   Thumb Code   196  st7735.o(.text)
    ST7735_InvertDisplay                     0x00000d93   Thumb Code    22  st7735.o(.text)
    ST7735_PlotClear                         0x00000da9   Thumb Code    74  st7735.o(.text)
    ST7735_PlotPoint                         0x00000df3   Thumb Code   136  st7735.o(.text)
    ST7735_PlotLine                          0x00000e7b   Thumb Code   242  st7735.o(.text)
    ST7735_PlotPoints                        0x00000f6d   Thumb Code   154  st7735.o(.text)
    ST7735_PlotBar                           0x00001007   Thumb Code   132  st7735.o(.text)
    ST7735_PlotdBfs                          0x0000108b   Thumb Code    52  st7735.o(.text)
    ST7735_PlotNext                          0x000010bf   Thumb Code    28  st7735.o(.text)
    ST7735_PlotNextErase                     0x000010db   Thumb Code    58  st7735.o(.text)
    ST7735_OutChar                           0x00001115   Thumb Code   176  st7735.o(.text)
    ST7735_OutString                         0x000011c5   Thumb Code    22  st7735.o(.text)
    ST7735_SetTextColor                      0x000011db   Thumb Code     6  st7735.o(.text)
    fputc                                    0x000011e1   Thumb Code    16  st7735.o(.text)
    fgetc                                    0x000011f1   Thumb Code     6  st7735.o(.text)
    ferror                                   0x000011f7   Thumb Code     8  st7735.o(.text)
    Output_Init                              0x000011ff   Thumb Code    16  st7735.o(.text)
    Output_Clear                             0x0000120f   Thumb Code    10  st7735.o(.text)
    Output_Off                               0x00001219   Thumb Code     8  st7735.o(.text)
    Output_On                                0x00001221   Thumb Code     8  st7735.o(.text)
    Output_Color                             0x00001229   Thumb Code    12  st7735.o(.text)
    ST7735_sDecOut3                          0x00001261   Thumb Code   146  fixed.o(.text)
    ST7735_uBinOut8                          0x000012f3   Thumb Code   158  fixed.o(.text)
    ST7735_XYplotInit                        0x00001391   Thumb Code    86  fixed.o(.text)
    ST7735_XYplot                            0x000013e7   Thumb Code   204  fixed.o(.text)
    DelayWait10ms                            0x000014f9   Thumb Code    32  lab1.o(.text)
    Pause                                    0x00001519   Thumb Code    36  lab1.o(.text)
    PortF_Init                               0x0000153d   Thumb Code   110  lab1.o(.text)
    main                                     0x000015ab   Thumb Code   202  lab1.o(.text)
    main4                                    0x00001675   Thumb Code    26  lab1.o(.text)
    main5                                    0x0000168f   Thumb Code    26  lab1.o(.text)
    __aeabi_uidiv                            0x00001725   Thumb Code     0  uidiv.o(.text)
    __aeabi_uidivmod                         0x00001725   Thumb Code    44  uidiv.o(.text)
    __scatterload                            0x00001751   Thumb Code    28  init.o(.text)
    __scatterload_rt2                        0x00001751   Thumb Code     0  init.o(.text)
    __0printf$3                              0x00001775   Thumb Code    22  printf3.o(i.__0printf$3)
    __1printf$3                              0x00001775   Thumb Code     0  printf3.o(i.__0printf$3)
    __2printf                                0x00001775   Thumb Code     0  printf3.o(i.__0printf$3)
    __scatterload_copy                       0x00001795   Thumb Code    14  handlers.o(i.__scatterload_copy)
    __scatterload_null                       0x000017a3   Thumb Code     2  handlers.o(i.__scatterload_null)
    __scatterload_zeroinit                   0x000017a5   Thumb Code    14  handlers.o(i.__scatterload_zeroinit)
    dBfs                                     0x00001f4e   Data         512  st7735.o(.constdata)
    outTests1                                0x00002150   Data         208  lab1.o(.constdata)
    outTests2                                0x00002220   Data         224  lab1.o(.constdata)
    CircleXbuf                               0x00002300   Data         720  lab1.o(.constdata)
    CircleYbuf                               0x000025d0   Data         720  lab1.o(.constdata)
    StarXbuf                                 0x000028a0   Data         200  lab1.o(.constdata)
    StarYbuf                                 0x00002968   Data         200  lab1.o(.constdata)
    Region$$Table$$Base                      0x00002a30   Number         0  anon$$obj.o(Region$$Table)
    Region$$Table$$Limit                     0x00002a50   Number         0  anon$$obj.o(Region$$Table)
    StX                                      0x20000000   Data           4  st7735.o(.data)
    StY                                      0x20000004   Data           4  st7735.o(.data)
    StTextColor                              0x20000008   Data           2  st7735.o(.data)
    lastj                                    0x20000010   Data           4  st7735.o(.data)
    Messageindex                             0x20000018   Data           4  st7735.o(.data)
    Ymax                                     0x2000001c   Data           4  st7735.o(.data)
    Ymin                                     0x20000020   Data           4  st7735.o(.data)
    X                                        0x20000024   Data           4  st7735.o(.data)
    Yrange                                   0x20000028   Data           4  st7735.o(.data)
    __stdout                                 0x2000003c   Data           4  stdout.o(.data)
    Message                                  0x20000040   Data          12  st7735.o(.bss)
    __initial_sp                             0x20000450   Data           0  startup.o(STACK)



==============================================================================

Memory Map of the image

  Image Entry point : 0x0000026d

  Load Region LR_1 (Base: 0x00000000, Size: 0x00002a90, Max: 0xffffffff, ABSOLUTE)

    Execution Region ER_RO (Base: 0x00000000, Size: 0x00002a50, Max: 0xffffffff, ABSOLUTE)

    Base Addr    Size         Type   Attr      Idx    E Section Name        Object

    0x00000000   0x0000029c   Code   RO            3  * RESET               startup.o
    0x0000029c   0x00000000   Code   RO           90  * .ARM.Collect$$$$00000000  mc_w.l(entry.o)
    0x0000029c   0x00000004   Code   RO          354    .ARM.Collect$$$$00000001  mc_w.l(entry2.o)
    0x000002a0   0x00000004   Code   RO          357    .ARM.Collect$$$$00000004  mc_w.l(entry5.o)
    0x000002a4   0x00000000   Code   RO          359    .ARM.Collect$$$$00000008  mc_w.l(entry7b.o)
    0x000002a4   0x00000000   Code   RO          361    .ARM.Collect$$$$0000000A  mc_w.l(entry8b.o)
    0x000002a4   0x00000008   Code   RO          362    .ARM.Collect$$$$0000000B  mc_w.l(entry9a.o)
    0x000002ac   0x00000000   Code   RO          364    .ARM.Collect$$$$0000000D  mc_w.l(entry10a.o)
    0x000002ac   0x00000000   Code   RO          366    .ARM.Collect$$$$0000000F  mc_w.l(entry11a.o)
    0x000002ac   0x00000004   Code   RO          355    .ARM.Collect$$$$00002712  mc_w.l(entry2.o)
    0x000002b0   0x0000007c   Code   RO           12    .text               pll.o
    0x0000032c   0x00000f34   Code   RO           34    .text               st7735.o
    0x00001260   0x00000298   Code   RO           58    .text               fixed.o
    0x000014f8   0x0000022c   Code   RO           72    .text               lab1.o
    0x00001724   0x0000002c   Code   RO          369    .text               mc_w.l(uidiv.o)
    0x00001750   0x00000024   Code   RO          384    .text               mc_w.l(init.o)
    0x00001774   0x00000020   Code   RO          182    i.__0printf$3       mc_w.l(printf3.o)
    0x00001794   0x0000000e   Code   RO          396    i.__scatterload_copy  mc_w.l(handlers.o)
    0x000017a2   0x00000002   Code   RO          397    i.__scatterload_null  mc_w.l(handlers.o)
    0x000017a4   0x0000000e   Code   RO          398    i.__scatterload_zeroinit  mc_w.l(handlers.o)
    0x000017b2   0x00000002   PAD
    0x000017b4   0x000001b8   Code   RO          189    i._printf_core      mc_w.l(printf3.o)
    0x0000196c   0x000007e2   Data   RO           36    .constdata          st7735.o
    0x0000214e   0x00000002   PAD
    0x00002150   0x000008e0   Data   RO           73    .constdata          lab1.o
    0x00002a30   0x00000020   Data   RO          394    Region$$Table       anon$$obj.o


    Execution Region ER_RW (Base: 0x20000000, Size: 0x00000040, Max: 0xffffffff, ABSOLUTE)

    Base Addr    Size         Type   Attr      Idx    E Section Name        Object

    0x20000000   0x0000002c   Data   RW           37    .data               st7735.o
    0x2000002c   0x00000010   Data   RW           59    .data               fixed.o
    0x2000003c   0x00000004   Data   RW          368    .data               mc_w.l(stdout.o)


    Execution Region ER_ZI (Base: 0x20000040, Size: 0x00000410, Max: 0xffffffff, ABSOLUTE)

    Base Addr    Size         Type   Attr      Idx    E Section Name        Object

    0x20000040   0x0000000c   Zero   RW           35    .bss                st7735.o
    0x2000004c   0x00000004   PAD
    0x20000050   0x00000400   Zero   RW            1    STACK               startup.o


==============================================================================

Image component sizes


      Code (inc. data)   RO Data    RW Data    ZI Data      Debug   Object Name

       664         70          0         16          0       2474   fixed.o
       556        124       2272          0          0       2388   lab1.o
       124          6          0          0          0       4631   pll.o
      3892        210       2018         44         12      16479   st7735.o
       668        620          0          0       1024        716   startup.o

    ----------------------------------------------------------------------
      5904       1030       4324         60       1040      26688   Object Totals
         0          0         32          0          0          0   (incl. Generated)
         0          0          2          0          4          0   (incl. Padding)

    ----------------------------------------------------------------------

      Code (inc. data)   RO Data    RW Data    ZI Data      Debug   Library Member Name

         0          0          0          0          0          0   entry.o
         0          0          0          0          0          0   entry10a.o
         0          0          0          0          0          0   entry11a.o
         8          4          0          0          0          0   entry2.o
         4          0          0          0          0          0   entry5.o
         0          0          0          0          0          0   entry7b.o
         0          0          0          0          0          0   entry8b.o
         8          4          0          0          0          0   entry9a.o
        30          0          0          0          0          0   handlers.o
        36          8          0          0          0         68   init.o
       472         14          0          0          0        180   printf3.o
         0          0          0          4          0          0   stdout.o
        44          0          0          0          0         80   uidiv.o

    ----------------------------------------------------------------------
       604         30          0          4          0        328   Library Totals
         2          0          0          0          0          0   (incl. Padding)

    ----------------------------------------------------------------------

      Code (inc. data)   RO Data    RW Data    ZI Data      Debug   Library Name

       602         30          0          4          0        328   mc_w.l

    ----------------------------------------------------------------------
       604         30          0          4          0        328   Library Totals

    ----------------------------------------------------------------------

==============================================================================


      Code (inc. data)   RO Data    RW Data    ZI Data      Debug   

      6508       1060       4324         64       1040      26600   Grand Totals
      6508       1060       4324         64       1040      26600   ELF Image Totals
      6508       1060       4324         64          0          0   ROM Totals

==============================================================================

    Total RO  Size (Code + RO Data)                10832 (  10.58kB)
    Total RW  Size (RW Data + ZI Data)              1104 (   1.08kB)
    Total ROM Size (Code + RO Data + RW Data)      10896 (  10.64kB)

==============================================================================

