#-----------------------------------------------------------
# Vivado v2018.3 (64-bit)
# SW Build 2405991 on Thu Dec  6 23:38:27 MST 2018
# IP Build 2404404 on Fri Dec  7 01:43:56 MST 2018
# Start of session at: Sat May  1 17:03:32 2021
# Process ID: 7996
# Current directory: C:/Users/KuldeepGohil/Desktop/Spring2021/CECS461/Labs/Lab5/lab5
# Command line: vivado.exe -gui_launcher_event rodinguilauncherevent15128 C:\Users\KuldeepGohil\Desktop\Spring2021\CECS461\Labs\Lab5\lab5\lab5.xpr
# Log file: C:/Users/KuldeepGohil/Desktop/Spring2021/CECS461/Labs/Lab5/lab5/vivado.log
# Journal file: C:/Users/KuldeepGohil/Desktop/Spring2021/CECS461/Labs/Lab5/lab5\vivado.jou
#-----------------------------------------------------------
start_gui
open_project C:/Users/KuldeepGohil/Desktop/Spring2021/CECS461/Labs/Lab5/lab5/lab5.xpr
update_compile_order -fileset sources_1
launch_sdk -workspace C:/Users/KuldeepGohil/Desktop/Spring2021/CECS461/Labs/Lab5/lab5/lab5.sdk -hwspec C:/Users/KuldeepGohil/Desktop/Spring2021/CECS461/Labs/Lab5/lab5/lab5.sdk/design_1_wrapper.hdf
