#-----------------------------------------------------------
# Vivado v2018.3 (64-bit)
# SW Build 2405991 on Thu Dec  6 23:38:27 MST 2018
# IP Build 2404404 on Fri Dec  7 01:43:56 MST 2018
# Start of session at: Fri Mar 19 11:15:44 2021
# Process ID: 3200
# Current directory: C:/Users/KuldeepGohil/Desktop/Spring2021/CECS461/Labs/Lab4/lab4
# Command line: vivado.exe -gui_launcher_event rodinguilauncherevent10464 C:\Users\KuldeepGohil\Desktop\Spring2021\CECS461\Labs\Lab4\lab4\lab4.xpr
# Log file: C:/Users/KuldeepGohil/Desktop/Spring2021/CECS461/Labs/Lab4/lab4/vivado.log
# Journal file: C:/Users/KuldeepGohil/Desktop/Spring2021/CECS461/Labs/Lab4/lab4\vivado.jou
#-----------------------------------------------------------
start_gui
open_project C:/Users/KuldeepGohil/Desktop/Spring2021/CECS461/Labs/Lab4/lab4/lab4.xpr
update_compile_order -fileset sources_1
launch_sdk -workspace C:/Users/KuldeepGohil/Desktop/Spring2021/CECS461/Labs/Lab4/lab4/lab4.sdk -hwspec C:/Users/KuldeepGohil/Desktop/Spring2021/CECS461/Labs/Lab4/lab4/lab4.sdk/design_1_wrapper.hdf
