******************************************************************************
                  TI ARM Linker PC v20.2.0                     
******************************************************************************
>> Linked Sun May  3 01:05:08 2020

OUTPUT FILE NAME:   <TivaBluetooth.out>
ENTRY POINT SYMBOL: "_c_int00_noargs"  address: 00002321


MEMORY CONFIGURATION

         name            origin    length      used     unused   attr    fill
----------------------  --------  ---------  --------  --------  ----  --------
  FLASH                 00000000   00040000  000025a5  0003da5b  R  X
  SRAM                  20000000   00008000  00000825  000077db  RW X


SEGMENT ALLOCATION MAP

run origin  load origin   length   init length attrs members
----------  ----------- ---------- ----------- ----- -------
00000000    00000000    000025a8   000025a8    r-x
  00000000    00000000    0000026c   0000026c    r-- .intvecs
  0000026c    0000026c    00002208   00002208    r-x .text
  00002474    00002474    00000101   00000101    r-- .const
  00002578    00002578    00000030   00000030    r-- .cinit
20000000    20000000    00000828   00000000    rw-
  20000000    20000000    00000800   00000000    rw- .stack
  20000800    20000800    00000019   00000000    rw- .bss
  2000081c    2000081c    0000000c   00000000    rw- .data


SECTION ALLOCATION MAP

 output                                  attributes/
section   page    origin      length       input sections
--------  ----  ----------  ----------   ----------------
.intvecs   0    00000000    0000026c     
                  00000000    0000026c     tm4c123gh6pm_startup_ccs.obj (.intvecs)

.text      0    0000026c    00002208     
                  0000026c    00000a4e     rtsv7M4_T_le_v4SPD16_eabi.lib : _printfi.c.obj (.text:__TI_printfi)
                  00000cba    00000002                                   : div0.asm.obj (.text)
                  00000cbc    000003d0     tivaCbluetooth.obj (.text)
                  0000108c    00000270     rtsv7M4_T_le_v4SPD16_eabi.lib : _printfi.c.obj (.text:_pconv_a)
                  000012fc    000001d0                                   : _printfi.c.obj (.text:_pconv_g)
                  000014cc    000001b6                                   : fd_add_t2.asm.obj (.text)
                  00001682    00000002     --HOLE-- [fill = 0]
                  00001684    0000013c                                   : _printfi.c.obj (.text:_pconv_e)
                  000017c0    00000136                                   : fd_div_t2.asm.obj (.text)
                  000018f6    00000002     --HOLE-- [fill = 0]
                  000018f8    00000124                                   : _printfi.c.obj (.text:fcvt)
                  00001a1c    00000110                                   : s_scalbn.c.obj (.text:scalbn)
                  00001b2c    000000fc                                   : fd_mul_t2.asm.obj (.text)
                  00001c28    000000b1                                   : _printfi.c.obj (.text:_ltostr)
                  00001cd9    00000001     --HOLE-- [fill = 0]
                  00001cda    0000009c                                   : memcpy_t2.asm.obj (.text)
                  00001d76    00000096                                   : ull_div_t2.asm.obj (.text)
                  00001e0c    00000086                                   : fd_cmp_t2.asm.obj (.text:__aeabi_cdcmple)
                  00001e92    00000086                                   : fd_cmp_t2.asm.obj (.text:__aeabi_cdrcmple)
                  00001f18    0000007a                                   : memset_t2.asm.obj (.text)
                  00001f92    0000006e                                   : _printfi.c.obj (.text:_mcpy)
                  00002000    00000068                                   : copy_decompress_lzss.c.obj (.text:decompress:lzss:__TI_decompress_lzss)
                  00002068    00000064                                   : s_frexp.c.obj (.text:frexp)
                  000020cc    00000056                                   : _printfi.c.obj (.text:_pconv_f)
                  00002122    00000054                                   : _ltoa.c.obj (.text:__TI_ltoa)
                  00002176    00000052                                   : _printfi.c.obj (.text:_ecpy)
                  000021c8    0000004c                                   : atoi.c.obj (.text:atoi)
                  00002214    00000048                                   : fd_toi_t2.asm.obj (.text)
                  0000225c    00000044                                   : autoinit.c.obj (.text:__TI_auto_init_nobinit_nopinit:__TI_auto_init_nobinit_nopinit)
                  000022a0    00000040                                   : sprintf.c.obj (.text:sprintf)
                  000022e0    0000003e                                   : _printfi.c.obj (.text:_fcpy)
                  0000231e    00000002     --HOLE-- [fill = 0]
                  00002320    00000034                                   : boot_cortex_m.c.obj (.text:_c_int00_noargs:_c_int00_noargs)
                  00002354    0000002e                                   : i_tofd_t2.asm.obj (.text)
                  00002382    0000001c                                   : copy_zero_init.c.obj (.text:decompress:ZI:__TI_zero_init_nomemset:__TI_zero_init_nomemset)
                  0000239e    0000001c                                   : memccpy.c.obj (.text:memccpy)
                  000023ba    0000001a                                   : s_copysign.c.obj (.text:copysign)
                  000023d4    00000018                                   : sprintf.c.obj (.text:_outs)
                  000023ec    00000018                                   : strcmp.c.obj (.text:strcmp)
                  00002404    00000016                                   : strchr.c.obj (.text:strchr)
                  0000241a    00000014                                   : strlen.c.obj (.text:strlen)
                  0000242e    00000012                                   : wcslen.c.obj (.text:wcslen)
                  00002440    0000000e                                   : copy_decompress_none.c.obj (.text:decompress:none:__TI_decompress_none)
                  0000244e    0000000c     tm4c123gh6pm_startup_ccs.obj (.text)
                  0000245a    0000000a     rtsv7M4_T_le_v4SPD16_eabi.lib : sprintf.c.obj (.text:_outc)
                  00002464    00000008                                   : errno.c.obj (.text:__aeabi_errno_addr)
                  0000246c    00000004                                   : pre_init.c.obj (.text:_system_pre_init)
                  00002470    00000004                                   : exit.c.obj (.text:abort:abort)

.const     0    00002474    00000101     
                  00002474    00000101     rtsv7M4_T_le_v4SPD16_eabi.lib : ctype.c.obj (.const:.string:_ctypes_)

.cinit     0    00002578    00000030     
                  00002578    0000000c     (__TI_handler_table)
                  00002584    00000009     (.cinit..data.load) [load image, compression = lzss]
                  0000258d    00000003     --HOLE-- [fill = 0]
                  00002590    00000008     (.cinit..bss.load) [load image, compression = zero_init]
                  00002598    00000010     (__TI_cinit_table)

.init_array 
*          0    00000000    00000000     UNINITIALIZED

.bss       0    20000800    00000019     UNINITIALIZED
                  20000800    0000000c     (.common:countstr)
                  2000080c    0000000c     (.common:rxChar)
                  20000818    00000001     (.common:txChar)

.data      0    2000081c    0000000c     UNINITIALIZED
                  2000081c    00000005     tivaCbluetooth.obj (.data)
                  20000821    00000003     --HOLE--
                  20000824    00000004     rtsv7M4_T_le_v4SPD16_eabi.lib : errno.c.obj (.data)

.stack     0    20000000    00000800     UNINITIALIZED
                  20000000    00000004     rtsv7M4_T_le_v4SPD16_eabi.lib : boot_cortex_m.c.obj (.stack)
                  20000004    000007fc     --HOLE--

__llvm_prf_cnts 
*          0    20000000    00000000     UNINITIALIZED

MODULE SUMMARY

       Module                         code   ro data   rw data
       ------                         ----   -------   -------
    .\
       tivaCbluetooth.obj             976    0         30     
       tm4c123gh6pm_startup_ccs.obj   12     620       0      
    +--+------------------------------+------+---------+---------+
       Total:                         988    620       30     
                                                              
    C:\ti\ccs1000\ccs\tools\compiler\ti-cgt-arm_20.2.0.LTS\lib\rtsv7M4_T_le_v4SPD16_eabi.lib
       _printfi.c.obj                 4851   0         0      
       fd_add_t2.asm.obj              438    0         0      
       fd_div_t2.asm.obj              310    0         0      
       s_scalbn.c.obj                 272    0         0      
       fd_cmp_t2.asm.obj              268    0         0      
       ctype.c.obj                    0      257       0      
       fd_mul_t2.asm.obj              252    0         0      
       memcpy_t2.asm.obj              156    0         0      
       ull_div_t2.asm.obj             150    0         0      
       memset_t2.asm.obj              122    0         0      
       copy_decompress_lzss.c.obj     104    0         0      
       s_frexp.c.obj                  100    0         0      
       sprintf.c.obj                  98     0         0      
       _ltoa.c.obj                    84     0         0      
       atoi.c.obj                     76     0         0      
       fd_toi_t2.asm.obj              72     0         0      
       autoinit.c.obj                 68     0         0      
       boot_cortex_m.c.obj            52     0         0      
       i_tofd_t2.asm.obj              46     0         0      
       copy_zero_init.c.obj           28     0         0      
       memccpy.c.obj                  28     0         0      
       s_copysign.c.obj               26     0         0      
       strcmp.c.obj                   24     0         0      
       strchr.c.obj                   22     0         0      
       strlen.c.obj                   20     0         0      
       wcslen.c.obj                   18     0         0      
       copy_decompress_none.c.obj     14     0         0      
       errno.c.obj                    8      0         4      
       exit.c.obj                     4      0         0      
       pre_init.c.obj                 4      0         0      
       div0.asm.obj                   2      0         0      
    +--+------------------------------+------+---------+---------+
       Total:                         7717   257       4      
                                                              
       Stack:                         0      0         2048   
       Linker Generated:              0      45        0      
    +--+------------------------------+------+---------+---------+
       Grand Total:                   8705   922       2082   


LINKER GENERATED COPY TABLES

__TI_cinit_table @ 00002598 records: 2, size/record: 8, table size: 16
	.data: load addr=00002584, load size=00000009 bytes, run addr=2000081c, run size=0000000c bytes, compression=lzss
	.bss: load addr=00002590, load size=00000008 bytes, run addr=20000800, run size=00000019 bytes, compression=zero_init


LINKER GENERATED HANDLER TABLE

__TI_handler_table @ 00002578 records: 3, size/record: 4, table size: 12
	index: 0, handler: __TI_decompress_lzss
	index: 1, handler: __TI_decompress_none
	index: 2, handler: __TI_zero_init


GLOBAL SYMBOLS: SORTED ALPHABETICALLY BY Name 

address   name                          
-------   ----                          
00002471  C$$EXIT                       
0000244f  ResetISR                      
00000dcf  Timer0InterruptIsr            
00000d45  Uart2InterruptIsr             
00000dbf  Uart3InterruptIsr             
20000800  __STACK_END                   
00000800  __STACK_SIZE                  
20000200  __STACK_TOP                   
00002598  __TI_CINIT_Base               
000025a8  __TI_CINIT_Limit              
00002578  __TI_Handler_Table_Base       
00002584  __TI_Handler_Table_Limit      
0000225d  __TI_auto_init_nobinit_nopinit
00002001  __TI_decompress_lzss          
00002441  __TI_decompress_none          
00002123  __TI_ltoa                     
ffffffff  __TI_pprof_out_hndl           
0000026d  __TI_printfi                  
ffffffff  __TI_prof_data_size           
ffffffff  __TI_prof_data_start          
00000000  __TI_static_base__            
00002383  __TI_zero_init_nomemset       
00001e0d  __aeabi_cdcmpeq               
00001e0d  __aeabi_cdcmple               
00001e93  __aeabi_cdrcmple              
00002215  __aeabi_d2iz                  
000014d7  __aeabi_dadd                  
000017c1  __aeabi_ddiv                  
00001b2d  __aeabi_dmul                  
000014cd  __aeabi_dsub                  
00002465  __aeabi_errno_addr            
00002355  __aeabi_i2d                   
00000cbb  __aeabi_idiv0                 
00000cbb  __aeabi_ldiv0                 
00001f19  __aeabi_memclr                
00001f19  __aeabi_memclr4               
00001f19  __aeabi_memclr8               
00001cdb  __aeabi_memcpy                
00001cdb  __aeabi_memcpy4               
00001cdb  __aeabi_memcpy8               
00001f1b  __aeabi_memset                
00001f1b  __aeabi_memset4               
00001f1b  __aeabi_memset8               
00001d77  __aeabi_uldivmod              
ffffffff  __binit__                     
ffffffff  __c_args__                    
UNDEFED   __mpu_init                    
20000000  __stack                       
20000000  __start___llvm_prf_cnts       
20000000  __stop___llvm_prf_cnts        
00002321  _c_int00_noargs               
00002474  _ctypes_                      
UNDEFED   _system_post_cinit            
0000246d  _system_pre_init              
00002471  abort                         
000021c9  atoi                          
ffffffff  binit                         
000023bb  copysign                      
000023bb  copysignl                     
2000081e  count                         
20000800  countstr                      
20000824  errno                         
00002069  frexp                         
00002069  frexpl                        
00000000  g_pfnVectors                  
20000820  index                         
00001a1d  ldexp                         
00001a1d  ldexpl                        
00000f7f  main                          
0000239f  memccpy                       
00001cdb  memcpy                        
00001f21  memset                        
2000080c  rxChar                        
00001a1d  scalbn                        
00001a1d  scalbnl                       
00000e15  setUp                         
000022a1  sprintf                       
00002405  strchr                        
000023ed  strcmp                        
0000241b  strlen                        
2000081c  timeron                       
20000818  txChar                        
0000242f  wcslen                        
00000cbd  writeCharToUart0              
00000d01  writeCharToUart3              
00000cd9  writeStringToUart0            
00000d1d  writeStringToUart3            


GLOBAL SYMBOLS: SORTED BY Symbol Address 

address   name                          
-------   ----                          
00000000  __TI_static_base__            
00000000  g_pfnVectors                  
0000026d  __TI_printfi                  
00000800  __STACK_SIZE                  
00000cbb  __aeabi_idiv0                 
00000cbb  __aeabi_ldiv0                 
00000cbd  writeCharToUart0              
00000cd9  writeStringToUart0            
00000d01  writeCharToUart3              
00000d1d  writeStringToUart3            
00000d45  Uart2InterruptIsr             
00000dbf  Uart3InterruptIsr             
00000dcf  Timer0InterruptIsr            
00000e15  setUp                         
00000f7f  main                          
000014cd  __aeabi_dsub                  
000014d7  __aeabi_dadd                  
000017c1  __aeabi_ddiv                  
00001a1d  ldexp                         
00001a1d  ldexpl                        
00001a1d  scalbn                        
00001a1d  scalbnl                       
00001b2d  __aeabi_dmul                  
00001cdb  __aeabi_memcpy                
00001cdb  __aeabi_memcpy4               
00001cdb  __aeabi_memcpy8               
00001cdb  memcpy                        
00001d77  __aeabi_uldivmod              
00001e0d  __aeabi_cdcmpeq               
00001e0d  __aeabi_cdcmple               
00001e93  __aeabi_cdrcmple              
00001f19  __aeabi_memclr                
00001f19  __aeabi_memclr4               
00001f19  __aeabi_memclr8               
00001f1b  __aeabi_memset                
00001f1b  __aeabi_memset4               
00001f1b  __aeabi_memset8               
00001f21  memset                        
00002001  __TI_decompress_lzss          
00002069  frexp                         
00002069  frexpl                        
00002123  __TI_ltoa                     
000021c9  atoi                          
00002215  __aeabi_d2iz                  
0000225d  __TI_auto_init_nobinit_nopinit
000022a1  sprintf                       
00002321  _c_int00_noargs               
00002355  __aeabi_i2d                   
00002383  __TI_zero_init_nomemset       
0000239f  memccpy                       
000023bb  copysign                      
000023bb  copysignl                     
000023ed  strcmp                        
00002405  strchr                        
0000241b  strlen                        
0000242f  wcslen                        
00002441  __TI_decompress_none          
0000244f  ResetISR                      
00002465  __aeabi_errno_addr            
0000246d  _system_pre_init              
00002471  C$$EXIT                       
00002471  abort                         
00002474  _ctypes_                      
00002578  __TI_Handler_Table_Base       
00002584  __TI_Handler_Table_Limit      
00002598  __TI_CINIT_Base               
000025a8  __TI_CINIT_Limit              
20000000  __stack                       
20000000  __start___llvm_prf_cnts       
20000000  __stop___llvm_prf_cnts        
20000200  __STACK_TOP                   
20000800  __STACK_END                   
20000800  countstr                      
2000080c  rxChar                        
20000818  txChar                        
2000081c  timeron                       
2000081e  count                         
20000820  index                         
20000824  errno                         
ffffffff  __TI_pprof_out_hndl           
ffffffff  __TI_prof_data_size           
ffffffff  __TI_prof_data_start          
ffffffff  __binit__                     
ffffffff  __c_args__                    
ffffffff  binit                         
UNDEFED   __mpu_init                    
UNDEFED   _system_post_cinit            

[87 symbols]
