Release 14.7 - xst P.20131013 (nt64)
Copyright (c) 1995-2013 Xilinx, Inc.  All rights reserved.
--> Parameter TMPDIR set to xst/projnav.tmp


Total REAL time to Xst completion: 0.00 secs
Total CPU time to Xst completion: 0.15 secs
 
--> Parameter xsthdpdir set to xst


Total REAL time to Xst completion: 0.00 secs
Total CPU time to Xst completion: 0.15 secs
 
--> Reading design: EncDec.prj

TABLE OF CONTENTS
  1) Synthesis Options Summary
  2) HDL Parsing
  3) HDL Elaboration
  4) HDL Synthesis
       4.1) HDL Synthesis Report
  5) Advanced HDL Synthesis
       5.1) Advanced HDL Synthesis Report
  6) Low Level Synthesis
  7) Partition Report
  8) Design Summary
       8.1) Primitive and Black Box Usage
       8.2) Device utilization summary
       8.3) Partition Resource Summary
       8.4) Timing Report
            8.4.1) Clock Information
            8.4.2) Asynchronous Control Signals Information
            8.4.3) Timing Summary
            8.4.4) Timing Details
            8.4.5) Cross Clock Domains Report


=========================================================================
*                      Synthesis Options Summary                        *
=========================================================================
---- Source Parameters
Input File Name                    : "EncDec.prj"
Ignore Synthesis Constraint File   : NO

---- Target Parameters
Output File Name                   : "EncDec"
Output Format                      : NGC
Target Device                      : xc6slx16-3-csg324

---- Source Options
Top Module Name                    : EncDec
Automatic FSM Extraction           : YES
FSM Encoding Algorithm             : Auto
Safe Implementation                : No
FSM Style                          : LUT
RAM Extraction                     : Yes
RAM Style                          : Auto
ROM Extraction                     : Yes
Shift Register Extraction          : YES
ROM Style                          : Auto
Resource Sharing                   : YES
Asynchronous To Synchronous        : NO
Shift Register Minimum Size        : 2
Use DSP Block                      : Auto
Automatic Register Balancing       : No

---- Target Options
LUT Combining                      : Auto
Reduce Control Sets                : Auto
Add IO Buffers                     : YES
Global Maximum Fanout              : 100000
Add Generic Clock Buffer(BUFG)     : 16
Register Duplication               : YES
Optimize Instantiated Primitives   : NO
Use Clock Enable                   : Auto
Use Synchronous Set                : Auto
Use Synchronous Reset              : Auto
Pack IO Registers into IOBs        : Auto
Equivalent register Removal        : YES

---- General Options
Optimization Goal                  : Speed
Optimization Effort                : 1
Power Reduction                    : NO
Keep Hierarchy                     : No
Netlist Hierarchy                  : As_Optimized
RTL Output                         : Yes
Global Optimization                : AllClockNets
Read Cores                         : YES
Write Timing Constraints           : NO
Cross Clock Analysis               : NO
Hierarchy Separator                : /
Bus Delimiter                      : <>
Case Specifier                     : Maintain
Slice Utilization Ratio            : 100
BRAM Utilization Ratio             : 100
DSP48 Utilization Ratio            : 100
Auto BRAM Packing                  : NO
Slice Utilization Ratio Delta      : 5

=========================================================================


=========================================================================
*                          HDL Parsing                                  *
=========================================================================
Analyzing Verilog file "C:\Users\Kuldeep\Desktop\EncoderDecoderretry\Encoder.v" into library work
Parsing module <Encoder>.
Analyzing Verilog file "C:\Users\Kuldeep\Desktop\EncoderDecoderretry\Decoder.v" into library work
Parsing module <Decoder>.
Analyzing Verilog file "C:\Users\Kuldeep\Desktop\EncoderDecoderretry\EncDec.v" into library work
Parsing module <EncDec>.

=========================================================================
*                            HDL Elaboration                            *
=========================================================================

Elaborating module <EncDec>.

Elaborating module <Encoder>.

Elaborating module <Decoder>.

=========================================================================
*                           HDL Synthesis                               *
=========================================================================

Synthesizing Unit <EncDec>.
    Related source file is "C:\Users\Kuldeep\Desktop\EncoderDecoderretry\EncDec.v".
    Summary:
	no macro.
Unit <EncDec> synthesized.

Synthesizing Unit <Encoder>.
    Related source file is "C:\Users\Kuldeep\Desktop\EncoderDecoderretry\Encoder.v".
WARNING:Xst:737 - Found 1-bit latch for signal <Out<1>>. Latches may be generated from incomplete case or if statements. We do not recommend the use of latches in FPGA/CPLD designs, as they may lead to timing problems.
WARNING:Xst:737 - Found 1-bit latch for signal <Out<0>>. Latches may be generated from incomplete case or if statements. We do not recommend the use of latches in FPGA/CPLD designs, as they may lead to timing problems.
WARNING:Xst:737 - Found 1-bit latch for signal <Out<2>>. Latches may be generated from incomplete case or if statements. We do not recommend the use of latches in FPGA/CPLD designs, as they may lead to timing problems.
    Summary:
	inferred   3 Latch(s).
Unit <Encoder> synthesized.

Synthesizing Unit <Decoder>.
    Related source file is "C:\Users\Kuldeep\Desktop\EncoderDecoderretry\Decoder.v".
    Found 8x8-bit Read Only RAM for signal <Out>
    Summary:
	inferred   1 RAM(s).
Unit <Decoder> synthesized.

=========================================================================
HDL Synthesis Report

Macro Statistics
# RAMs                                                 : 1
 8x8-bit single-port Read Only RAM                     : 1
# Latches                                              : 3
 1-bit latch                                           : 3

=========================================================================

=========================================================================
*                       Advanced HDL Synthesis                          *
=========================================================================


Synthesizing (advanced) Unit <Decoder>.
INFO:Xst:3218 - HDL ADVISOR - The RAM <Mram_Out> will be implemented on LUTs either because you have described an asynchronous read or because of currently unsupported block RAM features. If you have described an asynchronous read, making it synchronous would allow you to take advantage of available block RAM resources, for optimized device usage and improved timings. Please refer to your documentation for coding guidelines.
    -----------------------------------------------------------------------
    | ram_type           | Distributed                         |          |
    -----------------------------------------------------------------------
    | Port A                                                              |
    |     aspect ratio   | 8-word x 8-bit                      |          |
    |     weA            | connected to signal <GND>           | high     |
    |     addrA          | connected to signal <In>            |          |
    |     diA            | connected to signal <GND>           |          |
    |     doA            | connected to signal <Out>           |          |
    -----------------------------------------------------------------------
Unit <Decoder> synthesized (advanced).

=========================================================================
Advanced HDL Synthesis Report

Macro Statistics
# RAMs                                                 : 1
 8x8-bit single-port distributed Read Only RAM         : 1

=========================================================================

=========================================================================
*                         Low Level Synthesis                           *
=========================================================================

Optimizing unit <EncDec> ...

Optimizing unit <Encoder> ...

Mapping all equations...
Building and optimizing final netlist ...
Found area constraint ratio of 100 (+ 5) on block EncDec, actual ratio is 0.

Final Macro Processing ...

=========================================================================
Final Register Report

Found no macro
=========================================================================

=========================================================================
*                           Partition Report                            *
=========================================================================

Partition Implementation Status
-------------------------------

  No Partitions were found in this design.

-------------------------------

=========================================================================
*                            Design Summary                             *
=========================================================================

Top Level Output File Name         : EncDec.ngc

Primitive and Black Box Usage:
------------------------------
# BELS                             : 17
#      LUT3                        : 11
#      LUT6                        : 6
# FlipFlops/Latches                : 3
#      LD                          : 3
# IO Buffers                       : 16
#      IBUF                        : 8
#      OBUF                        : 8

Device utilization summary:
---------------------------

Selected Device : 6slx16csg324-3 


Slice Logic Utilization: 
 Number of Slice Registers:               3  out of  18224     0%  
 Number of Slice LUTs:                   17  out of   9112     0%  
    Number used as Logic:                17  out of   9112     0%  

Slice Logic Distribution: 
 Number of LUT Flip Flop pairs used:     17
   Number with an unused Flip Flop:      14  out of     17    82%  
   Number with an unused LUT:             0  out of     17     0%  
   Number of fully used LUT-FF pairs:     3  out of     17    17%  
   Number of unique control sets:         1

IO Utilization: 
 Number of IOs:                          16
 Number of bonded IOBs:                  16  out of    232     6%  

Specific Feature Utilization:

---------------------------
Partition Resource Summary:
---------------------------

  No Partitions were found in this design.

---------------------------


=========================================================================
Timing Report

NOTE: THESE TIMING NUMBERS ARE ONLY A SYNTHESIS ESTIMATE.
      FOR ACCURATE TIMING INFORMATION PLEASE REFER TO THE TRACE REPORT
      GENERATED AFTER PLACE-and-ROUTE.

Clock Information:
------------------
-----------------------------------+------------------------+-------+
Clock Signal                       | Clock buffer(FF name)  | Load  |
-----------------------------------+------------------------+-------+
Encoder/_n0020(Encoder/out3:O)     | NONE(*)(Encoder/Out_1) | 3     |
-----------------------------------+------------------------+-------+
(*) This 1 clock signal(s) are generated by combinatorial logic,
and XST is not able to identify which are the primary clock signals.
Please use the CLOCK_SIGNAL constraint to specify the clock signal(s) generated by combinatorial logic.
INFO:Xst:2169 - HDL ADVISOR - Some clock signals were not automatically buffered by XST with BUFG/BUFR resources. Please use the buffer_type constraint in order to insert these buffers to the clock signals to help prevent skew problems.

Asynchronous Control Signals Information:
----------------------------------------
No asynchronous control signals found in this design

Timing Summary:
---------------
Speed Grade: -3

   Minimum period: No path found
   Minimum input arrival time before clock: 3.534ns
   Maximum output required time after clock: 4.883ns
   Maximum combinational path delay: No path found

Timing Details:
---------------
All values displayed in nanoseconds (ns)

=========================================================================
Timing constraint: Default OFFSET IN BEFORE for Clock 'Encoder/_n0020'
  Total number of paths / destination ports: 24 / 3
-------------------------------------------------------------------------
Offset:              3.534ns (Levels of Logic = 3)
  Source:            In<4> (PAD)
  Destination:       Encoder/Out_1 (LATCH)
  Destination Clock: Encoder/_n0020 falling

  Data Path: In<4> to Encoder/Out_1
                                Gate     Net
    Cell:in->out      fanout   Delay   Delay  Logical Name (Net Name)
    ----------------------------------------  ------------
     IBUF:I->O             5   1.222   0.943  In_4_IBUF (In_4_IBUF)
     LUT3:I0->O            1   0.205   0.924  Encoder/In[7]_GND_2_o_Select_14_o_SW0 (N4)
     LUT6:I1->O            1   0.203   0.000  Encoder/In[7]_GND_2_o_Select_14_o (Encoder/In[7]_GND_2_o_Select_14_o)
     LD:D                      0.037          Encoder/Out_0
    ----------------------------------------
    Total                      3.534ns (1.667ns logic, 1.867ns route)
                                       (47.2% logic, 52.8% route)

=========================================================================
Timing constraint: Default OFFSET OUT AFTER for Clock 'Encoder/_n0020'
  Total number of paths / destination ports: 24 / 8
-------------------------------------------------------------------------
Offset:              4.883ns (Levels of Logic = 2)
  Source:            Encoder/Out_0 (LATCH)
  Destination:       Out<7> (PAD)
  Source Clock:      Encoder/_n0020 falling

  Data Path: Encoder/Out_0 to Out<7>
                                Gate     Net
    Cell:in->out      fanout   Delay   Delay  Logical Name (Net Name)
    ----------------------------------------  ------------
     LD:G->Q               8   0.498   1.031  Encoder/Out_0 (Encoder/Out_0)
     LUT3:I0->O            1   0.205   0.579  Decoder/Mram_Out12 (Out_0_OBUF)
     OBUF:I->O                 2.571          Out_0_OBUF (Out<0>)
    ----------------------------------------
    Total                      4.883ns (3.274ns logic, 1.609ns route)
                                       (67.0% logic, 33.0% route)

=========================================================================

Cross Clock Domains Report:
--------------------------

=========================================================================


Total REAL time to Xst completion: 8.00 secs
Total CPU time to Xst completion: 7.95 secs
 
--> 

Total memory usage is 253204 kilobytes

Number of errors   :    0 (   0 filtered)
Number of warnings :    3 (   0 filtered)
Number of infos    :    2 (   0 filtered)

