14:25:33 **** Build of project MatrixMultiplication_bsp ****
make -k all 
"Running Make include in microblaze_0/libsrc/bram_v4_2/src"
make -C microblaze_0/libsrc/bram_v4_2/src -s include  "SHELL=CMD" "COMPILER=mb-gcc" "ARCHIVER=mb-ar" "COMPILER_FLAGS=  -O2 -c -mcpu=v11.0 -mlittle-endian -mxl-soft-mul" "EXTRA_COMPILER_FLAGS=-ffunction-sections -fdata-sections -Wall -Wextra"
"Running Make include in microblaze_0/libsrc/cpu_v2_8/src"
make -C microblaze_0/libsrc/cpu_v2_8/src -s include  "SHELL=CMD" "COMPILER=mb-gcc" "ARCHIVER=mb-ar" "COMPILER_FLAGS=  -O2 -c -mcpu=v11.0 -mlittle-endian -mxl-soft-mul" "EXTRA_COMPILER_FLAGS=-ffunction-sections -fdata-sections -Wall -Wextra"
"Running Make include in microblaze_0/libsrc/gpio_v4_3/src"
make -C microblaze_0/libsrc/gpio_v4_3/src -s include  "SHELL=CMD" "COMPILER=mb-gcc" "ARCHIVER=mb-ar" "COMPILER_FLAGS=  -O2 -c -mcpu=v11.0 -mlittle-endian -mxl-soft-mul" "EXTRA_COMPILER_FLAGS=-ffunction-sections -fdata-sections -Wall -Wextra"
"Running Make include in microblaze_0/libsrc/standalone_v6_8/src"
make -C microblaze_0/libsrc/standalone_v6_8/src -s include  "SHELL=CMD" "COMPILER=mb-gcc" "ARCHIVER=mb-ar" "COMPILER_FLAGS=  -O2 -c -mcpu=v11.0 -mlittle-endian -mxl-soft-mul" "EXTRA_COMPILER_FLAGS=-ffunction-sections -fdata-sections -Wall -Wextra"
"Running Make include in microblaze_0/libsrc/uartlite_v3_2/src"
make -C microblaze_0/libsrc/uartlite_v3_2/src -s include  "SHELL=CMD" "COMPILER=mb-gcc" "ARCHIVER=mb-ar" "COMPILER_FLAGS=  -O2 -c -mcpu=v11.0 -mlittle-endian -mxl-soft-mul" "EXTRA_COMPILER_FLAGS=-ffunction-sections -fdata-sections -Wall -Wextra"
"Running Make libs in microblaze_0/libsrc/bram_v4_2/src"
make -C microblaze_0/libsrc/bram_v4_2/src -s libs  "SHELL=CMD" "COMPILER=mb-gcc" "ARCHIVER=mb-ar" "COMPILER_FLAGS=  -O2 -c -mcpu=v11.0 -mlittle-endian -mxl-soft-mul" "EXTRA_COMPILER_FLAGS=-ffunction-sections -fdata-sections -Wall -Wextra"
"Compiling bram"
mb-ar: creating ../../../lib/libxil.a
"Running Make libs in microblaze_0/libsrc/cpu_v2_8/src"
make -C microblaze_0/libsrc/cpu_v2_8/src -s libs  "SHELL=CMD" "COMPILER=mb-gcc" "ARCHIVER=mb-ar" "COMPILER_FLAGS=  -O2 -c -mcpu=v11.0 -mlittle-endian -mxl-soft-mul" "EXTRA_COMPILER_FLAGS=-ffunction-sections -fdata-sections -Wall -Wextra"
"Compiling cpu"
"Running Make libs in microblaze_0/libsrc/gpio_v4_3/src"
make -C microblaze_0/libsrc/gpio_v4_3/src -s libs  "SHELL=CMD" "COMPILER=mb-gcc" "ARCHIVER=mb-ar" "COMPILER_FLAGS=  -O2 -c -mcpu=v11.0 -mlittle-endian -mxl-soft-mul" "EXTRA_COMPILER_FLAGS=-ffunction-sections -fdata-sections -Wall -Wextra"
"Compiling gpio"
"Running Make libs in microblaze_0/libsrc/standalone_v6_8/src"
make -C microblaze_0/libsrc/standalone_v6_8/src -s libs  "SHELL=CMD" "COMPILER=mb-gcc" "ARCHIVER=mb-ar" "COMPILER_FLAGS=  -O2 -c -mcpu=v11.0 -mlittle-endian -mxl-soft-mul" "EXTRA_COMPILER_FLAGS=-ffunction-sections -fdata-sections -Wall -Wextra"
"Compiling standalone";
microblaze_sleep.c:77:9: note: #pragma message: For the sleep routines, assembly instructions are used
 #pragma message ("For the sleep routines, assembly instructions are used")
         ^~~~~~~
"Running Make libs in microblaze_0/libsrc/uartlite_v3_2/src"
make -C microblaze_0/libsrc/uartlite_v3_2/src -s libs  "SHELL=CMD" "COMPILER=mb-gcc" "ARCHIVER=mb-ar" "COMPILER_FLAGS=  -O2 -c -mcpu=v11.0 -mlittle-endian -mxl-soft-mul" "EXTRA_COMPILER_FLAGS=-ffunction-sections -fdata-sections -Wall -Wextra"
"Compiling uartlite"
'Finished building libraries'
14:25:40 **** Build of configuration Debug for project MatrixMultiplication ****
make all 
'Building file: ../src/helloworld.c'
'Invoking: MicroBlaze gcc compiler'
mb-gcc -Wall -O0 -g3 -c -fmessage-length=0 -MT"src/helloworld.o" -I../../MatrixMultiplication_bsp/microblaze_0/include -mlittle-endian -mcpu=v11.0 -mxl-soft-mul -Wl,--no-relax -ffunction-sections -fdata-sections -MMD -MP -MF"src/helloworld.d" -MT"src/helloworld.o" -o "src/helloworld.o" "../src/helloworld.c"
'Finished building: ../src/helloworld.c'
' '
'Building file: ../src/platform.c'
'Invoking: MicroBlaze gcc compiler'
mb-gcc -Wall -O0 -g3 -c -fmessage-length=0 -MT"src/platform.o" -I../../MatrixMultiplication_bsp/microblaze_0/include -mlittle-endian -mcpu=v11.0 -mxl-soft-mul -Wl,--no-relax -ffunction-sections -fdata-sections -MMD -MP -MF"src/platform.d" -MT"src/platform.o" -o "src/platform.o" "../src/platform.c"
'Finished building: ../src/platform.c'
' '
'Building target: MatrixMultiplication.elf'
'Invoking: MicroBlaze gcc linker'
mb-gcc -Wl,-T -Wl,../src/lscript.ld -L../../MatrixMultiplication_bsp/microblaze_0/lib -mlittle-endian -mcpu=v11.0 -mxl-soft-mul -Wl,--no-relax -Wl,--gc-sections -o "MatrixMultiplication.elf"  ./src/helloworld.o ./src/platform.o   -Wl,--start-group,-lxil,-lgcc,-lc,--end-group
'Finished building target: MatrixMultiplication.elf'
' '
'Invoking: MicroBlaze Print Size'
mb-size MatrixMultiplication.elf  |tee "MatrixMultiplication.elf.size"
   text	   data	    bss	    dec	    hex	filename
   2712	    268	   3108	   6088	   17c8	MatrixMultiplication.elf
'Finished building: MatrixMultiplication.elf.size'
' '
14:26:17 **** Build of project MatrixMultiplication_bsp ****
make -k all 
"Running Make include in microblaze_0/libsrc/bram_v4_2/src"
make -C microblaze_0/libsrc/bram_v4_2/src -s include  "SHELL=CMD" "COMPILER=mb-gcc" "ARCHIVER=mb-ar" "COMPILER_FLAGS=  -O2 -c -mcpu=v11.0 -mlittle-endian -mxl-soft-mul" "EXTRA_COMPILER_FLAGS=-ffunction-sections -fdata-sections -Wall -Wextra"
"Running Make include in microblaze_0/libsrc/cpu_v2_8/src"
make -C microblaze_0/libsrc/cpu_v2_8/src -s include  "SHELL=CMD" "COMPILER=mb-gcc" "ARCHIVER=mb-ar" "COMPILER_FLAGS=  -O2 -c -mcpu=v11.0 -mlittle-endian -mxl-soft-mul" "EXTRA_COMPILER_FLAGS=-ffunction-sections -fdata-sections -Wall -Wextra"
"Running Make include in microblaze_0/libsrc/gpio_v4_3/src"
make -C microblaze_0/libsrc/gpio_v4_3/src -s include  "SHELL=CMD" "COMPILER=mb-gcc" "ARCHIVER=mb-ar" "COMPILER_FLAGS=  -O2 -c -mcpu=v11.0 -mlittle-endian -mxl-soft-mul" "EXTRA_COMPILER_FLAGS=-ffunction-sections -fdata-sections -Wall -Wextra"
"Running Make include in microblaze_0/libsrc/standalone_v6_8/src"
make -C microblaze_0/libsrc/standalone_v6_8/src -s include  "SHELL=CMD" "COMPILER=mb-gcc" "ARCHIVER=mb-ar" "COMPILER_FLAGS=  -O2 -c -mcpu=v11.0 -mlittle-endian -mxl-soft-mul" "EXTRA_COMPILER_FLAGS=-ffunction-sections -fdata-sections -Wall -Wextra"
"Running Make include in microblaze_0/libsrc/uartlite_v3_2/src"
make -C microblaze_0/libsrc/uartlite_v3_2/src -s include  "SHELL=CMD" "COMPILER=mb-gcc" "ARCHIVER=mb-ar" "COMPILER_FLAGS=  -O2 -c -mcpu=v11.0 -mlittle-endian -mxl-soft-mul" "EXTRA_COMPILER_FLAGS=-ffunction-sections -fdata-sections -Wall -Wextra"
"Running Make libs in microblaze_0/libsrc/bram_v4_2/src"
make -C microblaze_0/libsrc/bram_v4_2/src -s libs  "SHELL=CMD" "COMPILER=mb-gcc" "ARCHIVER=mb-ar" "COMPILER_FLAGS=  -O2 -c -mcpu=v11.0 -mlittle-endian -mxl-soft-mul" "EXTRA_COMPILER_FLAGS=-ffunction-sections -fdata-sections -Wall -Wextra"
"Compiling bram"
mb-ar: creating ../../../lib/libxil.a
"Running Make libs in microblaze_0/libsrc/cpu_v2_8/src"
make -C microblaze_0/libsrc/cpu_v2_8/src -s libs  "SHELL=CMD" "COMPILER=mb-gcc" "ARCHIVER=mb-ar" "COMPILER_FLAGS=  -O2 -c -mcpu=v11.0 -mlittle-endian -mxl-soft-mul" "EXTRA_COMPILER_FLAGS=-ffunction-sections -fdata-sections -Wall -Wextra"
"Compiling cpu"
"Running Make libs in microblaze_0/libsrc/gpio_v4_3/src"
make -C microblaze_0/libsrc/gpio_v4_3/src -s libs  "SHELL=CMD" "COMPILER=mb-gcc" "ARCHIVER=mb-ar" "COMPILER_FLAGS=  -O2 -c -mcpu=v11.0 -mlittle-endian -mxl-soft-mul" "EXTRA_COMPILER_FLAGS=-ffunction-sections -fdata-sections -Wall -Wextra"
"Compiling gpio"
"Running Make libs in microblaze_0/libsrc/standalone_v6_8/src"
make -C microblaze_0/libsrc/standalone_v6_8/src -s libs  "SHELL=CMD" "COMPILER=mb-gcc" "ARCHIVER=mb-ar" "COMPILER_FLAGS=  -O2 -c -mcpu=v11.0 -mlittle-endian -mxl-soft-mul" "EXTRA_COMPILER_FLAGS=-ffunction-sections -fdata-sections -Wall -Wextra"
"Compiling standalone";
microblaze_sleep.c:77:9: note: #pragma message: For the sleep routines, assembly instructions are used
 #pragma message ("For the sleep routines, assembly instructions are used")
         ^~~~~~~
"Running Make libs in microblaze_0/libsrc/uartlite_v3_2/src"
make -C microblaze_0/libsrc/uartlite_v3_2/src -s libs  "SHELL=CMD" "COMPILER=mb-gcc" "ARCHIVER=mb-ar" "COMPILER_FLAGS=  -O2 -c -mcpu=v11.0 -mlittle-endian -mxl-soft-mul" "EXTRA_COMPILER_FLAGS=-ffunction-sections -fdata-sections -Wall -Wextra"
"Compiling uartlite"
'Finished building libraries'

**** Build of configuration Debug for project MatrixMultiplication ****

Nothing to build for project MatrixMultiplication
14:26:55 **** Auto Build of configuration Debug for project MatrixMultiplication ****
make all 
'Building file: ../src/main.c'
'Invoking: MicroBlaze gcc compiler'
mb-gcc -Wall -O0 -g3 -c -fmessage-length=0 -MT"src/main.o" -I../../MatrixMultiplication_bsp/microblaze_0/include -mlittle-endian -mcpu=v11.0 -mxl-soft-mul -Wl,--no-relax -ffunction-sections -fdata-sections -MMD -MP -MF"src/main.d" -MT"src/main.o" -o "src/main.o" "../src/main.c"
'Finished building: ../src/main.c'
' '
'Building target: MatrixMultiplication.elf'
'Invoking: MicroBlaze gcc linker'
mb-gcc -Wl,-T -Wl,../src/lscript.ld -L../../MatrixMultiplication_bsp/microblaze_0/lib -mlittle-endian -mcpu=v11.0 -mxl-soft-mul -Wl,--no-relax -Wl,--gc-sections -o "MatrixMultiplication.elf"  ./src/main.o   -Wl,--start-group,-lxil,-lgcc,-lc,--end-group
s:/xilinx/sdk/2018.3/gnu/microblaze/nt/bin/../lib/gcc/microblaze-xilinx-elf/7.3.1/../../../../microblaze-xilinx-elf/lib/le/crtinit.o: In function `_crtinit':
(.text+0x78): undefined reference to `main'
collect2.exe: error: ld returned 1 exit status
make: *** [makefile:38: MatrixMultiplication.elf] Error 1
15:01:01 **** Auto Build of configuration Debug for project MatrixMultiplication ****
make all 
'Building file: ../src/main.c'
'Invoking: MicroBlaze gcc compiler'
mb-gcc -Wall -O0 -g3 -c -fmessage-length=0 -MT"src/main.o" -I../../MatrixMultiplication_bsp/microblaze_0/include -mlittle-endian -mcpu=v11.0 -mxl-soft-mul -Wl,--no-relax -ffunction-sections -fdata-sections -MMD -MP -MF"src/main.d" -MT"src/main.o" -o "src/main.o" "../src/main.c"
../src/main.c: In function 'main':
../src/main.c:94:11: warning: implicit declaration of function 'inputThreeDigitNumber' [-Wimplicit-function-declaration]
  inNum =  inputThreeDigitNumber();
           ^~~~~~~~~~~~~~~~~~~~~
../src/main.c:55:7: warning: unused variable 'g' [-Wunused-variable]
  char g[4];
       ^
../src/main.c:53:12: warning: unused variable 'Uart0' [-Wunused-variable]
  XUartLite Uart0;
            ^~~~~
../src/main.c:51:50: warning: unused variable 'gpio26' [-Wunused-variable]
  gpio20, gpio21, gpio22, gpio23, gpio24, gpio25, gpio26;
                                                  ^~~~~~
../src/main.c:51:42: warning: unused variable 'gpio25' [-Wunused-variable]
  gpio20, gpio21, gpio22, gpio23, gpio24, gpio25, gpio26;
                                          ^~~~~~
../src/main.c:51:34: warning: unused variable 'gpio24' [-Wunused-variable]
  gpio20, gpio21, gpio22, gpio23, gpio24, gpio25, gpio26;
                                  ^~~~~~
../src/main.c:51:26: warning: unused variable 'gpio23' [-Wunused-variable]
  gpio20, gpio21, gpio22, gpio23, gpio24, gpio25, gpio26;
                          ^~~~~~
../src/main.c:51:18: warning: unused variable 'gpio22' [-Wunused-variable]
  gpio20, gpio21, gpio22, gpio23, gpio24, gpio25, gpio26;
                  ^~~~~~
../src/main.c:51:10: warning: unused variable 'gpio21' [-Wunused-variable]
  gpio20, gpio21, gpio22, gpio23, gpio24, gpio25, gpio26;
          ^~~~~~
../src/main.c:51:2: warning: unused variable 'gpio20' [-Wunused-variable]
  gpio20, gpio21, gpio22, gpio23, gpio24, gpio25, gpio26;
  ^~~~~~
../src/main.c:50:74: warning: unused variable 'gpio19' [-Wunused-variable]
  gpio10, gpio11, gpio12, gpio13, gpio14, gpio15, gpio16, gpio17, gpio18, gpio19,
                                                                          ^~~~~~
../src/main.c:50:66: warning: unused variable 'gpio18' [-Wunused-variable]
  gpio10, gpio11, gpio12, gpio13, gpio14, gpio15, gpio16, gpio17, gpio18, gpio19,
                                                                  ^~~~~~
../src/main.c:50:58: warning: unused variable 'gpio17' [-Wunused-variable]
  gpio10, gpio11, gpio12, gpio13, gpio14, gpio15, gpio16, gpio17, gpio18, gpio19,
                                                          ^~~~~~
../src/main.c:50:50: warning: unused variable 'gpio16' [-Wunused-variable]
  gpio10, gpio11, gpio12, gpio13, gpio14, gpio15, gpio16, gpio17, gpio18, gpio19,
                                                  ^~~~~~
../src/main.c:50:42: warning: unused variable 'gpio15' [-Wunused-variable]
  gpio10, gpio11, gpio12, gpio13, gpio14, gpio15, gpio16, gpio17, gpio18, gpio19,
                                          ^~~~~~
../src/main.c:50:34: warning: unused variable 'gpio14' [-Wunused-variable]
  gpio10, gpio11, gpio12, gpio13, gpio14, gpio15, gpio16, gpio17, gpio18, gpio19,
                                  ^~~~~~
../src/main.c:50:26: warning: unused variable 'gpio13' [-Wunused-variable]
  gpio10, gpio11, gpio12, gpio13, gpio14, gpio15, gpio16, gpio17, gpio18, gpio19,
                          ^~~~~~
../src/main.c:50:18: warning: unused variable 'gpio12' [-Wunused-variable]
  gpio10, gpio11, gpio12, gpio13, gpio14, gpio15, gpio16, gpio17, gpio18, gpio19,
                  ^~~~~~
../src/main.c:50:10: warning: unused variable 'gpio11' [-Wunused-variable]
  gpio10, gpio11, gpio12, gpio13, gpio14, gpio15, gpio16, gpio17, gpio18, gpio19,
          ^~~~~~
../src/main.c:50:2: warning: unused variable 'gpio10' [-Wunused-variable]
  gpio10, gpio11, gpio12, gpio13, gpio14, gpio15, gpio16, gpio17, gpio18, gpio19,
  ^~~~~~
'Finished building: ../src/main.c'
' '
'Building target: MatrixMultiplication.elf'
'Invoking: MicroBlaze gcc linker'
mb-gcc -Wl,-T -Wl,../src/lscript.ld -L../../MatrixMultiplication_bsp/microblaze_0/lib -mlittle-endian -mcpu=v11.0 -mxl-soft-mul -Wl,--no-relax -Wl,--gc-sections -o "MatrixMultiplication.elf"  ./src/main.o   -Wl,--start-group,-lxil,-lgcc,-lc,--end-group
./src/main.o: In function `main':
C:\Users\KuldeepGohil\Desktop\Spring2021\CECS460\labs\VivadoProjects\midtermProject\midtermProject.sdk\MatrixMultiplication\Debug/../src/main.c:94: undefined reference to `inputThreeDigitNumber'
collect2.exe: error: ld returned 1 exit status
make: *** [makefile:38: MatrixMultiplication.elf] Error 1
15:30:25 **** Auto Build of configuration Debug for project MatrixMultiplication ****
make all 
'Building file: ../src/main.c'
'Invoking: MicroBlaze gcc compiler'
mb-gcc -Wall -O0 -g3 -c -fmessage-length=0 -MT"src/main.o" -I../../MatrixMultiplication_bsp/microblaze_0/include -mlittle-endian -mcpu=v11.0 -mxl-soft-mul -Wl,--no-relax -ffunction-sections -fdata-sections -MMD -MP -MF"src/main.d" -MT"src/main.o" -o "src/main.o" "../src/main.c"
../src/main.c: In function 'main':
../src/main.c:86:2: error: 'userInput' undeclared (first use in this function); did you mean 'useconds_t'?
  userInput = XUartPs_ReadReg(UART_BASEADDR, XUARTPS_FIFO_OFFSET);
  ^~~~~~~~~
  useconds_t
../src/main.c:86:2: note: each undeclared identifier is reported only once for each function it appears in
../src/main.c:86:14: warning: implicit declaration of function 'XUartPs_ReadReg'; did you mean 'XUartLite_ReadReg'? [-Wimplicit-function-declaration]
  userInput = XUartPs_ReadReg(UART_BASEADDR, XUARTPS_FIFO_OFFSET);
              ^~~~~~~~~~~~~~~
              XUartLite_ReadReg
../src/main.c:86:30: error: 'UART_BASEADDR' undeclared (first use in this function); did you mean 'STDIN_BASEADDRESS'?
  userInput = XUartPs_ReadReg(UART_BASEADDR, XUARTPS_FIFO_OFFSET);
                              ^~~~~~~~~~~~~
                              STDIN_BASEADDRESS
../src/main.c:86:45: error: 'XUARTPS_FIFO_OFFSET' undeclared (first use in this function); did you mean 'XUL_TX_FIFO_OFFSET'?
  userInput = XUartPs_ReadReg(UART_BASEADDR, XUARTPS_FIFO_OFFSET);
                                             ^~~~~~~~~~~~~~~~~~~
                                             XUL_TX_FIFO_OFFSET
../src/main.c:92:2: error: expected ';' before 'XGpio_SetDataDirection'
  XGpio_SetDataDirection(&gpio0, 1, 0x00000000);
  ^~~~~~~~~~~~~~~~~~~~~~
../src/main.c:148:13: warning: unknown escape sequence: '\M'
  xil_printf("\Matrix C: %d\n", XGpio_DiscreteRead(&gpio18,1), XGpio_DiscreteRead(&gpio19,1),
             ^~~~~~~~~~~~~~~~~
../src/main.c:55:7: warning: unused variable 'g' [-Wunused-variable]
  char g[4];
       ^
../src/main.c:54:11: warning: unused variable 'inNum' [-Wunused-variable]
  int det, inNum;
           ^~~~~
../src/main.c:54:6: warning: variable 'det' set but not used [-Wunused-but-set-variable]
  int det, inNum;
      ^~~
../src/main.c:53:12: warning: unused variable 'Uart0' [-Wunused-variable]
  XUartLite Uart0;
            ^~~~~
make: *** [src/subdir.mk:23: src/main.o] Error 1
15:30:40 **** Auto Build of configuration Debug for project MatrixMultiplication ****
make all 
'Building file: ../src/main.c'
'Invoking: MicroBlaze gcc compiler'
mb-gcc -Wall -O0 -g3 -c -fmessage-length=0 -MT"src/main.o" -I../../MatrixMultiplication_bsp/microblaze_0/include -mlittle-endian -mcpu=v11.0 -mxl-soft-mul -Wl,--no-relax -ffunction-sections -fdata-sections -MMD -MP -MF"src/main.d" -MT"src/main.o" -o "src/main.o" "../src/main.c"
../src/main.c: In function 'main':
../src/main.c:86:2: error: 'userInput' undeclared (first use in this function); did you mean 'useconds_t'?
  userInput = XUartPs_ReadReg(UART_BASEADDR, XUARTPS_FIFO_OFFSET);
  ^~~~~~~~~
  useconds_t
../src/main.c:86:2: note: each undeclared identifier is reported only once for each function it appears in
../src/main.c:86:14: warning: implicit declaration of function 'XUartPs_ReadReg'; did you mean 'XUartLite_ReadReg'? [-Wimplicit-function-declaration]
  userInput = XUartPs_ReadReg(UART_BASEADDR, XUARTPS_FIFO_OFFSET);
              ^~~~~~~~~~~~~~~
              XUartLite_ReadReg
../src/main.c:86:30: error: 'UART_BASEADDR' undeclared (first use in this function); did you mean 'STDIN_BASEADDRESS'?
  userInput = XUartPs_ReadReg(UART_BASEADDR, XUARTPS_FIFO_OFFSET);
                              ^~~~~~~~~~~~~
                              STDIN_BASEADDRESS
../src/main.c:86:45: error: 'XUARTPS_FIFO_OFFSET' undeclared (first use in this function); did you mean 'XUL_TX_FIFO_OFFSET'?
  userInput = XUartPs_ReadReg(UART_BASEADDR, XUARTPS_FIFO_OFFSET);
                                             ^~~~~~~~~~~~~~~~~~~
                                             XUL_TX_FIFO_OFFSET
../src/main.c:92:2: error: expected ';' before 'XGpio_SetDataDirection'
  XGpio_SetDataDirection(&gpio0, 1, 0x00000000);
  ^~~~~~~~~~~~~~~~~~~~~~
../src/main.c:55:7: warning: unused variable 'g' [-Wunused-variable]
  char g[4];
       ^
../src/main.c:54:11: warning: unused variable 'inNum' [-Wunused-variable]
  int det, inNum;
           ^~~~~
../src/main.c:54:6: warning: variable 'det' set but not used [-Wunused-but-set-variable]
  int det, inNum;
      ^~~
../src/main.c:53:12: warning: unused variable 'Uart0' [-Wunused-variable]
  XUartLite Uart0;
            ^~~~~
make: *** [src/subdir.mk:23: src/main.o] Error 1
15:31:29 **** Auto Build of configuration Debug for project MatrixMultiplication ****
make all 
'Building file: ../src/main.c'
'Invoking: MicroBlaze gcc compiler'
mb-gcc -Wall -O0 -g3 -c -fmessage-length=0 -MT"src/main.o" -I../../MatrixMultiplication_bsp/microblaze_0/include -mlittle-endian -mcpu=v11.0 -mxl-soft-mul -Wl,--no-relax -ffunction-sections -fdata-sections -MMD -MP -MF"src/main.d" -MT"src/main.o" -o "src/main.o" "../src/main.c"
../src/main.c: In function 'main':
../src/main.c:55:7: warning: unused variable 'g' [-Wunused-variable]
  char g[4];
       ^
../src/main.c:54:11: warning: unused variable 'inNum' [-Wunused-variable]
  int det, inNum;
           ^~~~~
../src/main.c:54:6: warning: unused variable 'det' [-Wunused-variable]
  int det, inNum;
      ^~~
../src/main.c:53:12: warning: unused variable 'Uart0' [-Wunused-variable]
  XUartLite Uart0;
            ^~~~~
'Finished building: ../src/main.c'
' '
'Building target: MatrixMultiplication.elf'
'Invoking: MicroBlaze gcc linker'
mb-gcc -Wl,-T -Wl,../src/lscript.ld -L../../MatrixMultiplication_bsp/microblaze_0/lib -mlittle-endian -mcpu=v11.0 -mxl-soft-mul -Wl,--no-relax -Wl,--gc-sections -o "MatrixMultiplication.elf"  ./src/main.o   -Wl,--start-group,-lxil,-lgcc,-lc,--end-group
'Finished building target: MatrixMultiplication.elf'
' '
'Invoking: MicroBlaze Print Size'
mb-size MatrixMultiplication.elf  |tee "MatrixMultiplication.elf.size"
   text	   data	    bss	    dec	    hex	filename
   8808	    708	   3116	  12632	   3158	MatrixMultiplication.elf
'Finished building: MatrixMultiplication.elf.size'
' '
15:31:43 **** Auto Build of configuration Debug for project MatrixMultiplication ****
make all 
'Building file: ../src/main.c'
'Invoking: MicroBlaze gcc compiler'
mb-gcc -Wall -O0 -g3 -c -fmessage-length=0 -MT"src/main.o" -I../../MatrixMultiplication_bsp/microblaze_0/include -mlittle-endian -mcpu=v11.0 -mxl-soft-mul -Wl,--no-relax -ffunction-sections -fdata-sections -MMD -MP -MF"src/main.d" -MT"src/main.o" -o "src/main.o" "../src/main.c"
../src/main.c: In function 'main':
../src/main.c:53:12: warning: unused variable 'Uart0' [-Wunused-variable]
  XUartLite Uart0;
            ^~~~~
'Finished building: ../src/main.c'
' '
'Building target: MatrixMultiplication.elf'
'Invoking: MicroBlaze gcc linker'
mb-gcc -Wl,-T -Wl,../src/lscript.ld -L../../MatrixMultiplication_bsp/microblaze_0/lib -mlittle-endian -mcpu=v11.0 -mxl-soft-mul -Wl,--no-relax -Wl,--gc-sections -o "MatrixMultiplication.elf"  ./src/main.o   -Wl,--start-group,-lxil,-lgcc,-lc,--end-group
'Finished building target: MatrixMultiplication.elf'
' '
'Invoking: MicroBlaze Print Size'
mb-size MatrixMultiplication.elf  |tee "MatrixMultiplication.elf.size"
   text	   data	    bss	    dec	    hex	filename
   8808	    708	   3116	  12632	   3158	MatrixMultiplication.elf
'Finished building: MatrixMultiplication.elf.size'
' '
15:32:31 **** Auto Build of configuration Debug for project MatrixMultiplication ****
make all 
'Building file: ../src/main.c'
'Invoking: MicroBlaze gcc compiler'
mb-gcc -Wall -O0 -g3 -c -fmessage-length=0 -MT"src/main.o" -I../../MatrixMultiplication_bsp/microblaze_0/include -mlittle-endian -mcpu=v11.0 -mxl-soft-mul -Wl,--no-relax -ffunction-sections -fdata-sections -MMD -MP -MF"src/main.d" -MT"src/main.o" -o "src/main.o" "../src/main.c"
'Finished building: ../src/main.c'
' '
'Building target: MatrixMultiplication.elf'
'Invoking: MicroBlaze gcc linker'
mb-gcc -Wl,-T -Wl,../src/lscript.ld -L../../MatrixMultiplication_bsp/microblaze_0/lib -mlittle-endian -mcpu=v11.0 -mxl-soft-mul -Wl,--no-relax -Wl,--gc-sections -o "MatrixMultiplication.elf"  ./src/main.o   -Wl,--start-group,-lxil,-lgcc,-lc,--end-group
'Finished building target: MatrixMultiplication.elf'
' '
'Invoking: MicroBlaze Print Size'
mb-size MatrixMultiplication.elf  |tee "MatrixMultiplication.elf.size"
   text	   data	    bss	    dec	    hex	filename
   8808	    708	   3116	  12632	   3158	MatrixMultiplication.elf
'Finished building: MatrixMultiplication.elf.size'
' '
15:33:24 **** Incremental Build of configuration Debug for project MatrixMultiplication ****
make all 
make: Nothing to be done for 'all'.
15:33:43 **** Auto Build of configuration Debug for project MatrixMultiplication ****
make all 
'Building file: ../src/main.c'
'Invoking: MicroBlaze gcc compiler'
mb-gcc -Wall -O0 -g3 -c -fmessage-length=0 -MT"src/main.o" -I../../MatrixMultiplication_bsp/microblaze_0/include -mlittle-endian -mcpu=v11.0 -mxl-soft-mul -Wl,--no-relax -ffunction-sections -fdata-sections -MMD -MP -MF"src/main.d" -MT"src/main.o" -o "src/main.o" "../src/main.c"
'Finished building: ../src/main.c'
' '
'Building target: MatrixMultiplication.elf'
'Invoking: MicroBlaze gcc linker'
mb-gcc -Wl,-T -Wl,../src/lscript.ld -L../../MatrixMultiplication_bsp/microblaze_0/lib -mlittle-endian -mcpu=v11.0 -mxl-soft-mul -Wl,--no-relax -Wl,--gc-sections -o "MatrixMultiplication.elf"  ./src/main.o   -Wl,--start-group,-lxil,-lgcc,-lc,--end-group
'Finished building target: MatrixMultiplication.elf'
' '
'Invoking: MicroBlaze Print Size'
mb-size MatrixMultiplication.elf  |tee "MatrixMultiplication.elf.size"
   text	   data	    bss	    dec	    hex	filename
   8804	    708	   3120	  12632	   3158	MatrixMultiplication.elf
'Finished building: MatrixMultiplication.elf.size'
' '
15:34:14 **** Incremental Build of configuration Debug for project MatrixMultiplication ****
make all 
make: Nothing to be done for 'all'.
15:34:28 **** Incremental Build of configuration Debug for project MatrixMultiplication ****
make all 
make: Nothing to be done for 'all'.
15:46:44 **** Auto Build of configuration Debug for project MatrixMultiplication ****
make all 
'Building file: ../src/main.c'
'Invoking: MicroBlaze gcc compiler'
mb-gcc -Wall -O0 -g3 -c -fmessage-length=0 -MT"src/main.o" -I../../MatrixMultiplication_bsp/microblaze_0/include -mlittle-endian -mcpu=v11.0 -mxl-soft-mul -Wl,--no-relax -ffunction-sections -fdata-sections -MMD -MP -MF"src/main.d" -MT"src/main.o" -o "src/main.o" "../src/main.c"
'Finished building: ../src/main.c'
' '
'Building target: MatrixMultiplication.elf'
'Invoking: MicroBlaze gcc linker'
mb-gcc -Wl,-T -Wl,../src/lscript.ld -L../../MatrixMultiplication_bsp/microblaze_0/lib -mlittle-endian -mcpu=v11.0 -mxl-soft-mul -Wl,--no-relax -Wl,--gc-sections -o "MatrixMultiplication.elf"  ./src/main.o   -Wl,--start-group,-lxil,-lgcc,-lc,--end-group
'Finished building target: MatrixMultiplication.elf'
' '
'Invoking: MicroBlaze Print Size'
mb-size MatrixMultiplication.elf  |tee "MatrixMultiplication.elf.size"
   text	   data	    bss	    dec	    hex	filename
   9020	    708	   3120	  12848	   3230	MatrixMultiplication.elf
'Finished building: MatrixMultiplication.elf.size'
' '
15:48:22 **** Auto Build of configuration Debug for project MatrixMultiplication ****
make all 
'Building file: ../src/main.c'
'Invoking: MicroBlaze gcc compiler'
mb-gcc -Wall -O0 -g3 -c -fmessage-length=0 -MT"src/main.o" -I../../MatrixMultiplication_bsp/microblaze_0/include -mlittle-endian -mcpu=v11.0 -mxl-soft-mul -Wl,--no-relax -ffunction-sections -fdata-sections -MMD -MP -MF"src/main.d" -MT"src/main.o" -o "src/main.o" "../src/main.c"
../src/main.c: In function 'main':
../src/main.c:150:10: error: assignment to expression with array type
  MatrixC = XGpio_DiscreteRead(&gpio18,1), XGpio_DiscreteRead(&gpio19,1),
          ^
../src/main.c:150:41: warning: left-hand operand of comma expression has no effect [-Wunused-value]
  MatrixC = XGpio_DiscreteRead(&gpio18,1), XGpio_DiscreteRead(&gpio19,1),
                                         ^
../src/main.c:149:6: warning: variable 'MatrixC' set but not used [-Wunused-but-set-variable]
  int MatrixC[9];
      ^~~~~~~
make: *** [src/subdir.mk:23: src/main.o] Error 1
15:48:59 **** Auto Build of configuration Debug for project MatrixMultiplication ****
make all 
'Building file: ../src/main.c'
'Invoking: MicroBlaze gcc compiler'
mb-gcc -Wall -O0 -g3 -c -fmessage-length=0 -MT"src/main.o" -I../../MatrixMultiplication_bsp/microblaze_0/include -mlittle-endian -mcpu=v11.0 -mxl-soft-mul -Wl,--no-relax -ffunction-sections -fdata-sections -MMD -MP -MF"src/main.d" -MT"src/main.o" -o "src/main.o" "../src/main.c"
../src/main.c: In function 'main':
../src/main.c:149:6: warning: variable 'MatrixC' set but not used [-Wunused-but-set-variable]
  int MatrixC[9];
      ^~~~~~~
'Finished building: ../src/main.c'
' '
'Building target: MatrixMultiplication.elf'
'Invoking: MicroBlaze gcc linker'
mb-gcc -Wl,-T -Wl,../src/lscript.ld -L../../MatrixMultiplication_bsp/microblaze_0/lib -mlittle-endian -mcpu=v11.0 -mxl-soft-mul -Wl,--no-relax -Wl,--gc-sections -o "MatrixMultiplication.elf"  ./src/main.o   -Wl,--start-group,-lxil,-lgcc,-lc,--end-group
'Finished building target: MatrixMultiplication.elf'
' '
'Invoking: MicroBlaze Print Size'
mb-size MatrixMultiplication.elf  |tee "MatrixMultiplication.elf.size"
   text	   data	    bss	    dec	    hex	filename
   9048	    708	   3116	  12872	   3248	MatrixMultiplication.elf
'Finished building: MatrixMultiplication.elf.size'
' '
15:50:00 **** Auto Build of configuration Debug for project MatrixMultiplication ****
make all 
'Building file: ../src/main.c'
'Invoking: MicroBlaze gcc compiler'
mb-gcc -Wall -O0 -g3 -c -fmessage-length=0 -MT"src/main.o" -I../../MatrixMultiplication_bsp/microblaze_0/include -mlittle-endian -mcpu=v11.0 -mxl-soft-mul -Wl,--no-relax -ffunction-sections -fdata-sections -MMD -MP -MF"src/main.d" -MT"src/main.o" -o "src/main.o" "../src/main.c"
'Finished building: ../src/main.c'
' '
'Building target: MatrixMultiplication.elf'
'Invoking: MicroBlaze gcc linker'
mb-gcc -Wl,-T -Wl,../src/lscript.ld -L../../MatrixMultiplication_bsp/microblaze_0/lib -mlittle-endian -mcpu=v11.0 -mxl-soft-mul -Wl,--no-relax -Wl,--gc-sections -o "MatrixMultiplication.elf"  ./src/main.o   -Wl,--start-group,-lxil,-lgcc,-lc,--end-group
'Finished building target: MatrixMultiplication.elf'
' '
'Invoking: MicroBlaze Print Size'
mb-size MatrixMultiplication.elf  |tee "MatrixMultiplication.elf.size"
   text	   data	    bss	    dec	    hex	filename
   8964	    708	   3120	  12792	   31f8	MatrixMultiplication.elf
'Finished building: MatrixMultiplication.elf.size'
' '
15:50:36 **** Incremental Build of configuration Debug for project MatrixMultiplication ****
make all 
make: Nothing to be done for 'all'.
15:51:46 **** Incremental Build of configuration Debug for project MatrixMultiplication ****
make all 
make: Nothing to be done for 'all'.
15:52:06 **** Auto Build of configuration Debug for project MatrixMultiplication ****
make all 
'Building file: ../src/main.c'
'Invoking: MicroBlaze gcc compiler'
mb-gcc -Wall -O0 -g3 -c -fmessage-length=0 -MT"src/main.o" -I../../MatrixMultiplication_bsp/microblaze_0/include -mlittle-endian -mcpu=v11.0 -mxl-soft-mul -Wl,--no-relax -ffunction-sections -fdata-sections -MMD -MP -MF"src/main.d" -MT"src/main.o" -o "src/main.o" "../src/main.c"
'Finished building: ../src/main.c'
' '
'Building target: MatrixMultiplication.elf'
'Invoking: MicroBlaze gcc linker'
mb-gcc -Wl,-T -Wl,../src/lscript.ld -L../../MatrixMultiplication_bsp/microblaze_0/lib -mlittle-endian -mcpu=v11.0 -mxl-soft-mul -Wl,--no-relax -Wl,--gc-sections -o "MatrixMultiplication.elf"  ./src/main.o   -Wl,--start-group,-lxil,-lgcc,-lc,--end-group
'Finished building target: MatrixMultiplication.elf'
' '
'Invoking: MicroBlaze Print Size'
mb-size MatrixMultiplication.elf  |tee "MatrixMultiplication.elf.size"
   text	   data	    bss	    dec	    hex	filename
   8748	    708	   3120	  12576	   3120	MatrixMultiplication.elf
'Finished building: MatrixMultiplication.elf.size'
' '
15:52:19 **** Auto Build of configuration Debug for project MatrixMultiplication ****
make all 
'Building file: ../src/main.c'
'Invoking: MicroBlaze gcc compiler'
mb-gcc -Wall -O0 -g3 -c -fmessage-length=0 -MT"src/main.o" -I../../MatrixMultiplication_bsp/microblaze_0/include -mlittle-endian -mcpu=v11.0 -mxl-soft-mul -Wl,--no-relax -ffunction-sections -fdata-sections -MMD -MP -MF"src/main.d" -MT"src/main.o" -o "src/main.o" "../src/main.c"
'Finished building: ../src/main.c'
' '
'Building target: MatrixMultiplication.elf'
'Invoking: MicroBlaze gcc linker'
mb-gcc -Wl,-T -Wl,../src/lscript.ld -L../../MatrixMultiplication_bsp/microblaze_0/lib -mlittle-endian -mcpu=v11.0 -mxl-soft-mul -Wl,--no-relax -Wl,--gc-sections -o "MatrixMultiplication.elf"  ./src/main.o   -Wl,--start-group,-lxil,-lgcc,-lc,--end-group
'Finished building target: MatrixMultiplication.elf'
' '
'Invoking: MicroBlaze Print Size'
mb-size MatrixMultiplication.elf  |tee "MatrixMultiplication.elf.size"
   text	   data	    bss	    dec	    hex	filename
   8748	    708	   3120	  12576	   3120	MatrixMultiplication.elf
'Finished building: MatrixMultiplication.elf.size'
' '
15:52:24 **** Incremental Build of configuration Debug for project MatrixMultiplication ****
make all 
make: Nothing to be done for 'all'.
15:52:36 **** Auto Build of configuration Debug for project MatrixMultiplication ****
make all 
'Building file: ../src/main.c'
'Invoking: MicroBlaze gcc compiler'
mb-gcc -Wall -O0 -g3 -c -fmessage-length=0 -MT"src/main.o" -I../../MatrixMultiplication_bsp/microblaze_0/include -mlittle-endian -mcpu=v11.0 -mxl-soft-mul -Wl,--no-relax -ffunction-sections -fdata-sections -MMD -MP -MF"src/main.d" -MT"src/main.o" -o "src/main.o" "../src/main.c"
'Finished building: ../src/main.c'
' '
'Building target: MatrixMultiplication.elf'
'Invoking: MicroBlaze gcc linker'
mb-gcc -Wl,-T -Wl,../src/lscript.ld -L../../MatrixMultiplication_bsp/microblaze_0/lib -mlittle-endian -mcpu=v11.0 -mxl-soft-mul -Wl,--no-relax -Wl,--gc-sections -o "MatrixMultiplication.elf"  ./src/main.o   -Wl,--start-group,-lxil,-lgcc,-lc,--end-group
'Finished building target: MatrixMultiplication.elf'
' '
'Invoking: MicroBlaze Print Size'
mb-size MatrixMultiplication.elf  |tee "MatrixMultiplication.elf.size"
   text	   data	    bss	    dec	    hex	filename
   8748	    708	   3120	  12576	   3120	MatrixMultiplication.elf
'Finished building: MatrixMultiplication.elf.size'
' '
15:52:44 **** Incremental Build of configuration Debug for project MatrixMultiplication ****
make all 
make: Nothing to be done for 'all'.
15:55:51 **** Auto Build of configuration Debug for project MatrixMultiplication ****
make all 
'Building file: ../src/main.c'
'Invoking: MicroBlaze gcc compiler'
mb-gcc -Wall -O0 -g3 -c -fmessage-length=0 -MT"src/main.o" -I../../MatrixMultiplication_bsp/microblaze_0/include -mlittle-endian -mcpu=v11.0 -mxl-soft-mul -Wl,--no-relax -ffunction-sections -fdata-sections -MMD -MP -MF"src/main.d" -MT"src/main.o" -o "src/main.o" "../src/main.c"
'Finished building: ../src/main.c'
' '
'Building target: MatrixMultiplication.elf'
'Invoking: MicroBlaze gcc linker'
mb-gcc -Wl,-T -Wl,../src/lscript.ld -L../../MatrixMultiplication_bsp/microblaze_0/lib -mlittle-endian -mcpu=v11.0 -mxl-soft-mul -Wl,--no-relax -Wl,--gc-sections -o "MatrixMultiplication.elf"  ./src/main.o   -Wl,--start-group,-lxil,-lgcc,-lc,--end-group
'Finished building target: MatrixMultiplication.elf'
' '
'Invoking: MicroBlaze Print Size'
mb-size MatrixMultiplication.elf  |tee "MatrixMultiplication.elf.size"
   text	   data	    bss	    dec	    hex	filename
   8748	    708	   3120	  12576	   3120	MatrixMultiplication.elf
'Finished building: MatrixMultiplication.elf.size'
' '
15:57:31 **** Auto Build of configuration Debug for project MatrixMultiplication ****
make all 
'Building file: ../src/main.c'
'Invoking: MicroBlaze gcc compiler'
mb-gcc -Wall -O0 -g3 -c -fmessage-length=0 -MT"src/main.o" -I../../MatrixMultiplication_bsp/microblaze_0/include -mlittle-endian -mcpu=v11.0 -mxl-soft-mul -Wl,--no-relax -ffunction-sections -fdata-sections -MMD -MP -MF"src/main.d" -MT"src/main.o" -o "src/main.o" "../src/main.c"
'Finished building: ../src/main.c'
' '
'Building target: MatrixMultiplication.elf'
'Invoking: MicroBlaze gcc linker'
mb-gcc -Wl,-T -Wl,../src/lscript.ld -L../../MatrixMultiplication_bsp/microblaze_0/lib -mlittle-endian -mcpu=v11.0 -mxl-soft-mul -Wl,--no-relax -Wl,--gc-sections -o "MatrixMultiplication.elf"  ./src/main.o   -Wl,--start-group,-lxil,-lgcc,-lc,--end-group
'Finished building target: MatrixMultiplication.elf'
' '
'Invoking: MicroBlaze Print Size'
mb-size MatrixMultiplication.elf  |tee "MatrixMultiplication.elf.size"
   text	   data	    bss	    dec	    hex	filename
   8752	    708	   3116	  12576	   3120	MatrixMultiplication.elf
'Finished building: MatrixMultiplication.elf.size'
' '
15:57:46 **** Incremental Build of configuration Debug for project MatrixMultiplication ****
make all 
make: Nothing to be done for 'all'.
15:58:04 **** Auto Build of configuration Debug for project MatrixMultiplication ****
make all 
'Building file: ../src/main.c'
'Invoking: MicroBlaze gcc compiler'
mb-gcc -Wall -O0 -g3 -c -fmessage-length=0 -MT"src/main.o" -I../../MatrixMultiplication_bsp/microblaze_0/include -mlittle-endian -mcpu=v11.0 -mxl-soft-mul -Wl,--no-relax -ffunction-sections -fdata-sections -MMD -MP -MF"src/main.d" -MT"src/main.o" -o "src/main.o" "../src/main.c"
'Finished building: ../src/main.c'
' '
'Building target: MatrixMultiplication.elf'
'Invoking: MicroBlaze gcc linker'
mb-gcc -Wl,-T -Wl,../src/lscript.ld -L../../MatrixMultiplication_bsp/microblaze_0/lib -mlittle-endian -mcpu=v11.0 -mxl-soft-mul -Wl,--no-relax -Wl,--gc-sections -o "MatrixMultiplication.elf"  ./src/main.o   -Wl,--start-group,-lxil,-lgcc,-lc,--end-group
'Finished building target: MatrixMultiplication.elf'
' '
'Invoking: MicroBlaze Print Size'
mb-size MatrixMultiplication.elf  |tee "MatrixMultiplication.elf.size"
   text	   data	    bss	    dec	    hex	filename
   8752	    708	   3116	  12576	   3120	MatrixMultiplication.elf
'Finished building: MatrixMultiplication.elf.size'
' '
15:58:09 **** Incremental Build of configuration Debug for project MatrixMultiplication ****
make all 
make: Nothing to be done for 'all'.
15:58:31 **** Auto Build of configuration Debug for project MatrixMultiplication ****
make all 
'Building file: ../src/main.c'
'Invoking: MicroBlaze gcc compiler'
mb-gcc -Wall -O0 -g3 -c -fmessage-length=0 -MT"src/main.o" -I../../MatrixMultiplication_bsp/microblaze_0/include -mlittle-endian -mcpu=v11.0 -mxl-soft-mul -Wl,--no-relax -ffunction-sections -fdata-sections -MMD -MP -MF"src/main.d" -MT"src/main.o" -o "src/main.o" "../src/main.c"
'Finished building: ../src/main.c'
' '
'Building target: MatrixMultiplication.elf'
'Invoking: MicroBlaze gcc linker'
mb-gcc -Wl,-T -Wl,../src/lscript.ld -L../../MatrixMultiplication_bsp/microblaze_0/lib -mlittle-endian -mcpu=v11.0 -mxl-soft-mul -Wl,--no-relax -Wl,--gc-sections -o "MatrixMultiplication.elf"  ./src/main.o   -Wl,--start-group,-lxil,-lgcc,-lc,--end-group
'Finished building target: MatrixMultiplication.elf'
' '
'Invoking: MicroBlaze Print Size'
mb-size MatrixMultiplication.elf  |tee "MatrixMultiplication.elf.size"
   text	   data	    bss	    dec	    hex	filename
   8752	    708	   3116	  12576	   3120	MatrixMultiplication.elf
'Finished building: MatrixMultiplication.elf.size'
' '
15:58:35 **** Incremental Build of configuration Debug for project MatrixMultiplication ****
make all 
make: Nothing to be done for 'all'.
15:58:56 **** Incremental Build of configuration Debug for project MatrixMultiplication ****
make all 
make: Nothing to be done for 'all'.
15:59:30 **** Auto Build of configuration Debug for project MatrixMultiplication ****
make all 
'Building file: ../src/main.c'
'Invoking: MicroBlaze gcc compiler'
mb-gcc -Wall -O0 -g3 -c -fmessage-length=0 -MT"src/main.o" -I../../MatrixMultiplication_bsp/microblaze_0/include -mlittle-endian -mcpu=v11.0 -mxl-soft-mul -Wl,--no-relax -ffunction-sections -fdata-sections -MMD -MP -MF"src/main.d" -MT"src/main.o" -o "src/main.o" "../src/main.c"
'Finished building: ../src/main.c'
' '
'Building target: MatrixMultiplication.elf'
'Invoking: MicroBlaze gcc linker'
mb-gcc -Wl,-T -Wl,../src/lscript.ld -L../../MatrixMultiplication_bsp/microblaze_0/lib -mlittle-endian -mcpu=v11.0 -mxl-soft-mul -Wl,--no-relax -Wl,--gc-sections -o "MatrixMultiplication.elf"  ./src/main.o   -Wl,--start-group,-lxil,-lgcc,-lc,--end-group
'Finished building target: MatrixMultiplication.elf'
' '
'Invoking: MicroBlaze Print Size'
mb-size MatrixMultiplication.elf  |tee "MatrixMultiplication.elf.size"
   text	   data	    bss	    dec	    hex	filename
   8752	    708	   3116	  12576	   3120	MatrixMultiplication.elf
'Finished building: MatrixMultiplication.elf.size'
' '
15:59:32 **** Incremental Build of configuration Debug for project MatrixMultiplication ****
make all 
make: Nothing to be done for 'all'.
16:00:23 **** Auto Build of configuration Debug for project MatrixMultiplication ****
make all 
'Building file: ../src/main.c'
'Invoking: MicroBlaze gcc compiler'
mb-gcc -Wall -O0 -g3 -c -fmessage-length=0 -MT"src/main.o" -I../../MatrixMultiplication_bsp/microblaze_0/include -mlittle-endian -mcpu=v11.0 -mxl-soft-mul -Wl,--no-relax -ffunction-sections -fdata-sections -MMD -MP -MF"src/main.d" -MT"src/main.o" -o "src/main.o" "../src/main.c"
'Finished building: ../src/main.c'
' '
'Building target: MatrixMultiplication.elf'
'Invoking: MicroBlaze gcc linker'
mb-gcc -Wl,-T -Wl,../src/lscript.ld -L../../MatrixMultiplication_bsp/microblaze_0/lib -mlittle-endian -mcpu=v11.0 -mxl-soft-mul -Wl,--no-relax -Wl,--gc-sections -o "MatrixMultiplication.elf"  ./src/main.o   -Wl,--start-group,-lxil,-lgcc,-lc,--end-group
'Finished building target: MatrixMultiplication.elf'
' '
'Invoking: MicroBlaze Print Size'
mb-size MatrixMultiplication.elf  |tee "MatrixMultiplication.elf.size"
   text	   data	    bss	    dec	    hex	filename
   8752	    708	   3116	  12576	   3120	MatrixMultiplication.elf
'Finished building: MatrixMultiplication.elf.size'
' '
16:00:29 **** Auto Build of configuration Debug for project MatrixMultiplication ****
make all 
'Building file: ../src/main.c'
'Invoking: MicroBlaze gcc compiler'
mb-gcc -Wall -O0 -g3 -c -fmessage-length=0 -MT"src/main.o" -I../../MatrixMultiplication_bsp/microblaze_0/include -mlittle-endian -mcpu=v11.0 -mxl-soft-mul -Wl,--no-relax -ffunction-sections -fdata-sections -MMD -MP -MF"src/main.d" -MT"src/main.o" -o "src/main.o" "../src/main.c"
'Finished building: ../src/main.c'
' '
'Building target: MatrixMultiplication.elf'
'Invoking: MicroBlaze gcc linker'
mb-gcc -Wl,-T -Wl,../src/lscript.ld -L../../MatrixMultiplication_bsp/microblaze_0/lib -mlittle-endian -mcpu=v11.0 -mxl-soft-mul -Wl,--no-relax -Wl,--gc-sections -o "MatrixMultiplication.elf"  ./src/main.o   -Wl,--start-group,-lxil,-lgcc,-lc,--end-group
'Finished building target: MatrixMultiplication.elf'
' '
'Invoking: MicroBlaze Print Size'
mb-size MatrixMultiplication.elf  |tee "MatrixMultiplication.elf.size"
   text	   data	    bss	    dec	    hex	filename
   8752	    708	   3116	  12576	   3120	MatrixMultiplication.elf
'Finished building: MatrixMultiplication.elf.size'
' '
16:00:32 **** Incremental Build of configuration Debug for project MatrixMultiplication ****
make all 
make: Nothing to be done for 'all'.
16:21:26 **** Auto Build of configuration Debug for project MatrixMultiplication ****
make all 
'Building file: ../src/main.c'
'Invoking: MicroBlaze gcc compiler'
mb-gcc -Wall -O0 -g3 -c -fmessage-length=0 -MT"src/main.o" -I../../MatrixMultiplication_bsp/microblaze_0/include -mlittle-endian -mcpu=v11.0 -mxl-soft-mul -Wl,--no-relax -ffunction-sections -fdata-sections -MMD -MP -MF"src/main.d" -MT"src/main.o" -o "src/main.o" "../src/main.c"
'Finished building: ../src/main.c'
' '
'Building target: MatrixMultiplication.elf'
'Invoking: MicroBlaze gcc linker'
mb-gcc -Wl,-T -Wl,../src/lscript.ld -L../../MatrixMultiplication_bsp/microblaze_0/lib -mlittle-endian -mcpu=v11.0 -mxl-soft-mul -Wl,--no-relax -Wl,--gc-sections -o "MatrixMultiplication.elf"  ./src/main.o   -Wl,--start-group,-lxil,-lgcc,-lc,--end-group
'Finished building target: MatrixMultiplication.elf'
' '
'Invoking: MicroBlaze Print Size'
mb-size MatrixMultiplication.elf  |tee "MatrixMultiplication.elf.size"
   text	   data	    bss	    dec	    hex	filename
   8752	    708	   3116	  12576	   3120	MatrixMultiplication.elf
'Finished building: MatrixMultiplication.elf.size'
' '
16:21:36 **** Incremental Build of configuration Debug for project MatrixMultiplication ****
make all 
make: Nothing to be done for 'all'.
16:26:21 **** Auto Build of configuration Debug for project MatrixMultiplication ****
make all 
'Building file: ../src/main.c'
'Invoking: MicroBlaze gcc compiler'
mb-gcc -Wall -O0 -g3 -c -fmessage-length=0 -MT"src/main.o" -I../../MatrixMultiplication_bsp/microblaze_0/include -mlittle-endian -mcpu=v11.0 -mxl-soft-mul -Wl,--no-relax -ffunction-sections -fdata-sections -MMD -MP -MF"src/main.d" -MT"src/main.o" -o "src/main.o" "../src/main.c"
'Finished building: ../src/main.c'
' '
'Building target: MatrixMultiplication.elf'
'Invoking: MicroBlaze gcc linker'
mb-gcc -Wl,-T -Wl,../src/lscript.ld -L../../MatrixMultiplication_bsp/microblaze_0/lib -mlittle-endian -mcpu=v11.0 -mxl-soft-mul -Wl,--no-relax -Wl,--gc-sections -o "MatrixMultiplication.elf"  ./src/main.o   -Wl,--start-group,-lxil,-lgcc,-lc,--end-group
'Finished building target: MatrixMultiplication.elf'
' '
'Invoking: MicroBlaze Print Size'
mb-size MatrixMultiplication.elf  |tee "MatrixMultiplication.elf.size"
   text	   data	    bss	    dec	    hex	filename
   8752	    708	   3116	  12576	   3120	MatrixMultiplication.elf
'Finished building: MatrixMultiplication.elf.size'
' '
16:26:35 **** Incremental Build of configuration Debug for project MatrixMultiplication ****
make all 
make: Nothing to be done for 'all'.
16:27:45 **** Auto Build of configuration Debug for project MatrixMultiplication ****
make all 
'Building file: ../src/main.c'
'Invoking: MicroBlaze gcc compiler'
mb-gcc -Wall -O0 -g3 -c -fmessage-length=0 -MT"src/main.o" -I../../MatrixMultiplication_bsp/microblaze_0/include -mlittle-endian -mcpu=v11.0 -mxl-soft-mul -Wl,--no-relax -ffunction-sections -fdata-sections -MMD -MP -MF"src/main.d" -MT"src/main.o" -o "src/main.o" "../src/main.c"
'Finished building: ../src/main.c'
' '
'Building target: MatrixMultiplication.elf'
'Invoking: MicroBlaze gcc linker'
mb-gcc -Wl,-T -Wl,../src/lscript.ld -L../../MatrixMultiplication_bsp/microblaze_0/lib -mlittle-endian -mcpu=v11.0 -mxl-soft-mul -Wl,--no-relax -Wl,--gc-sections -o "MatrixMultiplication.elf"  ./src/main.o   -Wl,--start-group,-lxil,-lgcc,-lc,--end-group
'Finished building target: MatrixMultiplication.elf'
' '
'Invoking: MicroBlaze Print Size'
mb-size MatrixMultiplication.elf  |tee "MatrixMultiplication.elf.size"
   text	   data	    bss	    dec	    hex	filename
   8752	    708	   3116	  12576	   3120	MatrixMultiplication.elf
'Finished building: MatrixMultiplication.elf.size'
' '
16:27:59 **** Incremental Build of configuration Debug for project MatrixMultiplication ****
make all 
make: Nothing to be done for 'all'.
16:30:01 **** Auto Build of configuration Debug for project MatrixMultiplication ****
make all 
'Building file: ../src/main.c'
'Invoking: MicroBlaze gcc compiler'
mb-gcc -Wall -O0 -g3 -c -fmessage-length=0 -MT"src/main.o" -I../../MatrixMultiplication_bsp/microblaze_0/include -mlittle-endian -mcpu=v11.0 -mxl-soft-mul -Wl,--no-relax -ffunction-sections -fdata-sections -MMD -MP -MF"src/main.d" -MT"src/main.o" -o "src/main.o" "../src/main.c"
'Finished building: ../src/main.c'
' '
'Building target: MatrixMultiplication.elf'
'Invoking: MicroBlaze gcc linker'
mb-gcc -Wl,-T -Wl,../src/lscript.ld -L../../MatrixMultiplication_bsp/microblaze_0/lib -mlittle-endian -mcpu=v11.0 -mxl-soft-mul -Wl,--no-relax -Wl,--gc-sections -o "MatrixMultiplication.elf"  ./src/main.o   -Wl,--start-group,-lxil,-lgcc,-lc,--end-group
'Finished building target: MatrixMultiplication.elf'
' '
'Invoking: MicroBlaze Print Size'
mb-size MatrixMultiplication.elf  |tee "MatrixMultiplication.elf.size"
   text	   data	    bss	    dec	    hex	filename
   8824	    708	   3116	  12648	   3168	MatrixMultiplication.elf
'Finished building: MatrixMultiplication.elf.size'
' '
16:30:11 **** Incremental Build of configuration Debug for project MatrixMultiplication ****
make all 
make: Nothing to be done for 'all'.
16:31:06 **** Auto Build of configuration Debug for project MatrixMultiplication ****
make all 
'Building file: ../src/main.c'
'Invoking: MicroBlaze gcc compiler'
mb-gcc -Wall -O0 -g3 -c -fmessage-length=0 -MT"src/main.o" -I../../MatrixMultiplication_bsp/microblaze_0/include -mlittle-endian -mcpu=v11.0 -mxl-soft-mul -Wl,--no-relax -ffunction-sections -fdata-sections -MMD -MP -MF"src/main.d" -MT"src/main.o" -o "src/main.o" "../src/main.c"
'Finished building: ../src/main.c'
' '
'Building target: MatrixMultiplication.elf'
'Invoking: MicroBlaze gcc linker'
mb-gcc -Wl,-T -Wl,../src/lscript.ld -L../../MatrixMultiplication_bsp/microblaze_0/lib -mlittle-endian -mcpu=v11.0 -mxl-soft-mul -Wl,--no-relax -Wl,--gc-sections -o "MatrixMultiplication.elf"  ./src/main.o   -Wl,--start-group,-lxil,-lgcc,-lc,--end-group
'Finished building target: MatrixMultiplication.elf'
' '
'Invoking: MicroBlaze Print Size'
mb-size MatrixMultiplication.elf  |tee "MatrixMultiplication.elf.size"
   text	   data	    bss	    dec	    hex	filename
   8776	    708	   3116	  12600	   3138	MatrixMultiplication.elf
'Finished building: MatrixMultiplication.elf.size'
' '
16:31:10 **** Incremental Build of configuration Debug for project MatrixMultiplication ****
make all 
make: Nothing to be done for 'all'.
16:31:29 **** Auto Build of configuration Debug for project MatrixMultiplication ****
make all 
'Building file: ../src/main.c'
'Invoking: MicroBlaze gcc compiler'
mb-gcc -Wall -O0 -g3 -c -fmessage-length=0 -MT"src/main.o" -I../../MatrixMultiplication_bsp/microblaze_0/include -mlittle-endian -mcpu=v11.0 -mxl-soft-mul -Wl,--no-relax -ffunction-sections -fdata-sections -MMD -MP -MF"src/main.d" -MT"src/main.o" -o "src/main.o" "../src/main.c"
'Finished building: ../src/main.c'
' '
'Building target: MatrixMultiplication.elf'
'Invoking: MicroBlaze gcc linker'
mb-gcc -Wl,-T -Wl,../src/lscript.ld -L../../MatrixMultiplication_bsp/microblaze_0/lib -mlittle-endian -mcpu=v11.0 -mxl-soft-mul -Wl,--no-relax -Wl,--gc-sections -o "MatrixMultiplication.elf"  ./src/main.o   -Wl,--start-group,-lxil,-lgcc,-lc,--end-group
'Finished building target: MatrixMultiplication.elf'
' '
'Invoking: MicroBlaze Print Size'
mb-size MatrixMultiplication.elf  |tee "MatrixMultiplication.elf.size"
   text	   data	    bss	    dec	    hex	filename
   8752	    708	   3116	  12576	   3120	MatrixMultiplication.elf
'Finished building: MatrixMultiplication.elf.size'
' '
16:31:32 **** Incremental Build of configuration Debug for project MatrixMultiplication ****
make all 
make: Nothing to be done for 'all'.
16:31:41 **** Auto Build of configuration Debug for project MatrixMultiplication ****
make all 
'Building file: ../src/main.c'
'Invoking: MicroBlaze gcc compiler'
mb-gcc -Wall -O0 -g3 -c -fmessage-length=0 -MT"src/main.o" -I../../MatrixMultiplication_bsp/microblaze_0/include -mlittle-endian -mcpu=v11.0 -mxl-soft-mul -Wl,--no-relax -ffunction-sections -fdata-sections -MMD -MP -MF"src/main.d" -MT"src/main.o" -o "src/main.o" "../src/main.c"
'Finished building: ../src/main.c'
' '
'Building target: MatrixMultiplication.elf'
'Invoking: MicroBlaze gcc linker'
mb-gcc -Wl,-T -Wl,../src/lscript.ld -L../../MatrixMultiplication_bsp/microblaze_0/lib -mlittle-endian -mcpu=v11.0 -mxl-soft-mul -Wl,--no-relax -Wl,--gc-sections -o "MatrixMultiplication.elf"  ./src/main.o   -Wl,--start-group,-lxil,-lgcc,-lc,--end-group
'Finished building target: MatrixMultiplication.elf'
' '
'Invoking: MicroBlaze Print Size'
mb-size MatrixMultiplication.elf  |tee "MatrixMultiplication.elf.size"
   text	   data	    bss	    dec	    hex	filename
   8824	    708	   3116	  12648	   3168	MatrixMultiplication.elf
'Finished building: MatrixMultiplication.elf.size'
' '
16:31:44 **** Incremental Build of configuration Debug for project MatrixMultiplication ****
make all 
make: Nothing to be done for 'all'.
16:33:28 **** Auto Build of configuration Debug for project MatrixMultiplication ****
make all 
'Building file: ../src/main.c'
'Invoking: MicroBlaze gcc compiler'
mb-gcc -Wall -O0 -g3 -c -fmessage-length=0 -MT"src/main.o" -I../../MatrixMultiplication_bsp/microblaze_0/include -mlittle-endian -mcpu=v11.0 -mxl-soft-mul -Wl,--no-relax -ffunction-sections -fdata-sections -MMD -MP -MF"src/main.d" -MT"src/main.o" -o "src/main.o" "../src/main.c"
../src/main.c: In function 'main':
../src/main.c:143:6: warning: unused variable 'MatrixB' [-Wunused-variable]
  int MatrixB[8];
      ^~~~~~~
../src/main.c:142:6: warning: unused variable 'MatrixA' [-Wunused-variable]
  int MatrixA[8];
      ^~~~~~~
'Finished building: ../src/main.c'
' '
'Building target: MatrixMultiplication.elf'
'Invoking: MicroBlaze gcc linker'
mb-gcc -Wl,-T -Wl,../src/lscript.ld -L../../MatrixMultiplication_bsp/microblaze_0/lib -mlittle-endian -mcpu=v11.0 -mxl-soft-mul -Wl,--no-relax -Wl,--gc-sections -o "MatrixMultiplication.elf"  ./src/main.o   -Wl,--start-group,-lxil,-lgcc,-lc,--end-group
'Finished building target: MatrixMultiplication.elf'
' '
'Invoking: MicroBlaze Print Size'
mb-size MatrixMultiplication.elf  |tee "MatrixMultiplication.elf.size"
   text	   data	    bss	    dec	    hex	filename
   8832	    708	   3116	  12656	   3170	MatrixMultiplication.elf
'Finished building: MatrixMultiplication.elf.size'
' '
16:33:35 **** Incremental Build of configuration Debug for project MatrixMultiplication ****
make all 
make: Nothing to be done for 'all'.
16:33:56 **** Auto Build of configuration Debug for project MatrixMultiplication ****
make all 
'Building file: ../src/main.c'
'Invoking: MicroBlaze gcc compiler'
mb-gcc -Wall -O0 -g3 -c -fmessage-length=0 -MT"src/main.o" -I../../MatrixMultiplication_bsp/microblaze_0/include -mlittle-endian -mcpu=v11.0 -mxl-soft-mul -Wl,--no-relax -ffunction-sections -fdata-sections -MMD -MP -MF"src/main.d" -MT"src/main.o" -o "src/main.o" "../src/main.c"
../src/main.c: In function 'main':
../src/main.c:143:6: warning: unused variable 'MatrixB' [-Wunused-variable]
  int MatrixB[8];
      ^~~~~~~
../src/main.c:142:6: warning: unused variable 'MatrixA' [-Wunused-variable]
  int MatrixA[8];
      ^~~~~~~
'Finished building: ../src/main.c'
' '
'Building target: MatrixMultiplication.elf'
'Invoking: MicroBlaze gcc linker'
mb-gcc -Wl,-T -Wl,../src/lscript.ld -L../../MatrixMultiplication_bsp/microblaze_0/lib -mlittle-endian -mcpu=v11.0 -mxl-soft-mul -Wl,--no-relax -Wl,--gc-sections -o "MatrixMultiplication.elf"  ./src/main.o   -Wl,--start-group,-lxil,-lgcc,-lc,--end-group
'Finished building target: MatrixMultiplication.elf'
' '
'Invoking: MicroBlaze Print Size'
mb-size MatrixMultiplication.elf  |tee "MatrixMultiplication.elf.size"
   text	   data	    bss	    dec	    hex	filename
   8836	    708	   3120	  12664	   3178	MatrixMultiplication.elf
'Finished building: MatrixMultiplication.elf.size'
' '
16:34:01 **** Incremental Build of configuration Debug for project MatrixMultiplication ****
make all 
make: Nothing to be done for 'all'.
16:34:24 **** Auto Build of configuration Debug for project MatrixMultiplication ****
make all 
'Building file: ../src/main.c'
'Invoking: MicroBlaze gcc compiler'
mb-gcc -Wall -O0 -g3 -c -fmessage-length=0 -MT"src/main.o" -I../../MatrixMultiplication_bsp/microblaze_0/include -mlittle-endian -mcpu=v11.0 -mxl-soft-mul -Wl,--no-relax -ffunction-sections -fdata-sections -MMD -MP -MF"src/main.d" -MT"src/main.o" -o "src/main.o" "../src/main.c"
../src/main.c: In function 'main':
../src/main.c:143:6: warning: unused variable 'MatrixB' [-Wunused-variable]
  int MatrixB[8];
      ^~~~~~~
../src/main.c:142:6: warning: unused variable 'MatrixA' [-Wunused-variable]
  int MatrixA[8];
      ^~~~~~~
'Finished building: ../src/main.c'
' '
'Building target: MatrixMultiplication.elf'
'Invoking: MicroBlaze gcc linker'
mb-gcc -Wl,-T -Wl,../src/lscript.ld -L../../MatrixMultiplication_bsp/microblaze_0/lib -mlittle-endian -mcpu=v11.0 -mxl-soft-mul -Wl,--no-relax -Wl,--gc-sections -o "MatrixMultiplication.elf"  ./src/main.o   -Wl,--start-group,-lxil,-lgcc,-lc,--end-group
'Finished building target: MatrixMultiplication.elf'
' '
'Invoking: MicroBlaze Print Size'
mb-size MatrixMultiplication.elf  |tee "MatrixMultiplication.elf.size"
   text	   data	    bss	    dec	    hex	filename
   8832	    708	   3116	  12656	   3170	MatrixMultiplication.elf
'Finished building: MatrixMultiplication.elf.size'
' '
16:34:29 **** Incremental Build of configuration Debug for project MatrixMultiplication ****
make all 
make: Nothing to be done for 'all'.
16:35:06 **** Auto Build of configuration Debug for project MatrixMultiplication ****
make all 
'Building file: ../src/main.c'
'Invoking: MicroBlaze gcc compiler'
mb-gcc -Wall -O0 -g3 -c -fmessage-length=0 -MT"src/main.o" -I../../MatrixMultiplication_bsp/microblaze_0/include -mlittle-endian -mcpu=v11.0 -mxl-soft-mul -Wl,--no-relax -ffunction-sections -fdata-sections -MMD -MP -MF"src/main.d" -MT"src/main.o" -o "src/main.o" "../src/main.c"
../src/main.c: In function 'main':
../src/main.c:143:6: warning: unused variable 'MatrixB' [-Wunused-variable]
  int MatrixB[8];
      ^~~~~~~
../src/main.c:142:6: warning: unused variable 'MatrixA' [-Wunused-variable]
  int MatrixA[8];
      ^~~~~~~
'Finished building: ../src/main.c'
' '
'Building target: MatrixMultiplication.elf'
'Invoking: MicroBlaze gcc linker'
mb-gcc -Wl,-T -Wl,../src/lscript.ld -L../../MatrixMultiplication_bsp/microblaze_0/lib -mlittle-endian -mcpu=v11.0 -mxl-soft-mul -Wl,--no-relax -Wl,--gc-sections -o "MatrixMultiplication.elf"  ./src/main.o   -Wl,--start-group,-lxil,-lgcc,-lc,--end-group
'Finished building target: MatrixMultiplication.elf'
' '
'Invoking: MicroBlaze Print Size'
mb-size MatrixMultiplication.elf  |tee "MatrixMultiplication.elf.size"
   text	   data	    bss	    dec	    hex	filename
   8844	    708	   3120	  12672	   3180	MatrixMultiplication.elf
'Finished building: MatrixMultiplication.elf.size'
' '
16:35:08 **** Incremental Build of configuration Debug for project MatrixMultiplication ****
make all 
make: Nothing to be done for 'all'.
16:35:16 **** Auto Build of configuration Debug for project MatrixMultiplication ****
make all 
'Building file: ../src/main.c'
'Invoking: MicroBlaze gcc compiler'
mb-gcc -Wall -O0 -g3 -c -fmessage-length=0 -MT"src/main.o" -I../../MatrixMultiplication_bsp/microblaze_0/include -mlittle-endian -mcpu=v11.0 -mxl-soft-mul -Wl,--no-relax -ffunction-sections -fdata-sections -MMD -MP -MF"src/main.d" -MT"src/main.o" -o "src/main.o" "../src/main.c"
../src/main.c: In function 'main':
../src/main.c:143:6: warning: unused variable 'MatrixB' [-Wunused-variable]
  int MatrixB[8];
      ^~~~~~~
../src/main.c:142:6: warning: unused variable 'MatrixA' [-Wunused-variable]
  int MatrixA[8];
      ^~~~~~~
'Finished building: ../src/main.c'
' '
'Building target: MatrixMultiplication.elf'
'Invoking: MicroBlaze gcc linker'
mb-gcc -Wl,-T -Wl,../src/lscript.ld -L../../MatrixMultiplication_bsp/microblaze_0/lib -mlittle-endian -mcpu=v11.0 -mxl-soft-mul -Wl,--no-relax -Wl,--gc-sections -o "MatrixMultiplication.elf"  ./src/main.o   -Wl,--start-group,-lxil,-lgcc,-lc,--end-group
'Finished building target: MatrixMultiplication.elf'
' '
'Invoking: MicroBlaze Print Size'
mb-size MatrixMultiplication.elf  |tee "MatrixMultiplication.elf.size"
   text	   data	    bss	    dec	    hex	filename
   8848	    708	   3116	  12672	   3180	MatrixMultiplication.elf
'Finished building: MatrixMultiplication.elf.size'
' '
16:35:19 **** Incremental Build of configuration Debug for project MatrixMultiplication ****
make all 
make: Nothing to be done for 'all'.
16:36:50 **** Auto Build of configuration Debug for project MatrixMultiplication ****
make all 
'Building file: ../src/main.c'
'Invoking: MicroBlaze gcc compiler'
mb-gcc -Wall -O0 -g3 -c -fmessage-length=0 -MT"src/main.o" -I../../MatrixMultiplication_bsp/microblaze_0/include -mlittle-endian -mcpu=v11.0 -mxl-soft-mul -Wl,--no-relax -ffunction-sections -fdata-sections -MMD -MP -MF"src/main.d" -MT"src/main.o" -o "src/main.o" "../src/main.c"
../src/main.c:47:13: error: expected declaration specifiers or '...' before string constant
  xil_printf("\nMatrix C: | %d %d %d |\n"
             ^~~~~~~~~~~~~~~~~~~~~~~~~~~~
../src/main.c:49:28: error: unknown type name 'MatrixC'
     "     | %d %d %d |\n", MatrixC[0], MatrixC[1], MatrixC[2],
                            ^~~~~~~
../src/main.c:49:40: error: unknown type name 'MatrixC'
     "     | %d %d %d |\n", MatrixC[0], MatrixC[1], MatrixC[2],
                                        ^~~~~~~
../src/main.c:49:52: error: unknown type name 'MatrixC'
     "     | %d %d %d |\n", MatrixC[0], MatrixC[1], MatrixC[2],
                                                    ^~~~~~~
../src/main.c:50:3: error: unknown type name 'MatrixC'
   MatrixC[3], MatrixC[4], MatrixC[5], MatrixC[6], MatrixC[7], MatrixC[8]);
   ^~~~~~~
../src/main.c:50:15: error: unknown type name 'MatrixC'
   MatrixC[3], MatrixC[4], MatrixC[5], MatrixC[6], MatrixC[7], MatrixC[8]);
               ^~~~~~~
../src/main.c:50:27: error: unknown type name 'MatrixC'
   MatrixC[3], MatrixC[4], MatrixC[5], MatrixC[6], MatrixC[7], MatrixC[8]);
                           ^~~~~~~
../src/main.c:50:39: error: unknown type name 'MatrixC'
   MatrixC[3], MatrixC[4], MatrixC[5], MatrixC[6], MatrixC[7], MatrixC[8]);
                                       ^~~~~~~
../src/main.c:50:51: error: unknown type name 'MatrixC'
   MatrixC[3], MatrixC[4], MatrixC[5], MatrixC[6], MatrixC[7], MatrixC[8]);
                                                   ^~~~~~~
../src/main.c:50:63: error: unknown type name 'MatrixC'
   MatrixC[3], MatrixC[4], MatrixC[5], MatrixC[6], MatrixC[7], MatrixC[8]);
                                                               ^~~~~~~
../src/main.c: In function 'main':
../src/main.c:148:6: warning: unused variable 'MatrixB' [-Wunused-variable]
  int MatrixB[8];
      ^~~~~~~
../src/main.c:147:6: warning: unused variable 'MatrixA' [-Wunused-variable]
  int MatrixA[8];
      ^~~~~~~
make: *** [src/subdir.mk:23: src/main.o] Error 1
16:37:14 **** Auto Build of configuration Debug for project MatrixMultiplication ****
make all 
'Building file: ../src/main.c'
'Invoking: MicroBlaze gcc compiler'
mb-gcc -Wall -O0 -g3 -c -fmessage-length=0 -MT"src/main.o" -I../../MatrixMultiplication_bsp/microblaze_0/include -mlittle-endian -mcpu=v11.0 -mxl-soft-mul -Wl,--no-relax -ffunction-sections -fdata-sections -MMD -MP -MF"src/main.d" -MT"src/main.o" -o "src/main.o" "../src/main.c"
../src/main.c: In function 'main':
../src/main.c:142:6: warning: unused variable 'MatrixB' [-Wunused-variable]
  int MatrixB[8];
      ^~~~~~~
../src/main.c:141:6: warning: unused variable 'MatrixA' [-Wunused-variable]
  int MatrixA[8];
      ^~~~~~~
'Finished building: ../src/main.c'
' '
'Building target: MatrixMultiplication.elf'
'Invoking: MicroBlaze gcc linker'
mb-gcc -Wl,-T -Wl,../src/lscript.ld -L../../MatrixMultiplication_bsp/microblaze_0/lib -mlittle-endian -mcpu=v11.0 -mxl-soft-mul -Wl,--no-relax -Wl,--gc-sections -o "MatrixMultiplication.elf"  ./src/main.o   -Wl,--start-group,-lxil,-lgcc,-lc,--end-group
'Finished building target: MatrixMultiplication.elf'
' '
'Invoking: MicroBlaze Print Size'
mb-size MatrixMultiplication.elf  |tee "MatrixMultiplication.elf.size"
   text	   data	    bss	    dec	    hex	filename
   8848	    708	   3116	  12672	   3180	MatrixMultiplication.elf
'Finished building: MatrixMultiplication.elf.size'
' '
16:39:36 **** Auto Build of configuration Debug for project MatrixMultiplication ****
make all 
'Building file: ../src/main.c'
'Invoking: MicroBlaze gcc compiler'
mb-gcc -Wall -O0 -g3 -c -fmessage-length=0 -MT"src/main.o" -I../../MatrixMultiplication_bsp/microblaze_0/include -mlittle-endian -mcpu=v11.0 -mxl-soft-mul -Wl,--no-relax -ffunction-sections -fdata-sections -MMD -MP -MF"src/main.d" -MT"src/main.o" -o "src/main.o" "../src/main.c"
../src/main.c: In function 'printMatrixC':
../src/main.c:47:36: error: 'gpio18' undeclared (first use in this function); did you mean 'Gpio18ID'?
   MatrixC[0] = XGpio_DiscreteRead(&gpio18,1);
                                    ^~~~~~
                                    Gpio18ID
../src/main.c:47:36: note: each undeclared identifier is reported only once for each function it appears in
../src/main.c:48:36: error: 'gpio19' undeclared (first use in this function); did you mean 'gpio18'?
   MatrixC[1] = XGpio_DiscreteRead(&gpio19,1);
                                    ^~~~~~
                                    gpio18
../src/main.c:49:36: error: 'gpio20' undeclared (first use in this function); did you mean 'gpio19'?
   MatrixC[2] = XGpio_DiscreteRead(&gpio20,1);
                                    ^~~~~~
                                    gpio19
../src/main.c:50:36: error: 'gpio21' undeclared (first use in this function); did you mean 'gpio20'?
   MatrixC[3] = XGpio_DiscreteRead(&gpio21,1);
                                    ^~~~~~
                                    gpio20
../src/main.c:51:36: error: 'gpio22' undeclared (first use in this function); did you mean 'gpio21'?
   MatrixC[4] = XGpio_DiscreteRead(&gpio22,1);
                                    ^~~~~~
                                    gpio21
../src/main.c:52:36: error: 'gpio23' undeclared (first use in this function); did you mean 'gpio22'?
   MatrixC[5] = XGpio_DiscreteRead(&gpio23,1);
                                    ^~~~~~
                                    gpio22
../src/main.c:53:36: error: 'gpio24' undeclared (first use in this function); did you mean 'gpio23'?
   MatrixC[6] = XGpio_DiscreteRead(&gpio24,1);
                                    ^~~~~~
                                    gpio23
../src/main.c:54:36: error: 'gpio25' undeclared (first use in this function); did you mean 'gpio24'?
   MatrixC[7] = XGpio_DiscreteRead(&gpio25,1);
                                    ^~~~~~
                                    gpio24
../src/main.c:55:36: error: 'gpio26' undeclared (first use in this function); did you mean 'gpio25'?
   MatrixC[8] = XGpio_DiscreteRead(&gpio26,1);
                                    ^~~~~~
                                    gpio25
../src/main.c: In function 'main':
../src/main.c:159:6: warning: unused variable 'MatrixB' [-Wunused-variable]
  int MatrixB[8];
      ^~~~~~~
../src/main.c:158:6: warning: unused variable 'MatrixA' [-Wunused-variable]
  int MatrixA[8];
      ^~~~~~~
../src/main.c: In function 'printMatrixC':
../src/main.c:61:1: warning: control reaches end of non-void function [-Wreturn-type]
 }
 ^
make: *** [src/subdir.mk:23: src/main.o] Error 1
16:40:06 **** Auto Build of configuration Debug for project MatrixMultiplication ****
make all 
'Building file: ../src/main.c'
'Invoking: MicroBlaze gcc compiler'
mb-gcc -Wall -O0 -g3 -c -fmessage-length=0 -MT"src/main.o" -I../../MatrixMultiplication_bsp/microblaze_0/include -mlittle-endian -mcpu=v11.0 -mxl-soft-mul -Wl,--no-relax -ffunction-sections -fdata-sections -MMD -MP -MF"src/main.d" -MT"src/main.o" -o "src/main.o" "../src/main.c"
../src/main.c: In function 'main':
../src/main.c:149:6: warning: unused variable 'MatrixB' [-Wunused-variable]
  int MatrixB[8];
      ^~~~~~~
../src/main.c:148:6: warning: unused variable 'MatrixA' [-Wunused-variable]
  int MatrixA[8];
      ^~~~~~~
../src/main.c: In function 'printMatrixC':
../src/main.c:51:1: warning: control reaches end of non-void function [-Wreturn-type]
 }
 ^
../src/main.c:47:3: warning: 'MatrixC[0]' is used uninitialized in this function [-Wuninitialized]
   xil_printf("\nMatrix C: | %d %d %d |\n"
   ^~~~~~~~~~~~~~~~~~~~~~~~~~~~~~~~~~~~~~~
      "      | %d %d %d |\n"
      ~~~~~~~~~~~~~~~~~~~~~~
      "     | %d %d %d |\n", MatrixC[0], MatrixC[1], MatrixC[2],
      ~~~~~~~~~~~~~~~~~~~~~~~~~~~~~~~~~~~~~~~~~~~~~~~~~~~~~~~~~~
    MatrixC[3], MatrixC[4], MatrixC[5], MatrixC[6], MatrixC[7], MatrixC[8]);
    ~~~~~~~~~~~~~~~~~~~~~~~~~~~~~~~~~~~~~~~~~~~~~~~~~~~~~~~~~~~~~~~~~~~~~~~
../src/main.c:47:3: warning: 'MatrixC[1]' is used uninitialized in this function [-Wuninitialized]
../src/main.c:47:3: warning: 'MatrixC[2]' is used uninitialized in this function [-Wuninitialized]
../src/main.c:47:3: warning: 'MatrixC[3]' is used uninitialized in this function [-Wuninitialized]
../src/main.c:47:3: warning: 'MatrixC[4]' is used uninitialized in this function [-Wuninitialized]
../src/main.c:47:3: warning: 'MatrixC[5]' is used uninitialized in this function [-Wuninitialized]
../src/main.c:47:3: warning: 'MatrixC[6]' is used uninitialized in this function [-Wuninitialized]
../src/main.c:47:3: warning: 'MatrixC[7]' is used uninitialized in this function [-Wuninitialized]
'Finished building: ../src/main.c'
' '
'Building target: MatrixMultiplication.elf'
'Invoking: MicroBlaze gcc linker'
mb-gcc -Wl,-T -Wl,../src/lscript.ld -L../../MatrixMultiplication_bsp/microblaze_0/lib -mlittle-endian -mcpu=v11.0 -mxl-soft-mul -Wl,--no-relax -Wl,--gc-sections -o "MatrixMultiplication.elf"  ./src/main.o   -Wl,--start-group,-lxil,-lgcc,-lc,--end-group
'Finished building target: MatrixMultiplication.elf'
' '
'Invoking: MicroBlaze Print Size'
mb-size MatrixMultiplication.elf  |tee "MatrixMultiplication.elf.size"
   text	   data	    bss	    dec	    hex	filename
   8848	    708	   3116	  12672	   3180	MatrixMultiplication.elf
'Finished building: MatrixMultiplication.elf.size'
' '
16:40:57 **** Auto Build of configuration Debug for project MatrixMultiplication ****
make all 
'Building file: ../src/main.c'
'Invoking: MicroBlaze gcc compiler'
mb-gcc -Wall -O0 -g3 -c -fmessage-length=0 -MT"src/main.o" -I../../MatrixMultiplication_bsp/microblaze_0/include -mlittle-endian -mcpu=v11.0 -mxl-soft-mul -Wl,--no-relax -ffunction-sections -fdata-sections -MMD -MP -MF"src/main.d" -MT"src/main.o" -o "src/main.o" "../src/main.c"
../src/main.c: In function 'printMatrixC':
../src/main.c:45:5: warning: type of 'MatrixC' defaults to 'int' [-Wimplicit-int]
 int printMatrixC(MatrixC){
     ^~~~~~~~~~~~
../src/main.c:46:6: error: 'MatrixC' redeclared as different kind of symbol
  int MatrixC[8];
      ^~~~~~~
../src/main.c:45:5: note: previous definition of 'MatrixC' was here
 int printMatrixC(MatrixC){
     ^~~~~~~~~~~~
../src/main.c: In function 'main':
../src/main.c:149:6: warning: unused variable 'MatrixB' [-Wunused-variable]
  int MatrixB[8];
      ^~~~~~~
../src/main.c:148:6: warning: unused variable 'MatrixA' [-Wunused-variable]
  int MatrixA[8];
      ^~~~~~~
../src/main.c: In function 'printMatrixC':
../src/main.c:51:1: warning: control reaches end of non-void function [-Wreturn-type]
 }
 ^
make: *** [src/subdir.mk:23: src/main.o] Error 1
16:41:17 **** Auto Build of configuration Debug for project MatrixMultiplication ****
make all 
'Building file: ../src/main.c'
'Invoking: MicroBlaze gcc compiler'
mb-gcc -Wall -O0 -g3 -c -fmessage-length=0 -MT"src/main.o" -I../../MatrixMultiplication_bsp/microblaze_0/include -mlittle-endian -mcpu=v11.0 -mxl-soft-mul -Wl,--no-relax -ffunction-sections -fdata-sections -MMD -MP -MF"src/main.d" -MT"src/main.o" -o "src/main.o" "../src/main.c"
../src/main.c: In function 'printMatrixC':
../src/main.c:45:5: warning: type of 'MatrixC' defaults to 'int' [-Wimplicit-int]
 int printMatrixC(MatrixC){
     ^~~~~~~~~~~~
../src/main.c:48:36: error: subscripted value is neither array nor pointer nor vector
      "     | %d %d %d |\n", MatrixC[0], MatrixC[1], MatrixC[2],
                                    ^
../src/main.c:48:48: error: subscripted value is neither array nor pointer nor vector
      "     | %d %d %d |\n", MatrixC[0], MatrixC[1], MatrixC[2],
                                                ^
../src/main.c:48:60: error: subscripted value is neither array nor pointer nor vector
      "     | %d %d %d |\n", MatrixC[0], MatrixC[1], MatrixC[2],
                                                            ^
../src/main.c:49:11: error: subscripted value is neither array nor pointer nor vector
    MatrixC[3], MatrixC[4], MatrixC[5], MatrixC[6], MatrixC[7], MatrixC[8]);
           ^
../src/main.c:49:23: error: subscripted value is neither array nor pointer nor vector
    MatrixC[3], MatrixC[4], MatrixC[5], MatrixC[6], MatrixC[7], MatrixC[8]);
                       ^
../src/main.c:49:35: error: subscripted value is neither array nor pointer nor vector
    MatrixC[3], MatrixC[4], MatrixC[5], MatrixC[6], MatrixC[7], MatrixC[8]);
                                   ^
../src/main.c:49:47: error: subscripted value is neither array nor pointer nor vector
    MatrixC[3], MatrixC[4], MatrixC[5], MatrixC[6], MatrixC[7], MatrixC[8]);
                                               ^
../src/main.c:49:59: error: subscripted value is neither array nor pointer nor vector
    MatrixC[3], MatrixC[4], MatrixC[5], MatrixC[6], MatrixC[7], MatrixC[8]);
                                                           ^
../src/main.c:49:71: error: subscripted value is neither array nor pointer nor vector
    MatrixC[3], MatrixC[4], MatrixC[5], MatrixC[6], MatrixC[7], MatrixC[8]);
                                                                       ^
../src/main.c: In function 'main':
../src/main.c:148:6: warning: unused variable 'MatrixB' [-Wunused-variable]
  int MatrixB[8];
      ^~~~~~~
../src/main.c:147:6: warning: unused variable 'MatrixA' [-Wunused-variable]
  int MatrixA[8];
      ^~~~~~~
../src/main.c: In function 'printMatrixC':
../src/main.c:50:1: warning: control reaches end of non-void function [-Wreturn-type]
 }
 ^
make: *** [src/subdir.mk:23: src/main.o] Error 1
16:42:26 **** Auto Build of configuration Debug for project MatrixMultiplication ****
make all 
'Building file: ../src/main.c'
'Invoking: MicroBlaze gcc compiler'
mb-gcc -Wall -O0 -g3 -c -fmessage-length=0 -MT"src/main.o" -I../../MatrixMultiplication_bsp/microblaze_0/include -mlittle-endian -mcpu=v11.0 -mxl-soft-mul -Wl,--no-relax -ffunction-sections -fdata-sections -MMD -MP -MF"src/main.d" -MT"src/main.o" -o "src/main.o" "../src/main.c"
../src/main.c: In function 'printMatrixC':
../src/main.c:45:6: warning: type of 'MatrixC' defaults to 'int' [-Wimplicit-int]
 void printMatrixC(MatrixC){
      ^~~~~~~~~~~~
../src/main.c:48:36: error: subscripted value is neither array nor pointer nor vector
      "     | %d %d %d |\n", MatrixC[0], MatrixC[1], MatrixC[2],
                                    ^
../src/main.c:48:48: error: subscripted value is neither array nor pointer nor vector
      "     | %d %d %d |\n", MatrixC[0], MatrixC[1], MatrixC[2],
                                                ^
../src/main.c:48:60: error: subscripted value is neither array nor pointer nor vector
      "     | %d %d %d |\n", MatrixC[0], MatrixC[1], MatrixC[2],
                                                            ^
../src/main.c:49:11: error: subscripted value is neither array nor pointer nor vector
    MatrixC[3], MatrixC[4], MatrixC[5], MatrixC[6], MatrixC[7], MatrixC[8]);
           ^
../src/main.c:49:23: error: subscripted value is neither array nor pointer nor vector
    MatrixC[3], MatrixC[4], MatrixC[5], MatrixC[6], MatrixC[7], MatrixC[8]);
                       ^
../src/main.c:49:35: error: subscripted value is neither array nor pointer nor vector
    MatrixC[3], MatrixC[4], MatrixC[5], MatrixC[6], MatrixC[7], MatrixC[8]);
                                   ^
../src/main.c:49:47: error: subscripted value is neither array nor pointer nor vector
    MatrixC[3], MatrixC[4], MatrixC[5], MatrixC[6], MatrixC[7], MatrixC[8]);
                                               ^
../src/main.c:49:59: error: subscripted value is neither array nor pointer nor vector
    MatrixC[3], MatrixC[4], MatrixC[5], MatrixC[6], MatrixC[7], MatrixC[8]);
                                                           ^
../src/main.c:49:71: error: subscripted value is neither array nor pointer nor vector
    MatrixC[3], MatrixC[4], MatrixC[5], MatrixC[6], MatrixC[7], MatrixC[8]);
                                                                       ^
../src/main.c: In function 'main':
../src/main.c:148:6: warning: unused variable 'MatrixB' [-Wunused-variable]
  int MatrixB[8];
      ^~~~~~~
../src/main.c:147:6: warning: unused variable 'MatrixA' [-Wunused-variable]
  int MatrixA[8];
      ^~~~~~~
make: *** [src/subdir.mk:23: src/main.o] Error 1
16:42:48 **** Auto Build of configuration Debug for project MatrixMultiplication ****
make all 
'Building file: ../src/main.c'
'Invoking: MicroBlaze gcc compiler'
mb-gcc -Wall -O0 -g3 -c -fmessage-length=0 -MT"src/main.o" -I../../MatrixMultiplication_bsp/microblaze_0/include -mlittle-endian -mcpu=v11.0 -mxl-soft-mul -Wl,--no-relax -ffunction-sections -fdata-sections -MMD -MP -MF"src/main.d" -MT"src/main.o" -o "src/main.o" "../src/main.c"
../src/main.c: In function 'printMatrixC':
../src/main.c:48:36: error: subscripted value is neither array nor pointer nor vector
      "     | %d %d %d |\n", MatrixC[0], MatrixC[1], MatrixC[2],
                                    ^
../src/main.c:48:48: error: subscripted value is neither array nor pointer nor vector
      "     | %d %d %d |\n", MatrixC[0], MatrixC[1], MatrixC[2],
                                                ^
../src/main.c:48:60: error: subscripted value is neither array nor pointer nor vector
      "     | %d %d %d |\n", MatrixC[0], MatrixC[1], MatrixC[2],
                                                            ^
../src/main.c:49:11: error: subscripted value is neither array nor pointer nor vector
    MatrixC[3], MatrixC[4], MatrixC[5], MatrixC[6], MatrixC[7], MatrixC[8]);
           ^
../src/main.c:49:23: error: subscripted value is neither array nor pointer nor vector
    MatrixC[3], MatrixC[4], MatrixC[5], MatrixC[6], MatrixC[7], MatrixC[8]);
                       ^
../src/main.c:49:35: error: subscripted value is neither array nor pointer nor vector
    MatrixC[3], MatrixC[4], MatrixC[5], MatrixC[6], MatrixC[7], MatrixC[8]);
                                   ^
../src/main.c:49:47: error: subscripted value is neither array nor pointer nor vector
    MatrixC[3], MatrixC[4], MatrixC[5], MatrixC[6], MatrixC[7], MatrixC[8]);
                                               ^
../src/main.c:49:59: error: subscripted value is neither array nor pointer nor vector
    MatrixC[3], MatrixC[4], MatrixC[5], MatrixC[6], MatrixC[7], MatrixC[8]);
                                                           ^
../src/main.c:49:71: error: subscripted value is neither array nor pointer nor vector
    MatrixC[3], MatrixC[4], MatrixC[5], MatrixC[6], MatrixC[7], MatrixC[8]);
                                                                       ^
../src/main.c: In function 'main':
../src/main.c:162:15: warning: passing argument 1 of 'printMatrixC' makes integer from pointer without a cast [-Wint-conversion]
  printMatrixC(MatrixC);
               ^~~~~~~
../src/main.c:45:6: note: expected 'int' but argument is of type 'int *'
 void printMatrixC(int MatrixC){
      ^~~~~~~~~~~~
../src/main.c:148:6: warning: unused variable 'MatrixB' [-Wunused-variable]
  int MatrixB[8];
      ^~~~~~~
../src/main.c:147:6: warning: unused variable 'MatrixA' [-Wunused-variable]
  int MatrixA[8];
      ^~~~~~~
make: *** [src/subdir.mk:23: src/main.o] Error 1
16:42:53 **** Auto Build of configuration Debug for project MatrixMultiplication ****
make all 
'Building file: ../src/main.c'
'Invoking: MicroBlaze gcc compiler'
mb-gcc -Wall -O0 -g3 -c -fmessage-length=0 -MT"src/main.o" -I../../MatrixMultiplication_bsp/microblaze_0/include -mlittle-endian -mcpu=v11.0 -mxl-soft-mul -Wl,--no-relax -ffunction-sections -fdata-sections -MMD -MP -MF"src/main.d" -MT"src/main.o" -o "src/main.o" "../src/main.c"
../src/main.c: In function 'printMatrixC':
../src/main.c:48:36: error: subscripted value is neither array nor pointer nor vector
      "     | %d %d %d |\n", MatrixC[0], MatrixC[1], MatrixC[2],
                                    ^
../src/main.c:48:48: error: subscripted value is neither array nor pointer nor vector
      "     | %d %d %d |\n", MatrixC[0], MatrixC[1], MatrixC[2],
                                                ^
../src/main.c:48:60: error: subscripted value is neither array nor pointer nor vector
      "     | %d %d %d |\n", MatrixC[0], MatrixC[1], MatrixC[2],
                                                            ^
../src/main.c:49:11: error: subscripted value is neither array nor pointer nor vector
    MatrixC[3], MatrixC[4], MatrixC[5], MatrixC[6], MatrixC[7], MatrixC[8]);
           ^
../src/main.c:49:23: error: subscripted value is neither array nor pointer nor vector
    MatrixC[3], MatrixC[4], MatrixC[5], MatrixC[6], MatrixC[7], MatrixC[8]);
                       ^
[...]
mb-size MatrixMultiplication.elf  |tee "MatrixMultiplication.elf.size"
   text	   data	    bss	    dec	    hex	filename
  13396	    708	   3120	  17224	   4348	MatrixMultiplication.elf
'Finished building: MatrixMultiplication.elf.size'
' '
20:59:02 **** Incremental Build of configuration Debug for project MatrixMultiplication ****
make all 
make: Nothing to be done for 'all'.
21:00:31 **** Auto Build of configuration Debug for project MatrixMultiplication ****
make all 
'Building file: ../src/midtermProject.c'
'Invoking: MicroBlaze gcc compiler'
mb-gcc -Wall -O0 -g3 -c -fmessage-length=0 -MT"src/midtermProject.o" -I../../MatrixMultiplication_bsp/microblaze_0/include -mlittle-endian -mcpu=v11.0 -mxl-soft-mul -Wl,--no-relax -ffunction-sections -fdata-sections -MMD -MP -MF"src/midtermProject.d" -MT"src/midtermProject.o" -o "src/midtermProject.o" "../src/midtermProject.c"
../src/midtermProject.c: In function 'printMenu':
../src/midtermProject.c:56:1: warning: control reaches end of non-void function [-Wreturn-type]
 }
 ^
../src/midtermProject.c: In function 'printMatrixA':
../src/midtermProject.c:65:1: warning: control reaches end of non-void function [-Wreturn-type]
 }
 ^
../src/midtermProject.c: In function 'printMatrixB':
../src/midtermProject.c:74:1: warning: control reaches end of non-void function [-Wreturn-type]
 }
 ^
../src/midtermProject.c: In function 'printMatrixC':
../src/midtermProject.c:81:1: warning: control reaches end of non-void function [-Wreturn-type]
 }
 ^
'Finished building: ../src/midtermProject.c'
' '
'Building target: MatrixMultiplication.elf'
'Invoking: MicroBlaze gcc linker'
mb-gcc -Wl,-T -Wl,../src/lscript.ld -L../../MatrixMultiplication_bsp/microblaze_0/lib -mlittle-endian -mcpu=v11.0 -mxl-soft-mul -Wl,--no-relax -Wl,--gc-sections -o "MatrixMultiplication.elf"  ./src/midtermProject.o   -Wl,--start-group,-lxil,-lgcc,-lc,--end-group
'Finished building target: MatrixMultiplication.elf'
' '
'Invoking: MicroBlaze Print Size'
mb-size MatrixMultiplication.elf  |tee "MatrixMultiplication.elf.size"
   text	   data	    bss	    dec	    hex	filename
  13400	    708	   3116	  17224	   4348	MatrixMultiplication.elf
'Finished building: MatrixMultiplication.elf.size'
' '
21:00:56 **** Auto Build of configuration Debug for project MatrixMultiplication ****
make all 
'Building file: ../src/midtermProject.c'
'Invoking: MicroBlaze gcc compiler'
mb-gcc -Wall -O0 -g3 -c -fmessage-length=0 -MT"src/midtermProject.o" -I../../MatrixMultiplication_bsp/microblaze_0/include -mlittle-endian -mcpu=v11.0 -mxl-soft-mul -Wl,--no-relax -ffunction-sections -fdata-sections -MMD -MP -MF"src/midtermProject.d" -MT"src/midtermProject.o" -o "src/midtermProject.o" "../src/midtermProject.c"
../src/midtermProject.c: In function 'printMenu':
../src/midtermProject.c:56:1: warning: control reaches end of non-void function [-Wreturn-type]
 }
 ^
../src/midtermProject.c: In function 'printMatrixA':
../src/midtermProject.c:65:1: warning: control reaches end of non-void function [-Wreturn-type]
 }
 ^
../src/midtermProject.c: In function 'printMatrixB':
../src/midtermProject.c:74:1: warning: control reaches end of non-void function [-Wreturn-type]
 }
 ^
../src/midtermProject.c: In function 'printMatrixC':
../src/midtermProject.c:81:1: warning: control reaches end of non-void function [-Wreturn-type]
 }
 ^
'Finished building: ../src/midtermProject.c'
' '
'Building target: MatrixMultiplication.elf'
'Invoking: MicroBlaze gcc linker'
mb-gcc -Wl,-T -Wl,../src/lscript.ld -L../../MatrixMultiplication_bsp/microblaze_0/lib -mlittle-endian -mcpu=v11.0 -mxl-soft-mul -Wl,--no-relax -Wl,--gc-sections -o "MatrixMultiplication.elf"  ./src/midtermProject.o   -Wl,--start-group,-lxil,-lgcc,-lc,--end-group
'Finished building target: MatrixMultiplication.elf'
' '
'Invoking: MicroBlaze Print Size'
mb-size MatrixMultiplication.elf  |tee "MatrixMultiplication.elf.size"
   text	   data	    bss	    dec	    hex	filename
  13400	    708	   3116	  17224	   4348	MatrixMultiplication.elf
'Finished building: MatrixMultiplication.elf.size'
' '
21:01:02 **** Auto Build of configuration Debug for project MatrixMultiplication ****
make all 
'Building file: ../src/midtermProject.c'
'Invoking: MicroBlaze gcc compiler'
mb-gcc -Wall -O0 -g3 -c -fmessage-length=0 -MT"src/midtermProject.o" -I../../MatrixMultiplication_bsp/microblaze_0/include -mlittle-endian -mcpu=v11.0 -mxl-soft-mul -Wl,--no-relax -ffunction-sections -fdata-sections -MMD -MP -MF"src/midtermProject.d" -MT"src/midtermProject.o" -o "src/midtermProject.o" "../src/midtermProject.c"
../src/midtermProject.c: In function 'printMenu':
../src/midtermProject.c:56:1: warning: control reaches end of non-void function [-Wreturn-type]
 }
 ^
../src/midtermProject.c: In function 'printMatrixA':
../src/midtermProject.c:65:1: warning: control reaches end of non-void function [-Wreturn-type]
 }
 ^
../src/midtermProject.c: In function 'printMatrixB':
../src/midtermProject.c:74:1: warning: control reaches end of non-void function [-Wreturn-type]
 }
 ^
../src/midtermProject.c: In function 'printMatrixC':
../src/midtermProject.c:81:1: warning: control reaches end of non-void function [-Wreturn-type]
 }
 ^
'Finished building: ../src/midtermProject.c'
' '
'Building target: MatrixMultiplication.elf'
'Invoking: MicroBlaze gcc linker'
mb-gcc -Wl,-T -Wl,../src/lscript.ld -L../../MatrixMultiplication_bsp/microblaze_0/lib -mlittle-endian -mcpu=v11.0 -mxl-soft-mul -Wl,--no-relax -Wl,--gc-sections -o "MatrixMultiplication.elf"  ./src/midtermProject.o   -Wl,--start-group,-lxil,-lgcc,-lc,--end-group
'Finished building target: MatrixMultiplication.elf'
' '
'Invoking: MicroBlaze Print Size'
mb-size MatrixMultiplication.elf  |tee "MatrixMultiplication.elf.size"
   text	   data	    bss	    dec	    hex	filename
  13400	    708	   3116	  17224	   4348	MatrixMultiplication.elf
'Finished building: MatrixMultiplication.elf.size'
' '
21:01:11 **** Incremental Build of configuration Debug for project MatrixMultiplication ****
make all 
make: Nothing to be done for 'all'.
21:26:33 **** Auto Build of configuration Debug for project MatrixMultiplication ****
make all 
'Building file: ../src/midtermProject.c'
'Invoking: MicroBlaze gcc compiler'
mb-gcc -Wall -O0 -g3 -c -fmessage-length=0 -MT"src/midtermProject.o" -I../../MatrixMultiplication_bsp/microblaze_0/include -mlittle-endian -mcpu=v11.0 -mxl-soft-mul -Wl,--no-relax -ffunction-sections -fdata-sections -MMD -MP -MF"src/midtermProject.d" -MT"src/midtermProject.o" -o "src/midtermProject.o" "../src/midtermProject.c"
../src/midtermProject.c: In function 'main':
../src/midtermProject.c:189:6: warning: unused variable 'MatrixC' [-Wunused-variable]
  int MatrixC[] = {XGpio_DiscreteRead(&gpio18,1), XGpio_DiscreteRead(&gpio19,1), XGpio_DiscreteRead(&gpio20,1),
      ^~~~~~~
../src/midtermProject.c: In function 'printMenu':
../src/midtermProject.c:56:1: warning: control reaches end of non-void function [-Wreturn-type]
 }
 ^
../src/midtermProject.c: In function 'printMatrixA':
../src/midtermProject.c:65:1: warning: control reaches end of non-void function [-Wreturn-type]
 }
 ^
../src/midtermProject.c: In function 'printMatrixB':
../src/midtermProject.c:74:1: warning: control reaches end of non-void function [-Wreturn-type]
 }
 ^
../src/midtermProject.c: In function 'printMatrixC':
../src/midtermProject.c:81:1: warning: control reaches end of non-void function [-Wreturn-type]
 }
 ^
'Finished building: ../src/midtermProject.c'
' '
'Building target: MatrixMultiplication.elf'
'Invoking: MicroBlaze gcc linker'
mb-gcc -Wl,-T -Wl,../src/lscript.ld -L../../MatrixMultiplication_bsp/microblaze_0/lib -mlittle-endian -mcpu=v11.0 -mxl-soft-mul -Wl,--no-relax -Wl,--gc-sections -o "MatrixMultiplication.elf"  ./src/midtermProject.o   -Wl,--start-group,-lxil,-lgcc,-lc,--end-group
'Finished building target: MatrixMultiplication.elf'
' '
'Invoking: MicroBlaze Print Size'
mb-size MatrixMultiplication.elf  |tee "MatrixMultiplication.elf.size"
   text	   data	    bss	    dec	    hex	filename
  13652	    708	   3120	  17480	   4448	MatrixMultiplication.elf
'Finished building: MatrixMultiplication.elf.size'
' '
21:36:46 **** Incremental Build of configuration Debug for project MatrixMultiplication ****
make all 
make: Nothing to be done for 'all'.
21:37:00 **** Incremental Build of configuration Debug for project MatrixMultiplication ****
make all 
make: Nothing to be done for 'all'.
00:12:34 **** Build of project MatrixMultiplication_bsp ****
make -k all 
"Running Make include in microblaze_0/libsrc/bram_v4_2/src"
make -C microblaze_0/libsrc/bram_v4_2/src -s include  "SHELL=CMD" "COMPILER=mb-gcc" "ARCHIVER=mb-ar" "COMPILER_FLAGS=  -O2 -c -mcpu=v11.0 -mlittle-endian -mxl-soft-mul" "EXTRA_COMPILER_FLAGS=-ffunction-sections -fdata-sections -Wall -Wextra"
"Running Make include in microblaze_0/libsrc/cpu_v2_8/src"
make -C microblaze_0/libsrc/cpu_v2_8/src -s include  "SHELL=CMD" "COMPILER=mb-gcc" "ARCHIVER=mb-ar" "COMPILER_FLAGS=  -O2 -c -mcpu=v11.0 -mlittle-endian -mxl-soft-mul" "EXTRA_COMPILER_FLAGS=-ffunction-sections -fdata-sections -Wall -Wextra"
"Running Make include in microblaze_0/libsrc/gpio_v4_3/src"
make -C microblaze_0/libsrc/gpio_v4_3/src -s include  "SHELL=CMD" "COMPILER=mb-gcc" "ARCHIVER=mb-ar" "COMPILER_FLAGS=  -O2 -c -mcpu=v11.0 -mlittle-endian -mxl-soft-mul" "EXTRA_COMPILER_FLAGS=-ffunction-sections -fdata-sections -Wall -Wextra"
"Running Make include in microblaze_0/libsrc/standalone_v6_8/src"
make -C microblaze_0/libsrc/standalone_v6_8/src -s include  "SHELL=CMD" "COMPILER=mb-gcc" "ARCHIVER=mb-ar" "COMPILER_FLAGS=  -O2 -c -mcpu=v11.0 -mlittle-endian -mxl-soft-mul" "EXTRA_COMPILER_FLAGS=-ffunction-sections -fdata-sections -Wall -Wextra"
"Running Make include in microblaze_0/libsrc/uartlite_v3_2/src"
make -C microblaze_0/libsrc/uartlite_v3_2/src -s include  "SHELL=CMD" "COMPILER=mb-gcc" "ARCHIVER=mb-ar" "COMPILER_FLAGS=  -O2 -c -mcpu=v11.0 -mlittle-endian -mxl-soft-mul" "EXTRA_COMPILER_FLAGS=-ffunction-sections -fdata-sections -Wall -Wextra"
"Running Make libs in microblaze_0/libsrc/bram_v4_2/src"
make -C microblaze_0/libsrc/bram_v4_2/src -s libs  "SHELL=CMD" "COMPILER=mb-gcc" "ARCHIVER=mb-ar" "COMPILER_FLAGS=  -O2 -c -mcpu=v11.0 -mlittle-endian -mxl-soft-mul" "EXTRA_COMPILER_FLAGS=-ffunction-sections -fdata-sections -Wall -Wextra"
"Compiling bram"
"Running Make libs in microblaze_0/libsrc/cpu_v2_8/src"
make -C microblaze_0/libsrc/cpu_v2_8/src -s libs  "SHELL=CMD" "COMPILER=mb-gcc" "ARCHIVER=mb-ar" "COMPILER_FLAGS=  -O2 -c -mcpu=v11.0 -mlittle-endian -mxl-soft-mul" "EXTRA_COMPILER_FLAGS=-ffunction-sections -fdata-sections -Wall -Wextra"
"Compiling cpu"
"Running Make libs in microblaze_0/libsrc/gpio_v4_3/src"
make -C microblaze_0/libsrc/gpio_v4_3/src -s libs  "SHELL=CMD" "COMPILER=mb-gcc" "ARCHIVER=mb-ar" "COMPILER_FLAGS=  -O2 -c -mcpu=v11.0 -mlittle-endian -mxl-soft-mul" "EXTRA_COMPILER_FLAGS=-ffunction-sections -fdata-sections -Wall -Wextra"
"Compiling gpio"
"Running Make libs in microblaze_0/libsrc/standalone_v6_8/src"
make -C microblaze_0/libsrc/standalone_v6_8/src -s libs  "SHELL=CMD" "COMPILER=mb-gcc" "ARCHIVER=mb-ar" "COMPILER_FLAGS=  -O2 -c -mcpu=v11.0 -mlittle-endian -mxl-soft-mul" "EXTRA_COMPILER_FLAGS=-ffunction-sections -fdata-sections -Wall -Wextra"
"Compiling standalone";
microblaze_sleep.c:77:9: note: #pragma message: For the sleep routines, assembly instructions are used
 #pragma message ("For the sleep routines, assembly instructions are used")
         ^~~~~~~
"Running Make libs in microblaze_0/libsrc/uartlite_v3_2/src"
make -C microblaze_0/libsrc/uartlite_v3_2/src -s libs  "SHELL=CMD" "COMPILER=mb-gcc" "ARCHIVER=mb-ar" "COMPILER_FLAGS=  -O2 -c -mcpu=v11.0 -mlittle-endian -mxl-soft-mul" "EXTRA_COMPILER_FLAGS=-ffunction-sections -fdata-sections -Wall -Wextra"
"Compiling uartlite"
'Finished building libraries'
00:12:41 **** Build of configuration Debug for project MatrixMultiplication ****
make all 
'Building file: ../src/midtermProject.c'
'Invoking: MicroBlaze gcc compiler'
mb-gcc -Wall -O0 -g3 -c -fmessage-length=0 -MT"src/midtermProject.o" -I../../MatrixMultiplication_bsp/microblaze_0/include -mlittle-endian -mcpu=v11.0 -mxl-soft-mul -Wl,--no-relax -ffunction-sections -fdata-sections -MMD -MP -MF"src/midtermProject.d" -MT"src/midtermProject.o" -o "src/midtermProject.o" "../src/midtermProject.c"
../src/midtermProject.c: In function 'main':
../src/midtermProject.c:189:6: warning: unused variable 'MatrixC' [-Wunused-variable]
  int MatrixC[] = {XGpio_DiscreteRead(&gpio18,1), XGpio_DiscreteRead(&gpio19,1), XGpio_DiscreteRead(&gpio20,1),
      ^~~~~~~
../src/midtermProject.c: In function 'printMenu':
../src/midtermProject.c:56:1: warning: control reaches end of non-void function [-Wreturn-type]
 }
 ^
../src/midtermProject.c: In function 'printMatrixA':
../src/midtermProject.c:65:1: warning: control reaches end of non-void function [-Wreturn-type]
 }
 ^
../src/midtermProject.c: In function 'printMatrixB':
../src/midtermProject.c:74:1: warning: control reaches end of non-void function [-Wreturn-type]
 }
 ^
../src/midtermProject.c: In function 'printMatrixC':
../src/midtermProject.c:81:1: warning: control reaches end of non-void function [-Wreturn-type]
 }
 ^
'Finished building: ../src/midtermProject.c'
' '
'Building target: MatrixMultiplication.elf'
'Invoking: MicroBlaze gcc linker'
mb-gcc -Wl,-T -Wl,../src/lscript.ld -L../../MatrixMultiplication_bsp/microblaze_0/lib -mlittle-endian -mcpu=v11.0 -mxl-soft-mul -Wl,--no-relax -Wl,--gc-sections -o "MatrixMultiplication.elf"  ./src/midtermProject.o   -Wl,--start-group,-lxil,-lgcc,-lc,--end-group
'Finished building target: MatrixMultiplication.elf'
' '
'Invoking: MicroBlaze Print Size'
mb-size MatrixMultiplication.elf  |tee "MatrixMultiplication.elf.size"
   text	   data	    bss	    dec	    hex	filename
  13652	    708	   3120	  17480	   4448	MatrixMultiplication.elf
'Finished building: MatrixMultiplication.elf.size'
' '
00:13:28 **** Incremental Build of configuration Debug for project MatrixMultiplication ****
make all 
make: Nothing to be done for 'all'.
00:15:14 **** Incremental Build of configuration Debug for project MatrixMultiplication ****
make all 
make: Nothing to be done for 'all'.
00:21:01 **** Incremental Build of configuration Debug for project MatrixMultiplication ****
make all 
make: Nothing to be done for 'all'.
16:59:56 **** Build of project MatrixMultiplication_bsp ****
make -k all 
"Running Make include in microblaze_0/libsrc/bram_v4_2/src"
make -C microblaze_0/libsrc/bram_v4_2/src -s include  "SHELL=CMD" "COMPILER=mb-gcc" "ARCHIVER=mb-ar" "COMPILER_FLAGS=  -O2 -c -mcpu=v11.0 -mlittle-endian -mxl-soft-mul" "EXTRA_COMPILER_FLAGS=-ffunction-sections -fdata-sections -Wall -Wextra"
"Running Make include in microblaze_0/libsrc/cpu_v2_8/src"
make -C microblaze_0/libsrc/cpu_v2_8/src -s include  "SHELL=CMD" "COMPILER=mb-gcc" "ARCHIVER=mb-ar" "COMPILER_FLAGS=  -O2 -c -mcpu=v11.0 -mlittle-endian -mxl-soft-mul" "EXTRA_COMPILER_FLAGS=-ffunction-sections -fdata-sections -Wall -Wextra"
"Running Make include in microblaze_0/libsrc/gpio_v4_3/src"
make -C microblaze_0/libsrc/gpio_v4_3/src -s include  "SHELL=CMD" "COMPILER=mb-gcc" "ARCHIVER=mb-ar" "COMPILER_FLAGS=  -O2 -c -mcpu=v11.0 -mlittle-endian -mxl-soft-mul" "EXTRA_COMPILER_FLAGS=-ffunction-sections -fdata-sections -Wall -Wextra"
"Running Make include in microblaze_0/libsrc/standalone_v6_8/src"
make -C microblaze_0/libsrc/standalone_v6_8/src -s include  "SHELL=CMD" "COMPILER=mb-gcc" "ARCHIVER=mb-ar" "COMPILER_FLAGS=  -O2 -c -mcpu=v11.0 -mlittle-endian -mxl-soft-mul" "EXTRA_COMPILER_FLAGS=-ffunction-sections -fdata-sections -Wall -Wextra"
"Running Make include in microblaze_0/libsrc/uartlite_v3_2/src"
make -C microblaze_0/libsrc/uartlite_v3_2/src -s include  "SHELL=CMD" "COMPILER=mb-gcc" "ARCHIVER=mb-ar" "COMPILER_FLAGS=  -O2 -c -mcpu=v11.0 -mlittle-endian -mxl-soft-mul" "EXTRA_COMPILER_FLAGS=-ffunction-sections -fdata-sections -Wall -Wextra"
"Running Make libs in microblaze_0/libsrc/bram_v4_2/src"
make -C microblaze_0/libsrc/bram_v4_2/src -s libs  "SHELL=CMD" "COMPILER=mb-gcc" "ARCHIVER=mb-ar" "COMPILER_FLAGS=  -O2 -c -mcpu=v11.0 -mlittle-endian -mxl-soft-mul" "EXTRA_COMPILER_FLAGS=-ffunction-sections -fdata-sections -Wall -Wextra"
"Compiling bram"
"Running Make libs in microblaze_0/libsrc/cpu_v2_8/src"
make -C microblaze_0/libsrc/cpu_v2_8/src -s libs  "SHELL=CMD" "COMPILER=mb-gcc" "ARCHIVER=mb-ar" "COMPILER_FLAGS=  -O2 -c -mcpu=v11.0 -mlittle-endian -mxl-soft-mul" "EXTRA_COMPILER_FLAGS=-ffunction-sections -fdata-sections -Wall -Wextra"
"Compiling cpu"
"Running Make libs in microblaze_0/libsrc/gpio_v4_3/src"
make -C microblaze_0/libsrc/gpio_v4_3/src -s libs  "SHELL=CMD" "COMPILER=mb-gcc" "ARCHIVER=mb-ar" "COMPILER_FLAGS=  -O2 -c -mcpu=v11.0 -mlittle-endian -mxl-soft-mul" "EXTRA_COMPILER_FLAGS=-ffunction-sections -fdata-sections -Wall -Wextra"
"Compiling gpio"
"Running Make libs in microblaze_0/libsrc/standalone_v6_8/src"
make -C microblaze_0/libsrc/standalone_v6_8/src -s libs  "SHELL=CMD" "COMPILER=mb-gcc" "ARCHIVER=mb-ar" "COMPILER_FLAGS=  -O2 -c -mcpu=v11.0 -mlittle-endian -mxl-soft-mul" "EXTRA_COMPILER_FLAGS=-ffunction-sections -fdata-sections -Wall -Wextra"
"Compiling standalone";
microblaze_sleep.c:77:9: note: #pragma message: For the sleep routines, assembly instructions are used
 #pragma message ("For the sleep routines, assembly instructions are used")
         ^~~~~~~
"Running Make libs in microblaze_0/libsrc/uartlite_v3_2/src"
make -C microblaze_0/libsrc/uartlite_v3_2/src -s libs  "SHELL=CMD" "COMPILER=mb-gcc" "ARCHIVER=mb-ar" "COMPILER_FLAGS=  -O2 -c -mcpu=v11.0 -mlittle-endian -mxl-soft-mul" "EXTRA_COMPILER_FLAGS=-ffunction-sections -fdata-sections -Wall -Wextra"
"Compiling uartlite"
'Finished building libraries'
17:00:04 **** Build of configuration Debug for project MatrixMultiplication ****
make all 
'Building file: ../src/midtermProject.c'
'Invoking: MicroBlaze gcc compiler'
mb-gcc -Wall -O0 -g3 -c -fmessage-length=0 -MT"src/midtermProject.o" -I../../MatrixMultiplication_bsp/microblaze_0/include -mlittle-endian -mcpu=v11.0 -mxl-soft-mul -Wl,--no-relax -ffunction-sections -fdata-sections -MMD -MP -MF"src/midtermProject.d" -MT"src/midtermProject.o" -o "src/midtermProject.o" "../src/midtermProject.c"
../src/midtermProject.c: In function 'main':
../src/midtermProject.c:189:6: warning: unused variable 'MatrixC' [-Wunused-variable]
  int MatrixC[] = {XGpio_DiscreteRead(&gpio18,1), XGpio_DiscreteRead(&gpio19,1), XGpio_DiscreteRead(&gpio20,1),
      ^~~~~~~
../src/midtermProject.c: In function 'printMenu':
../src/midtermProject.c:56:1: warning: control reaches end of non-void function [-Wreturn-type]
 }
 ^
../src/midtermProject.c: In function 'printMatrixA':
../src/midtermProject.c:65:1: warning: control reaches end of non-void function [-Wreturn-type]
 }
 ^
../src/midtermProject.c: In function 'printMatrixB':
../src/midtermProject.c:74:1: warning: control reaches end of non-void function [-Wreturn-type]
 }
 ^
../src/midtermProject.c: In function 'printMatrixC':
../src/midtermProject.c:81:1: warning: control reaches end of non-void function [-Wreturn-type]
 }
 ^
'Finished building: ../src/midtermProject.c'
' '
'Building target: MatrixMultiplication.elf'
'Invoking: MicroBlaze gcc linker'
mb-gcc -Wl,-T -Wl,../src/lscript.ld -L../../MatrixMultiplication_bsp/microblaze_0/lib -mlittle-endian -mcpu=v11.0 -mxl-soft-mul -Wl,--no-relax -Wl,--gc-sections -o "MatrixMultiplication.elf"  ./src/midtermProject.o   -Wl,--start-group,-lxil,-lgcc,-lc,--end-group
'Finished building target: MatrixMultiplication.elf'
' '
'Invoking: MicroBlaze Print Size'
mb-size MatrixMultiplication.elf  |tee "MatrixMultiplication.elf.size"
   text	   data	    bss	    dec	    hex	filename
  13652	    708	   3120	  17480	   4448	MatrixMultiplication.elf
'Finished building: MatrixMultiplication.elf.size'
' '
17:02:22 **** Incremental Build of configuration Debug for project MatrixMultiplication ****
make all 
make: Nothing to be done for 'all'.
