#-----------------------------------------------------------
# Vivado v2018.3 (64-bit)
# SW Build 2405991 on Thu Dec  6 23:38:27 MST 2018
# IP Build 2404404 on Fri Dec  7 01:43:56 MST 2018
# Start of session at: Fri Jun 11 12:40:00 2021
# Process ID: 17160
# Current directory: C:/Users/KuldeepGohil/Desktop/Spring2021/CECS460/finalProjectHDMIPong
# Command line: vivado.exe -gui_launcher_event rodinguilauncherevent3632 C:\Users\KuldeepGohil\Desktop\Spring2021\CECS460\finalProjectHDMIPong\finalProjectHDMIPong.xpr
# Log file: C:/Users/KuldeepGohil/Desktop/Spring2021/CECS460/finalProjectHDMIPong/vivado.log
# Journal file: C:/Users/KuldeepGohil/Desktop/Spring2021/CECS460/finalProjectHDMIPong\vivado.jou
#-----------------------------------------------------------
start_gui
open_project C:/Users/KuldeepGohil/Desktop/Spring2021/CECS460/finalProjectHDMIPong/finalProjectHDMIPong.xpr
update_compile_order -fileset sources_1
open_bd_design {C:/Users/KuldeepGohil/Desktop/Spring2021/CECS460/finalProjectHDMIPong/finalProjectHDMIPong.srcs/sources_1/bd/system/system.bd}
